Component: ARM Compiler 5.06 update 6 (build 750) Tool: armlink [4d35ed]

==============================================================================

Section Cross References

    main.o(i.main) refers to system.o(i.SysInit) for SysInit
    main.o(i.main) refers to task.o(i.task_run) for task_run
    startup_ht32f5xxxx_01.o(RESET) refers to startup_ht32f5xxxx_01.o(STACK) for __initial_sp
    startup_ht32f5xxxx_01.o(RESET) refers to ht32f5xxxx_01_it.o(i.NMI_Handler) for NMI_Handler
    startup_ht32f5xxxx_01.o(RESET) refers to ht32f5xxxx_01_it.o(i.HardFault_Handler) for HardFault_Handler
    startup_ht32f5xxxx_01.o(RESET) refers to ht32f5xxxx_01_it.o(i.SVC_Handler) for SVC_Handler
    startup_ht32f5xxxx_01.o(RESET) refers to ht32f5xxxx_01_it.o(i.PendSV_Handler) for PendSV_Handler
    startup_ht32f5xxxx_01.o(RESET) refers to bsp_systick.o(i.SysTick_Handler) for SysTick_Handler
    startup_ht32f5xxxx_01.o(RESET) refers to bsp_gptm.o(i.GPTM0_IRQHandler) for GPTM0_IRQHandler
    startup_ht32f5xxxx_01.o(RESET) refers to bsp_bftm.o(i.BFTM0_IRQHandler) for BFTM0_IRQHandler
    startup_ht32f5xxxx_01.o(RESET) refers to bsp_usart0.o(i.USART0_IRQHandler) for USART0_IRQHandler
    startup_ht32f5xxxx_01.o(RESET) refers to usart1.o(i.USART1_IRQHandler) for USART1_IRQHandler
    startup_ht32f5xxxx_01.o(RESET) refers to uart0.o(i.UART0_IRQHandler) for UART0_IRQHandler
    startup_ht32f5xxxx_01.o(RESET) refers to bsp_uart1.o(i.UART1_IRQHandler) for UART1_IRQHandler
    startup_ht32f5xxxx_01.o(RESET) refers to bsp_usart0.o(i.PDMA_CH0_1_IRQHandler) for PDMA_CH0_1_IRQHandler
    startup_ht32f5xxxx_01.o(RESET) refers to system_ht32f5xxxx_01.o(i.SystemInit) for SystemInit
    startup_ht32f5xxxx_01.o(RESET) refers to entry.o(.ARM.Collect$$$$00000000) for __main
    system_ht32f5xxxx_01.o(i.SystemCoreClockUpdate) refers to system_ht32f5xxxx_01.o(.data) for .data
    ht32_cm0plus_misc.o(i.DIV32_Init) refers to ht32_cm0plus_misc.o(.data) for .data
    ht32_cm0plus_misc.o(i.Rand_Init) refers to ht32_cm0plus_misc.o(.constdata) for .constdata
    ht32_cm0plus_misc.o(i.Rand_Init) refers to ht32_cm0plus_misc.o(.data) for .data
    ht32f5xxxx_adc.o(i.ADC_DeInit) refers to ht32f5xxxx_rstcu.o(i.RSTCU_PeripReset) for RSTCU_PeripReset
    ht32f5xxxx_bftm.o(i.BFTM_DeInit) refers to ht32f5xxxx_rstcu.o(i.RSTCU_PeripReset) for RSTCU_PeripReset
    ht32f5xxxx_ckcu.o(i.CKCU_DeInit) refers to ht32f5xxxx_ckcu.o(i.CKCU_HSICmd) for CKCU_HSICmd
    ht32f5xxxx_ckcu.o(i.CKCU_DeInit) refers to ht32f5xxxx_ckcu.o(i.CKCU_GetClockReadyStatus) for CKCU_GetClockReadyStatus
    ht32f5xxxx_ckcu.o(i.CKCU_DeInit) refers to ht32f5xxxx_ckcu.o(i.CKCU_SysClockConfig) for CKCU_SysClockConfig
    ht32f5xxxx_ckcu.o(i.CKCU_GetClocksFrequency) refers to ht32f5xxxx_ckcu.o(i.CKCU_GetPLLFrequency) for CKCU_GetPLLFrequency
    ht32f5xxxx_ckcu.o(i.CKCU_GetClocksFrequency) refers to ht32f5xxxx_ckcu.o(i.__ARM_common_switch8) for __ARM_common_switch8
    ht32f5xxxx_ckcu.o(i.CKCU_GetClocksFrequency) refers to uidiv.o(.text) for __aeabi_uidivmod
    ht32f5xxxx_ckcu.o(i.CKCU_GetPeripFrequency) refers to ht32f5xxxx_ckcu.o(i.CKCU_GetClocksFrequency) for CKCU_GetClocksFrequency
    ht32f5xxxx_ckcu.o(i.CKCU_SysClockConfig) refers to ht32f5xxxx_ckcu.o(i.CKCU_GetSysClockSource) for CKCU_GetSysClockSource
    ht32f5xxxx_ckcu.o(i.CKCU_WaitHSEReady) refers to ht32f5xxxx_ckcu.o(i.CKCU_GetClockReadyStatus) for CKCU_GetClockReadyStatus
    ht32f5xxxx_cmp.o(i.CMP_DeInit) refers to ht32f5xxxx_rstcu.o(i.RSTCU_PeripReset) for RSTCU_PeripReset
    ht32f5xxxx_crc.o(i.CRC_DeInit) refers to ht32f5xxxx_rstcu.o(i.RSTCU_PeripReset) for RSTCU_PeripReset
    ht32f5xxxx_ebi.o(i.EBI_DeInit) refers to ht32f5xxxx_rstcu.o(i.RSTCU_PeripReset) for RSTCU_PeripReset
    ht32f5xxxx_flash.o(i.FLASH_EraseOptionByte) refers to ht32f5xxxx_flash.o(i.FLASH_ErasePage) for FLASH_ErasePage
    ht32f5xxxx_flash.o(i.FLASH_ErasePage) refers to ht32f5xxxx_flash.o(i.FLASH_WaitForOperationEnd) for FLASH_WaitForOperationEnd
    ht32f5xxxx_flash.o(i.FLASH_MassErase) refers to ht32f5xxxx_flash.o(i.FLASH_WaitForOperationEnd) for FLASH_WaitForOperationEnd
    ht32f5xxxx_flash.o(i.FLASH_ProgramOptionByte) refers to ht32f5xxxx_flash.o(i.FLASH_ProgramWordData) for FLASH_ProgramWordData
    ht32f5xxxx_flash.o(i.FLASH_ProgramWordData) refers to ht32f5xxxx_flash.o(i.FLASH_WaitForOperationEnd) for FLASH_WaitForOperationEnd
    ht32f5xxxx_gpio.o(i.AFIO_DeInit) refers to ht32f5xxxx_rstcu.o(i.RSTCU_PeripReset) for RSTCU_PeripReset
    ht32f5xxxx_gpio.o(i.GPIO_DeInit) refers to ht32f5xxxx_rstcu.o(i.RSTCU_PeripReset) for RSTCU_PeripReset
    ht32f5xxxx_gpio.o(i.GPIO_DisableDebugPort) refers to ht32f5xxxx_ckcu.o(i.CKCU_PeripClockConfig) for CKCU_PeripClockConfig
    ht32f5xxxx_gpio.o(i.GPIO_DisableDebugPort) refers to ht32f5xxxx_gpio.o(i.AFIO_GPxConfig) for AFIO_GPxConfig
    ht32f5xxxx_gpio.o(i.GPIO_DisableDebugPort) refers to ht32f5xxxx_gpio.o(i.GPIO_PullResistorConfig) for GPIO_PullResistorConfig
[...]
    ..\Libraries\HT32F5xxxx_Driver\src\ht32f5xxxx_gpio.c 0x00000000   Number         0  ht32f5xxxx_gpio.o ABSOLUTE
    ..\Libraries\HT32F5xxxx_Driver\src\ht32f5xxxx_i2c.c 0x00000000   Number         0  ht32f5xxxx_i2c.o ABSOLUTE
    ..\Libraries\HT32F5xxxx_Driver\src\ht32f5xxxx_i2s.c 0x00000000   Number         0  ht32f5xxxx_i2s.o ABSOLUTE
    ..\Libraries\HT32F5xxxx_Driver\src\ht32f5xxxx_mctm.c 0x00000000   Number         0  ht32f5xxxx_mctm.o ABSOLUTE
    ..\Libraries\HT32F5xxxx_Driver\src\ht32f5xxxx_pdma.c 0x00000000   Number         0  ht32f5xxxx_pdma.o ABSOLUTE
    ..\Libraries\HT32F5xxxx_Driver\src\ht32f5xxxx_pwrcu.c 0x00000000   Number         0  ht32f5xxxx_pwrcu.o ABSOLUTE
    ..\Libraries\HT32F5xxxx_Driver\src\ht32f5xxxx_rstcu.c 0x00000000   Number         0  ht32f5xxxx_rstcu.o ABSOLUTE
    ..\Libraries\HT32F5xxxx_Driver\src\ht32f5xxxx_rtc.c 0x00000000   Number         0  ht32f5xxxx_rtc.o ABSOLUTE
    ..\Libraries\HT32F5xxxx_Driver\src\ht32f5xxxx_sci.c 0x00000000   Number         0  ht32f5xxxx_sci.o ABSOLUTE
    ..\Libraries\HT32F5xxxx_Driver\src\ht32f5xxxx_spi.c 0x00000000   Number         0  ht32f5xxxx_spi.o ABSOLUTE
    ..\Libraries\HT32F5xxxx_Driver\src\ht32f5xxxx_tm.c 0x00000000   Number         0  ht32f5xxxx_tm.o ABSOLUTE
    ..\Libraries\HT32F5xxxx_Driver\src\ht32f5xxxx_usart.c 0x00000000   Number         0  ht32f5xxxx_usart.o ABSOLUTE
    ..\Libraries\HT32F5xxxx_Driver\src\ht32f5xxxx_usbd.c 0x00000000   Number         0  ht32f5xxxx_usbd.o ABSOLUTE
    ..\Libraries\HT32F5xxxx_Driver\src\ht32f5xxxx_wdt.c 0x00000000   Number         0  ht32f5xxxx_wdt.o ABSOLUTE
    ..\Source\App\task.c                     0x00000000   Number         0  task.o ABSOLUTE
    ..\Source\Dev\HMAC\scr\utils_hmac.c      0x00000000   Number         0  utils_hmac.o ABSOLUTE
    ..\Source\Dev\HMAC\scr\utils_md5.c       0x00000000   Number         0  utils_md5.o ABSOLUTE
    ..\Source\Dev\HMAC\scr\utils_sha1.c      0x00000000   Number         0  utils_sha1.o ABSOLUTE
    ..\Source\Dev\INA226.c                   0x00000000   Number         0  ina226.o ABSOLUTE
    ..\Source\Dev\INA226_IIC.c               0x00000000   Number         0  ina226_iic.o ABSOLUTE
    ..\Source\Dev\MySPI.c                    0x00000000   Number         0  myspi.o ABSOLUTE
    ..\Source\Dev\USART1.c                   0x00000000   Number         0  usart1.o ABSOLUTE
    ..\Source\Dev\W25Q64.c                   0x00000000   Number         0  w25q64.o ABSOLUTE
    ..\Source\Dev\bsp_BFTM.c                 0x00000000   Number         0  bsp_bftm.o ABSOLUTE
    ..\Source\Dev\bsp_GPTM.c                 0x00000000   Number         0  bsp_gptm.o ABSOLUTE
    ..\Source\Dev\bsp_MCTM.c                 0x00000000   Number         0  bsp_mctm.o ABSOLUTE
    ..\Source\Dev\bsp_SysTick.c              0x00000000   Number         0  bsp_systick.o ABSOLUTE
    ..\Source\Dev\bsp_i2c.c                  0x00000000   Number         0  bsp_i2c.o ABSOLUTE
    ..\Source\Dev\bsp_pwm.c                  0x00000000   Number         0  bsp_pwm.o ABSOLUTE
    ..\Source\Dev\bsp_spi.c                  0x00000000   Number         0  bsp_spi.o ABSOLUTE
    ..\Source\Dev\bsp_uart1.c                0x00000000   Number         0  bsp_uart1.o ABSOLUTE
    ..\Source\Dev\bsp_usart0.c               0x00000000   Number         0  bsp_usart0.o ABSOLUTE
    ..\Source\Dev\bsp_wifi.c                 0x00000000   Number         0  bsp_wifi.o ABSOLUTE
    ..\Source\Dev\iic.c                      0x00000000   Number         0  iic.o ABSOLUTE
    ..\Source\Dev\mqtt.c                     0x00000000   Number         0  mqtt.o ABSOLUTE
    ..\Source\Dev\source.c                   0x00000000   Number         0  source.o ABSOLUTE
    ..\Source\Dev\system.c                   0x00000000   Number         0  system.o ABSOLUTE
    ..\Source\Main\ht32_op.s                 0x00000000   Number         0  ht32_op.o ABSOLUTE
    ..\Source\Main\ht32f5xxxx_01_it.c        0x00000000   Number         0  ht32f5xxxx_01_it.o ABSOLUTE
    ..\Source\Main\main.c                    0x00000000   Number         0  main.o ABSOLUTE
    ..\Source\Main\startup_ht32f5xxxx_01.s   0x00000000   Number         0  startup_ht32f5xxxx_01.o ABSOLUTE
    ..\Source\Main\system_ht32f5xxxx_01.c    0x00000000   Number         0  system_ht32f5xxxx_01.o ABSOLUTE
    ..\Source\Packages\MultiTimer-master\multi_timer.c 0x00000000   Number         0  multi_timer.o ABSOLUTE
    ..\Source\Packages\RingBuffer\ringbuffer.c 0x00000000   Number         0  ringbuffer.o ABSOLUTE
    ..\Source\Utilities\ht32_board.c         0x00000000   Number         0  ht32_board.o ABSOLUTE
    ..\Source\device\UART0.c                 0x00000000   Number         0  uart0.o ABSOLUTE
    ..\\Libraries\\HT32F5xxxx_Driver\\src\\ht32_cm0plus_misc.c 0x00000000   Number         0  ht32_cm0plus_misc.o ABSOLUTE
    ..\\Libraries\\HT32F5xxxx_Driver\\src\\ht32_retarget.c 0x00000000   Number         0  ht32_retarget.o ABSOLUTE
    ..\\Libraries\\HT32F5xxxx_Driver\\src\\ht32_serial.c 0x00000000   Number         0  ht32_serial.o ABSOLUTE
    ..\\Libraries\\HT32F5xxxx_Driver\\src\\ht32f5xxxx_adc.c 0x00000000   Number         0  ht32f5xxxx_adc.o ABSOLUTE
    ..\\Libraries\\HT32F5xxxx_Driver\\src\\ht32f5xxxx_bftm.c 0x00000000   Number         0  ht32f5xxxx_bftm.o ABSOLUTE
    ..\\Libraries\\HT32F5xxxx_Driver\\src\\ht32f5xxxx_ckcu.c 0x00000000   Number         0  ht32f5xxxx_ckcu.o ABSOLUTE
    ..\\Libraries\\HT32F5xxxx_Driver\\src\\ht32f5xxxx_cmp.c 0x00000000   Number         0  ht32f5xxxx_cmp.o ABSOLUTE
    ..\\Libraries\\HT32F5xxxx_Driver\\src\\ht32f5xxxx_crc.c 0x00000000   Number         0  ht32f5xxxx_crc.o ABSOLUTE
    ..\\Libraries\\HT32F5xxxx_Driver\\src\\ht32f5xxxx_ebi.c 0x00000000   Number         0  ht32f5xxxx_ebi.o ABSOLUTE
    ..\\Libraries\\HT32F5xxxx_Driver\\src\\ht32f5xxxx_exti.c 0x00000000   Number         0  ht32f5xxxx_exti.o ABSOLUTE
    ..\\Libraries\\HT32F5xxxx_Driver\\src\\ht32f5xxxx_flash.c 0x00000000   Number         0  ht32f5xxxx_flash.o ABSOLUTE
    ..\\Libraries\\HT32F5xxxx_Driver\\src\\ht32f5xxxx_gpio.c 0x00000000   Number         0  ht32f5xxxx_gpio.o ABSOLUTE
    ..\\Libraries\\HT32F5xxxx_Driver\\src\\ht32f5xxxx_i2c.c 0x00000000   Number         0  ht32f5xxxx_i2c.o ABSOLUTE
    ..\\Libraries\\HT32F5xxxx_Driver\\src\\ht32f5xxxx_i2s.c 0x00000000   Number         0  ht32f5xxxx_i2s.o ABSOLUTE
    ..\\Libraries\\HT32F5xxxx_Driver\\src\\ht32f5xxxx_mctm.c 0x00000000   Number         0  ht32f5xxxx_mctm.o ABSOLUTE
    ..\\Libraries\\HT32F5xxxx_Driver\\src\\ht32f5xxxx_pdma.c 0x00000000   Number         0  ht32f5xxxx_pdma.o ABSOLUTE
    ..\\Libraries\\HT32F5xxxx_Driver\\src\\ht32f5xxxx_pwrcu.c 0x00000000   Number         0  ht32f5xxxx_pwrcu.o ABSOLUTE
    ..\\Libraries\\HT32F5xxxx_Driver\\src\\ht32f5xxxx_rstcu.c 0x00000000   Number         0  ht32f5xxxx_rstcu.o ABSOLUTE
    ..\\Libraries\\HT32F5xxxx_Driver\\src\\ht32f5xxxx_rtc.c 0x00000000   Number         0  ht32f5xxxx_rtc.o ABSOLUTE
    ..\\Libraries\\HT32F5xxxx_Driver\\src\\ht32f5xxxx_sci.c 0x00000000   Number         0  ht32f5xxxx_sci.o ABSOLUTE
    ..\\Libraries\\HT32F5xxxx_Driver\\src\\ht32f5xxxx_spi.c 0x00000000   Number         0  ht32f5xxxx_spi.o ABSOLUTE
    ..\\Libraries\\HT32F5xxxx_Driver\\src\\ht32f5xxxx_tm.c 0x00000000   Number         0  ht32f5xxxx_tm.o ABSOLUTE
    ..\\Libraries\\HT32F5xxxx_Driver\\src\\ht32f5xxxx_usart.c 0x00000000   Number         0  ht32f5xxxx_usart.o ABSOLUTE
    ..\\Libraries\\HT32F5xxxx_Driver\\src\\ht32f5xxxx_usbd.c 0x00000000   Number         0  ht32f5xxxx_usbd.o ABSOLUTE
    ..\\Libraries\\HT32F5xxxx_Driver\\src\\ht32f5xxxx_wdt.c 0x00000000   Number         0  ht32f5xxxx_wdt.o ABSOLUTE
    ..\\Source\\App\\task.c                  0x00000000   Number         0  task.o ABSOLUTE
    ..\\Source\\Dev\\INA226.c                0x00000000   Number         0  ina226.o ABSOLUTE
    ..\\Source\\Dev\\INA226_IIC.c            0x00000000   Number         0  ina226_iic.o ABSOLUTE
    ..\\Source\\Dev\\MySPI.c                 0x00000000   Number         0  myspi.o ABSOLUTE
    ..\\Source\\Dev\\USART1.c                0x00000000   Number         0  usart1.o ABSOLUTE
    ..\\Source\\Dev\\W25Q64.c                0x00000000   Number         0  w25q64.o ABSOLUTE
    ..\\Source\\Dev\\bsp_BFTM.c              0x00000000   Number         0  bsp_bftm.o ABSOLUTE
    ..\\Source\\Dev\\bsp_GPTM.c              0x00000000   Number         0  bsp_gptm.o ABSOLUTE
    ..\\Source\\Dev\\bsp_MCTM.c              0x00000000   Number         0  bsp_mctm.o ABSOLUTE
    ..\\Source\\Dev\\bsp_SysTick.c           0x00000000   Number         0  bsp_systick.o ABSOLUTE
    ..\\Source\\Dev\\bsp_i2c.c               0x00000000   Number         0  bsp_i2c.o ABSOLUTE
    ..\\Source\\Dev\\bsp_pwm.c               0x00000000   Number         0  bsp_pwm.o ABSOLUTE
    ..\\Source\\Dev\\bsp_spi.c               0x00000000   Number         0  bsp_spi.o ABSOLUTE
    ..\\Source\\Dev\\bsp_uart1.c             0x00000000   Number         0  bsp_uart1.o ABSOLUTE
    ..\\Source\\Dev\\bsp_usart0.c            0x00000000   Number         0  bsp_usart0.o ABSOLUTE
    ..\\Source\\Dev\\bsp_wifi.c              0x00000000   Number         0  bsp_wifi.o ABSOLUTE
    ..\\Source\\Dev\\iic.c                   0x00000000   Number         0  iic.o ABSOLUTE
    ..\\Source\\Dev\\mqtt.c                  0x00000000   Number         0  mqtt.o ABSOLUTE
    ..\\Source\\Dev\\source.c                0x00000000   Number         0  source.o ABSOLUTE
    ..\\Source\\Dev\\system.c                0x00000000   Number         0  system.o ABSOLUTE
    ..\\Source\\Main\\ht32f5xxxx_01_it.c     0x00000000   Number         0  ht32f5xxxx_01_it.o ABSOLUTE
    ..\\Source\\Main\\main.c                 0x00000000   Number         0  main.o ABSOLUTE
    ..\\Source\\Main\\system_ht32f5xxxx_01.c 0x00000000   Number         0  system_ht32f5xxxx_01.o ABSOLUTE
    ..\\Source\\Packages\\MultiTimer-master\\multi_timer.c 0x00000000   Number         0  multi_timer.o ABSOLUTE
    ..\\Source\\Packages\\RingBuffer\\ringbuffer.c 0x00000000   Number         0  ringbuffer.o ABSOLUTE
    ..\\Source\\Utilities\\ht32_board.c      0x00000000   Number         0  ht32_board.o ABSOLUTE
    ..\\Source\\device\\UART0.c              0x00000000   Number         0  uart0.o ABSOLUTE
    cdrcmple.s                               0x00000000   Number         0  cdrcmple.o ABSOLUTE
    dc.s                                     0x00000000   Number         0  dc.o ABSOLUTE
    handlers.s                               0x00000000   Number         0  handlers.o ABSOLUTE
    init.s                                   0x00000000   Number         0  init.o ABSOLUTE
    BootProcess                              0x000000cd   Thumb Code    44  startup_ht32f5xxxx_01.o(RESET)
    .ARM.Collect$$$$00000000                 0x0000011c   Section        0  entry.o(.ARM.Collect$$$$00000000)
    .ARM.Collect$$$$00000001                 0x0000011c   Section        4  entry2.o(.ARM.Collect$$$$00000001)
    .ARM.Collect$$$$00000004                 0x00000120   Section        4  entry5.o(.ARM.Collect$$$$00000004)
    .ARM.Collect$$$$00000008                 0x00000124   Section        0  entry7b.o(.ARM.Collect$$$$00000008)
    .ARM.Collect$$$$0000000A                 0x00000124   Section        0  entry8b.o(.ARM.Collect$$$$0000000A)
    .ARM.Collect$$$$0000000B                 0x00000124   Section        8  entry9a.o(.ARM.Collect$$$$0000000B)
    .ARM.Collect$$$$0000000D                 0x0000012c   Section        0  entry10a.o(.ARM.Collect$$$$0000000D)
    .ARM.Collect$$$$0000000F                 0x0000012c   Section        0  entry11a.o(.ARM.Collect$$$$0000000F)
    .ARM.Collect$$$$00002712                 0x0000012c   Section        4  entry2.o(.ARM.Collect$$$$00002712)
    __lit__00000000                          0x0000012c   Data           4  entry2.o(.ARM.Collect$$$$00002712)
    .text                                    0x00000130   Section        0  uidiv.o(.text)
    .text                                    0x0000015c   Section        0  memcpya.o(.text)
    .text                                    0x00000180   Section        0  strstr.o(.text)
    .text                                    0x000001a8   Section        0  __0sscanf.o(.text)
    .text                                    0x000001e4   Section        0  _scanf_str.o(.text)
    .text                                    0x000002cc   Section        0  atoi.o(.text)
    .text                                    0x000002e6   Section        0  fadd.o(.text)
    .text                                    0x00000398   Section        0  fmul.o(.text)
    .text                                    0x00000412   Section        0  fflti.o(.text)
    .text                                    0x00000428   Section        0  ffltui.o(.text)
    .text                                    0x00000436   Section        0  ffixi.o(.text)
    .text                                    0x00000468   Section        0  uldiv.o(.text)
    .text                                    0x000004c8   Section        0  llushr.o(.text)
    .text                                    0x000004ec   Section        0  scanf_char.o(.text)
    _scanf_char_input                        0x000004ed   Thumb Code    12  scanf_char.o(.text)
    .text                                    0x00000518   Section        0  _sgetc.o(.text)
    .text                                    0x0000055c   Section        0  strtol.o(.text)
    .text                                    0x000005cc   Section        0  fepilogue.o(.text)
    .text                                    0x000005cc   Section        0  iusefp.o(.text)
    .text                                    0x00000650   Section        0  dadd.o(.text)
    .text                                    0x000007b4   Section        0  dmul.o(.text)
    .text                                    0x00000884   Section        0  ddiv.o(.text)
    .text                                    0x00000974   Section        0  dfixul.o(.text)
    .text                                    0x000009b4   Section       40  cdrcmple.o(.text)
    .text                                    0x000009dc   Section       36  init.o(.text)
    .text                                    0x00000a00   Section        0  llshl.o(.text)
    .text                                    0x00000a20   Section        0  llsshr.o(.text)
    .text                                    0x00000a48   Section        0  ctype_o.o(.text)
    .text                                    0x00000a50   Section        0  isspace_o.o(.text)
    .text                                    0x00000a64   Section        0  _scanf.o(.text)
    .text                                    0x00000d9c   Section        0  _strtoul.o(.text)
    .text                                    0x00000e42   Section        0  depilogue.o(.text)
    .text                                    0x00000f00   Section        0  _chval.o(.text)
    i.AFIO_GPxConfig                         0x00000f20   Section        0  ht32f5xxxx_gpio.o(i.AFIO_GPxConfig)
    i.BFTM0_IRQHandler                       0x00000f74   Section        0  bsp_bftm.o(i.BFTM0_IRQHandler)
    i.BFTM_ClearFlag                         0x00000fc8   Section        0  ht32f5xxxx_bftm.o(i.BFTM_ClearFlag)
    i.BFTM_EnaCmd                            0x00000fd6   Section        0  ht32f5xxxx_bftm.o(i.BFTM_EnaCmd)
    i.BFTM_GetFlagStatus                     0x00000fe8   Section        0  ht32f5xxxx_bftm.o(i.BFTM_GetFlagStatus)
    i.BFTM_IntConfig                         0x00000ff2   Section        0  ht32f5xxxx_bftm.o(i.BFTM_IntConfig)
    i.BFTM_SetCompare                        0x00001006   Section        0  ht32f5xxxx_bftm.o(i.BFTM_SetCompare)
    i.BFTM_SetCounter                        0x0000100a   Section        0  ht32f5xxxx_bftm.o(i.BFTM_SetCounter)
    i.BF_TIM_2s_int                          0x00001010   Section        0  bsp_bftm.o(i.BF_TIM_2s_int)
    i.CKCU_GetClocksFrequency                0x00001064   Section        0  ht32f5xxxx_ckcu.o(i.CKCU_GetClocksFrequency)
    i.CKCU_GetPLLFrequency                   0x000010d0   Section        0  ht32f5xxxx_ckcu.o(i.CKCU_GetPLLFrequency)
    i.CKCU_GetPeripFrequency                 0x0000110c   Section        0  ht32f5xxxx_ckcu.o(i.CKCU_GetPeripFrequency)
    i.CKCU_PeripClockConfig                  0x00001140   Section        0  ht32f5xxxx_ckcu.o(i.CKCU_PeripClockConfig)
    i.CKCU_SetPeripPrescaler                 0x00001168   Section        0  ht32f5xxxx_ckcu.o(i.CKCU_SetPeripPrescaler)
    i.CaptureProcess                         0x00001190   Section        0  bsp_gptm.o(i.CaptureProcess)
    i.GPIO_ClearOutBits                      0x000011d2   Section        0  ht32f5xxxx_gpio.o(i.GPIO_ClearOutBits)
    i.GPIO_DirectionConfig                   0x000011d6   Section        0  ht32f5xxxx_gpio.o(i.GPIO_DirectionConfig)
    i.GPIO_DriveConfig                       0x000011e6   Section        0  ht32f5xxxx_gpio.o(i.GPIO_DriveConfig)
    i.GPIO_InputConfig                       0x0000121a   Section        0  ht32f5xxxx_gpio.o(i.GPIO_InputConfig)
    i.GPIO_OpenDrainConfig                   0x0000122a   Section        0  ht32f5xxxx_gpio.o(i.GPIO_OpenDrainConfig)
    i.GPIO_PullResistorConfig                0x0000123a   Section        0  ht32f5xxxx_gpio.o(i.GPIO_PullResistorConfig)
    i.GPIO_ReadInBit                         0x00001264   Section        0  ht32f5xxxx_gpio.o(i.GPIO_ReadInBit)
    i.GPIO_SetOutBits                        0x0000126e   Section        0  ht32f5xxxx_gpio.o(i.GPIO_SetOutBits)
    i.GPIO_WriteOutBits                      0x00001272   Section        0  ht32f5xxxx_gpio.o(i.GPIO_WriteOutBits)
    i.GPTM0_IRQHandler                       0x00001280   Section        0  bsp_gptm.o(i.GPTM0_IRQHandler)
    i.HardFault_Handler                      0x000012f4   Section        0  ht32f5xxxx_01_it.o(i.HardFault_Handler)
    i.I2C_GPIO_Config                        0x000012f8   Section        0  iic.o(i.I2C_GPIO_Config)
    I2C_GPIO_Config                          0x000012f9   Thumb Code   106  iic.o(i.I2C_GPIO_Config)
    i.I2C_Initia                             0x00001368   Section        0  iic.o(i.I2C_Initia)
    i.I2C_ReadByte                           0x00001380   Section        0  iic.o(i.I2C_ReadByte)
    i.I2C_SendByte                           0x000013f0   Section        0  iic.o(i.I2C_SendByte)
    i.I2C_Start                              0x00001458   Section        0  iic.o(i.I2C_Start)
    i.I2C_Stop                               0x000014a0   Section        0  iic.o(i.I2C_Stop)
    i.I2C_WaitAck                            0x000014d4   Section        0  iic.o(i.I2C_WaitAck)
    i.INA226_I2C_Ack                         0x00001530   Section        0  ina226_iic.o(i.INA226_I2C_Ack)
    i.INA226_I2C_GPIO_Config                 0x00001578   Section        0  ina226_iic.o(i.INA226_I2C_GPIO_Config)
    INA226_I2C_GPIO_Config                   0x00001579   Thumb Code   108  ina226_iic.o(i.INA226_I2C_GPIO_Config)
    i.INA226_I2C_Initia                      0x000015e8   Section        0  ina226_iic.o(i.INA226_I2C_Initia)
    i.INA226_I2C_ReadByte                    0x00001600   Section        0  ina226_iic.o(i.INA226_I2C_ReadByte)
    i.INA226_I2C_SendByte                    0x00001674   Section        0  ina226_iic.o(i.INA226_I2C_SendByte)
    i.INA226_I2C_Start                       0x000016dc   Section        0  ina226_iic.o(i.INA226_I2C_Start)
    i.INA226_I2C_Stop                        0x00001724   Section        0  ina226_iic.o(i.INA226_I2C_Stop)
    i.INA226_I2C_WaitAck                     0x00001758   Section        0  ina226_iic.o(i.INA226_I2C_WaitAck)
    i.INA226_Init                            0x000017b8   Section        0  ina226.o(i.INA226_Init)
    i.INA226_ReadData                        0x000017e4   Section        0  ina226_iic.o(i.INA226_ReadData)
    i.INA226_SendData                        0x0000182e   Section        0  ina226.o(i.INA226_SendData)
    i.INA226_task_timer_callback             0x00001868   Section        0  task.o(i.INA226_task_timer_callback)
    i.MQTT_PingREQ                           0x00001930   Section        0  mqtt.o(i.MQTT_PingREQ)
    i.MySPI_W_SCK                            0x00001948   Section        0  myspi.o(i.MySPI_W_SCK)
    i.MySPI_W_SS                             0x0000195c   Section        0  myspi.o(i.MySPI_W_SS)
    i.MySPI_init                             0x00001970   Section        0  myspi.o(i.MySPI_init)
    i.NMI_Handler                            0x000019fc   Section        0  ht32f5xxxx_01_it.o(i.NMI_Handler)
    i.PDMA_CH0_1_IRQHandler                  0x00001a00   Section        0  bsp_usart0.o(i.PDMA_CH0_1_IRQHandler)
    i.PDMA_ClearFlag                         0x00001a2c   Section        0  ht32f5xxxx_pdma.o(i.PDMA_ClearFlag)
    i.PDMA_GetFlagStatus                     0x00001a44   Section        0  ht32f5xxxx_pdma.o(i.PDMA_GetFlagStatus)
    i.PendSV_Handler                         0x00001a60   Section        0  ht32f5xxxx_01_it.o(i.PendSV_Handler)
    i.SVC_Handler                            0x00001a62   Section        0  ht32f5xxxx_01_it.o(i.SVC_Handler)
    i.SYSTICK_ClockSourceConfig              0x00001a64   Section        0  ht32_cm0plus_misc.o(i.SYSTICK_ClockSourceConfig)
    i.SYSTICK_CounterCmd                     0x00001a7c   Section        0  ht32_cm0plus_misc.o(i.SYSTICK_CounterCmd)
    i.SYSTICK_IntConfig                      0x00001aa0   Section        0  ht32_cm0plus_misc.o(i.SYSTICK_IntConfig)
    i.SYSTICK_SetReloadValue                 0x00001ab8   Section        0  ht32_cm0plus_misc.o(i.SYSTICK_SetReloadValue)
    i.SourceReadByte                         0x00001ac4   Section        0  source.o(i.SourceReadByte)
    i.SourceWriteByte                        0x00001af2   Section        0  source.o(i.SourceWriteByte)
    i.SysInit                                0x00001b2c   Section        0  system.o(i.SysInit)
    i.SysTickDelayUs                         0x00001b68   Section        0  bsp_systick.o(i.SysTickDelayUs)
    i.SysTickInit                            0x00001b9c   Section        0  bsp_systick.o(i.SysTickInit)
    i.SysTick_Handler                        0x00001be4   Section        0  bsp_systick.o(i.SysTick_Handler)
    i.SystemInit                             0x00001c14   Section        0  system_ht32f5xxxx_01.o(i.SystemInit)
    i.TM_ChPolarityConfig                    0x00001cfc   Section        0  ht32f5xxxx_tm.o(i.TM_ChPolarityConfig)
    i.TM_GetCaptureCompare1                  0x00001d10   Section        0  ht32f5xxxx_tm.o(i.TM_GetCaptureCompare1)
    i.TxDataBuf_Deal                         0x00001d18   Section        0  mqtt.o(i.TxDataBuf_Deal)
    i.UART0_IRQHandler                       0x00001d54   Section        0  uart0.o(i.UART0_IRQHandler)
    i.UART0_printf                           0x00001da0   Section        0  uart0.o(i.UART0_printf)
    i.UART1_IRQHandler                       0x00001dc0   Section        0  bsp_uart1.o(i.UART1_IRQHandler)
    i.USART0_IRQHandler                      0x00001e0c   Section        0  bsp_usart0.o(i.USART0_IRQHandler)
    i.USART1_IRQHandler                      0x00001e4c   Section        0  usart1.o(i.USART1_IRQHandler)
    i.USART_ClearFlag                        0x00001e98   Section        0  ht32f5xxxx_usart.o(i.USART_ClearFlag)
    i.USART_GetFlagStatus                    0x00001ea0   Section        0  ht32f5xxxx_usart.o(i.USART_GetFlagStatus)
    i.USART_Init                             0x00001eac   Section        0  ht32f5xxxx_usart.o(i.USART_Init)
    i.USART_IntConfig                        0x00001f1c   Section        0  ht32f5xxxx_usart.o(i.USART_IntConfig)
    i.USART_PDMACmd                          0x00001f2c   Section        0  ht32f5xxxx_usart.o(i.USART_PDMACmd)
    i.USART_ReceiveData                      0x00001f3c   Section        0  ht32f5xxxx_usart.o(i.USART_ReceiveData)
    i.USART_SendData                         0x00001f42   Section        0  ht32f5xxxx_usart.o(i.USART_SendData)
    i.USART_TxRxCmd                          0x00001f46   Section        0  ht32f5xxxx_usart.o(i.USART_TxRxCmd)
    i.Uart0_Init                             0x00001f5c   Section        0  uart0.o(i.Uart0_Init)
    i.Uart0_RecProcess                       0x00001fdc   Section        0  uart0.o(i.Uart0_RecProcess)
    i.Uart0_SendSring                        0x00002018   Section        0  uart0.o(i.Uart0_SendSring)
    i.Uart1_Init                             0x00002044   Section        0  bsp_uart1.o(i.Uart1_Init)
    i.Uart1_RecProcess                       0x000020c4   Section        0  bsp_uart1.o(i.Uart1_RecProcess)
    i.W25Q64_Init                            0x00002100   Section        0  w25q64.o(i.W25Q64_Init)
    i.__0printf                              0x00002108   Section        0  printfa.o(i.__0printf)
    i.__0vsprintf                            0x00002128   Section        0  printfa.o(i.__0vsprintf)
    i.__ARM_clz                              0x0000214c   Section        0  depilogue.o(i.__ARM_clz)
    i.__ARM_common_switch8                   0x0000217a   Section        0  ht32f5xxxx_ckcu.o(i.__ARM_common_switch8)
    i.__aeabi_errno_addr                     0x00002194   Section        0  errno.o(i.__aeabi_errno_addr)
    i.__scatterload_copy                     0x0000219c   Section       14  handlers.o(i.__scatterload_copy)
    i.__scatterload_null                     0x000021aa   Section        2  handlers.o(i.__scatterload_null)
    i.__scatterload_zeroinit                 0x000021ac   Section       14  handlers.o(i.__scatterload_zeroinit)
    i._fp_digits                             0x000021bc   Section        0  printfa.o(i._fp_digits)
    _fp_digits                               0x000021bd   Thumb Code   344  printfa.o(i._fp_digits)
    i._printf_core                           0x00002330   Section        0  printfa.o(i._printf_core)
    _printf_core                             0x00002331   Thumb Code  1754  printfa.o(i._printf_core)
    i._printf_post_padding                   0x00002a1c   Section        0  printfa.o(i._printf_post_padding)
    _printf_post_padding                     0x00002a1d   Thumb Code    32  printfa.o(i._printf_post_padding)
    i._printf_pre_padding                    0x00002a3c   Section        0  printfa.o(i._printf_pre_padding)
    _printf_pre_padding                      0x00002a3d   Thumb Code    44  printfa.o(i._printf_pre_padding)
    i._sputc                                 0x00002a68   Section        0  printfa.o(i._sputc)
    _sputc                                   0x00002a69   Thumb Code    10  printfa.o(i._sputc)
    i.fputc                                  0x00002a74   Section        0  bsp_uart1.o(i.fputc)
    i.main                                   0x00002a98   Section        0  main.o(i.main)
    i.msg_process                            0x00002aa4   Section        0  task.o(i.msg_process)
    i.rt_ringbuffer_data_len                 0x00002c6c   Section        0  ringbuffer.o(i.rt_ringbuffer_data_len)
    i.rt_ringbuffer_get                      0x00002c94   Section        0  ringbuffer.o(i.rt_ringbuffer_get)
    i.rt_ringbuffer_init                     0x00002d60   Section        0  ringbuffer.o(i.rt_ringbuffer_init)
    i.rt_ringbuffer_put                      0x00002dec   Section        0  ringbuffer.o(i.rt_ringbuffer_put)
    i.rt_ringbuffer_status                   0x00002ebc   Section        0  ringbuffer.o(i.rt_ringbuffer_status)
    rt_ringbuffer_status                     0x00002ebd   Thumb Code    36  ringbuffer.o(i.rt_ringbuffer_status)
    i.source_task_timer_callback             0x00002ee0   Section        0  task.o(i.source_task_timer_callback)
    i.task_init                              0x00003014   Section        0  task.o(i.task_init)
    i.task_run                               0x0000304c   Section        0  task.o(i.task_run)
    i.timer_init                             0x0000305c   Section        0  multi_timer.o(i.timer_init)
    i.timer_loop                             0x0000306c   Section        0  multi_timer.o(i.timer_loop)
    i.timer_start                            0x000030a0   Section        0  multi_timer.o(i.timer_start)
    i.timer_stop                             0x000030c4   Section        0  multi_timer.o(i.timer_stop)
    i.timer_ticks                            0x000030e4   Section        0  multi_timer.o(i.timer_ticks)
    i.uart0_task_timer_callback              0x000030f4   Section        0  task.o(i.uart0_task_timer_callback)
    i.uart1_task_timer_callback              0x000030fc   Section        0  task.o(i.uart1_task_timer_callback)
    .constdata                               0x00003104   Section      171  ringbuffer.o(.constdata)
    __FUNCTION__                             0x00003104   Data          19  ringbuffer.o(.constdata)
    __FUNCTION__                             0x00003117   Data          18  ringbuffer.o(.constdata)
    __FUNCTION__                             0x00003129   Data          24  ringbuffer.o(.constdata)
    __FUNCTION__                             0x00003141   Data          18  ringbuffer.o(.constdata)
    __FUNCTION__                             0x00003153   Data          22  ringbuffer.o(.constdata)
    __FUNCTION__                             0x00003169   Data          28  ringbuffer.o(.constdata)
    __FUNCTION__                             0x00003185   Data          22  ringbuffer.o(.constdata)
    __FUNCTION__                             0x0000319b   Data          20  ringbuffer.o(.constdata)
    .constdata                               0x000031af   Section      129  ctype_o.o(.constdata)
    .constdata                               0x00003230   Section        4  ctype_o.o(.constdata)
    table                                    0x00003230   Data           4  ctype_o.o(.constdata)
    .data                                    0x20000000   Section        4  system_ht32f5xxxx_01.o(.data)
    .data                                    0x20000004   Section        4  ht32_retarget.o(.data)
    .data                                    0x20000008   Section        4  bsp_systick.o(.data)
    g_iRunTime                               0x20000008   Data           4  bsp_systick.o(.data)
    .data                                    0x2000000c   Section        3  bsp_uart1.o(.data)
    UART1sys_msg                             0x2000000d   Data           2  bsp_uart1.o(.data)
    .data                                    0x20000010   Section        4  bsp_usart0.o(.data)
    .data                                    0x20000014   Section        1  mqtt.o(.data)
    .data                                    0x20000018   Section       68  mqtt.o(.data)
    .data                                    0x2000005c   Section        8  multi_timer.o(.data)
    head_handle                              0x2000005c   Data           4  multi_timer.o(.data)
    _timer_ticks                             0x20000060   Data           4  multi_timer.o(.data)
    .data                                    0x20000064   Section       64  task.o(.data)
    Wifi_connect_flag1                       0x20000065   Data           1  task.o(.data)
    j                                        0x20000066   Data           1  task.o(.data)
    .data                                    0x200000a4   Section        3  uart0.o(.data)
    UART0SYS_msg                             0x200000a5   Data           2  uart0.o(.data)
    .data                                    0x200000a7   Section        3  usart1.o(.data)
    USART1SYS_msg                            0x200000a8   Data           2  usart1.o(.data)
    .data                                    0x200000ac   Section        4  errno.o(.data)
    _errno                                   0x200000ac   Data           4  errno.o(.data)
    .bss                                     0x200000b0   Section       12  main.o(.bss)
    .bss                                     0x200000bc   Section     1024  system.o(.bss)
    msg_pool                                 0x200000bc   Data        1024  system.o(.bss)
    .bss                                     0x200004bc   Section       20  bsp_systick.o(.bss)
    .bss                                     0x200004d0   Section      268  bsp_uart1.o(.bss)
    .bss                                     0x200005e0   Section     2080  bsp_usart0.o(.bss)
    .bss                                     0x20000e00   Section       16  bsp_gptm.o(.bss)
    .bss                                     0x20000e10   Section     8012  mqtt.o(.bss)
    .bss                                     0x20002d5c   Section      832  task.o(.bss)
    message_buff                             0x20002d9c   Data         256  task.o(.bss)
    .bss                                     0x200030a0   Section     1296  uart0.o(.bss)
    .bss                                     0x200035b0   Section     1296  usart1.o(.bss)
    STACK                                    0x20003ac0   Section     1024  startup_ht32f5xxxx_01.o(STACK)

    Global Symbols

    Symbol Name                              Value     Ov Type        Size  Object(Section)

    BuildAttributes$$THM_ISAv3M$S$PE$A:L22$X:L11$S22$IEEE1$IW$USESV6$~STKCKD$USESV7$~SHL$OTIME$ROPI$EBA8$MICROLIB$REQ8$PRES8$EABIv2 0x00000000   Number         0  anon$$obj.o ABSOLUTE
    __ARM_use_no_argv                        0x00000000   Number         0  main.o ABSOLUTE
    __Vectors                                0x00000000   Data           0  startup_ht32f5xxxx_01.o(RESET)
    __use_no_errno                           0x00000000   Number         0  useno.o ABSOLUTE
    __use_no_exception_handling              0x00000000   Number         0  useno.o ABSOLUTE
    __use_no_fp                              0x00000000   Number         0  useno.o ABSOLUTE
    __use_no_heap                            0x00000000   Number         0  useno.o ABSOLUTE
    __use_no_heap_region                     0x00000000   Number         0  useno.o ABSOLUTE
    __use_no_semihosting                     0x00000000   Number         0  useno.o ABSOLUTE
    __use_no_semihosting_swi                 0x00000000   Number         0  useno.o ABSOLUTE
    __use_no_signal_handling                 0x00000000   Number         0  useno.o ABSOLUTE
    _printf_a                                0x00000000   Number         0  stubs.o ABSOLUTE
    _printf_c                                0x00000000   Number         0  stubs.o ABSOLUTE
    _printf_charcount                        0x00000000   Number         0  stubs.o ABSOLUTE
    _printf_d                                0x00000000   Number         0  stubs.o ABSOLUTE
    _printf_e                                0x00000000   Number         0  stubs.o ABSOLUTE
    _printf_f                                0x00000000   Number         0  stubs.o ABSOLUTE
    _printf_flags                            0x00000000   Number         0  stubs.o ABSOLUTE
    _printf_fp_dec                           0x00000000   Number         0  stubs.o ABSOLUTE
    _printf_fp_hex                           0x00000000   Number         0  stubs.o ABSOLUTE
    _printf_g                                0x00000000   Number         0  stubs.o ABSOLUTE
    _printf_i                                0x00000000   Number         0  stubs.o ABSOLUTE
    _printf_int_dec                          0x00000000   Number         0  stubs.o ABSOLUTE
    _printf_l                                0x00000000   Number         0  stubs.o ABSOLUTE
    _printf_lc                               0x00000000   Number         0  stubs.o ABSOLUTE
    _printf_ll                               0x00000000   Number         0  stubs.o ABSOLUTE
    _printf_lld                              0x00000000   Number         0  stubs.o ABSOLUTE
    _printf_lli                              0x00000000   Number         0  stubs.o ABSOLUTE
    _printf_llo                              0x00000000   Number         0  stubs.o ABSOLUTE
    _printf_llu                              0x00000000   Number         0  stubs.o ABSOLUTE
    _printf_llx                              0x00000000   Number         0  stubs.o ABSOLUTE
    _printf_longlong_dec                     0x00000000   Number         0  stubs.o ABSOLUTE
    _printf_longlong_hex                     0x00000000   Number         0  stubs.o ABSOLUTE
    _printf_longlong_oct                     0x00000000   Number         0  stubs.o ABSOLUTE
    _printf_ls                               0x00000000   Number         0  stubs.o ABSOLUTE
    _printf_mbtowc                           0x00000000   Number         0  stubs.o ABSOLUTE
    _printf_n                                0x00000000   Number         0  stubs.o ABSOLUTE
    _printf_o                                0x00000000   Number         0  stubs.o ABSOLUTE
    _printf_p                                0x00000000   Number         0  stubs.o ABSOLUTE
    _printf_percent                          0x00000000   Number         0  stubs.o ABSOLUTE
    _printf_pre_padding                      0x00000000   Number         0  stubs.o ABSOLUTE
    _printf_return_value                     0x00000000   Number         0  stubs.o ABSOLUTE
    _printf_s                                0x00000000   Number         0  stubs.o ABSOLUTE
    _printf_sizespec                         0x00000000   Number         0  stubs.o ABSOLUTE
    _printf_str                              0x00000000   Number         0  stubs.o ABSOLUTE
    _printf_truncate_signed                  0x00000000   Number         0  stubs.o ABSOLUTE
    _printf_truncate_unsigned                0x00000000   Number         0  stubs.o ABSOLUTE
    _printf_u                                0x00000000   Number         0  stubs.o ABSOLUTE
    _printf_wc                               0x00000000   Number         0  stubs.o ABSOLUTE
    _printf_wctomb                           0x00000000   Number         0  stubs.o ABSOLUTE
    _printf_widthprec                        0x00000000   Number         0  stubs.o ABSOLUTE
    _printf_x                                0x00000000   Number         0  stubs.o ABSOLUTE
    __cpp_initialize__aeabi_                  - Undefined Weak Reference
    __cxa_finalize                            - Undefined Weak Reference
    __decompress                              - Undefined Weak Reference
    _clock_init                               - Undefined Weak Reference
    _microlib_exit                            - Undefined Weak Reference
    _scanf_int                                - Undefined Weak Reference
    _scanf_longlong                           - Undefined Weak Reference
    _scanf_real                               - Undefined Weak Reference
    Reset_Handler                            0x000000c1   Thumb Code    12  startup_ht32f5xxxx_01.o(RESET)
    ADC_IRQHandler                           0x00000103   Thumb Code     0  startup_ht32f5xxxx_01.o(RESET)
    AES_IRQHandler                           0x00000103   Thumb Code     0  startup_ht32f5xxxx_01.o(RESET)
    BFTM1_IRQHandler                         0x00000103   Thumb Code     0  startup_ht32f5xxxx_01.o(RESET)
    COMP_IRQHandler                          0x00000103   Thumb Code     0  startup_ht32f5xxxx_01.o(RESET)
    EVWUP_IRQHandler                         0x00000103   Thumb Code     0  startup_ht32f5xxxx_01.o(RESET)
    EXTI0_1_IRQHandler                       0x00000103   Thumb Code     0  startup_ht32f5xxxx_01.o(RESET)
    EXTI2_3_IRQHandler                       0x00000103   Thumb Code     0  startup_ht32f5xxxx_01.o(RESET)
    EXTI4_15_IRQHandler                      0x00000103   Thumb Code     0  startup_ht32f5xxxx_01.o(RESET)
    FLASH_IRQHandler                         0x00000103   Thumb Code     0  startup_ht32f5xxxx_01.o(RESET)
    GPTM1_IRQHandler                         0x00000103   Thumb Code     0  startup_ht32f5xxxx_01.o(RESET)
    I2C0_IRQHandler                          0x00000103   Thumb Code     0  startup_ht32f5xxxx_01.o(RESET)
    I2C1_IRQHandler                          0x00000103   Thumb Code     0  startup_ht32f5xxxx_01.o(RESET)
    I2S_IRQHandler                           0x00000103   Thumb Code     0  startup_ht32f5xxxx_01.o(RESET)
    LVD_BOD_IRQHandler                       0x00000103   Thumb Code     0  startup_ht32f5xxxx_01.o(RESET)
    MCTM0_IRQHandler                         0x00000103   Thumb Code     0  startup_ht32f5xxxx_01.o(RESET)
    PDMA_CH2_5_IRQHandler                    0x00000103   Thumb Code     0  startup_ht32f5xxxx_01.o(RESET)
    PWM0_IRQHandler                          0x00000103   Thumb Code     0  startup_ht32f5xxxx_01.o(RESET)
    PWM1_IRQHandler                          0x00000103   Thumb Code     0  startup_ht32f5xxxx_01.o(RESET)
    RTC_IRQHandler                           0x00000103   Thumb Code     0  startup_ht32f5xxxx_01.o(RESET)
    SCI_IRQHandler                           0x00000103   Thumb Code     0  startup_ht32f5xxxx_01.o(RESET)
    SCTM0_IRQHandler                         0x00000103   Thumb Code     0  startup_ht32f5xxxx_01.o(RESET)
    SCTM1_IRQHandler                         0x00000103   Thumb Code     0  startup_ht32f5xxxx_01.o(RESET)
    SCTM2_IRQHandler                         0x00000103   Thumb Code     0  startup_ht32f5xxxx_01.o(RESET)
    SCTM3_IRQHandler                         0x00000103   Thumb Code     0  startup_ht32f5xxxx_01.o(RESET)
    SPI0_IRQHandler                          0x00000103   Thumb Code     0  startup_ht32f5xxxx_01.o(RESET)
    SPI1_IRQHandler                          0x00000103   Thumb Code     0  startup_ht32f5xxxx_01.o(RESET)
    UART2_IRQHandler                         0x00000103   Thumb Code     0  startup_ht32f5xxxx_01.o(RESET)
    UART3_IRQHandler                         0x00000103   Thumb Code     0  startup_ht32f5xxxx_01.o(RESET)
    USB_IRQHandler                           0x00000103   Thumb Code     0  startup_ht32f5xxxx_01.o(RESET)
    __main                                   0x0000011d   Thumb Code     0  entry.o(.ARM.Collect$$$$00000000)
    _main_stk                                0x0000011d   Thumb Code     0  entry2.o(.ARM.Collect$$$$00000001)
    _main_scatterload                        0x00000121   Thumb Code     0  entry5.o(.ARM.Collect$$$$00000004)
    __main_after_scatterload                 0x00000125   Thumb Code     0  entry5.o(.ARM.Collect$$$$00000004)
    _main_clock                              0x00000125   Thumb Code     0  entry7b.o(.ARM.Collect$$$$00000008)
    _main_cpp_init                           0x00000125   Thumb Code     0  entry8b.o(.ARM.Collect$$$$0000000A)
    _main_init                               0x00000125   Thumb Code     0  entry9a.o(.ARM.Collect$$$$0000000B)
    __rt_final_cpp                           0x0000012d   Thumb Code     0  entry10a.o(.ARM.Collect$$$$0000000D)
    __rt_final_exit                          0x0000012d   Thumb Code     0  entry11a.o(.ARM.Collect$$$$0000000F)
    __aeabi_uidiv                            0x00000131   Thumb Code     0  uidiv.o(.text)
    __aeabi_uidivmod                         0x00000131   Thumb Code    44  uidiv.o(.text)
    __aeabi_memcpy                           0x0000015d   Thumb Code    36  memcpya.o(.text)
    __aeabi_memcpy4                          0x0000015d   Thumb Code     0  memcpya.o(.text)
    __aeabi_memcpy8                          0x0000015d   Thumb Code     0  memcpya.o(.text)
    strstr                                   0x00000181   Thumb Code    40  strstr.o(.text)
    __0sscanf                                0x000001a9   Thumb Code    50  __0sscanf.o(.text)
    _scanf_string                            0x000001e5   Thumb Code   232  _scanf_str.o(.text)
    atoi                                     0x000002cd   Thumb Code    26  atoi.o(.text)
    __aeabi_fadd                             0x000002e7   Thumb Code   162  fadd.o(.text)
    __aeabi_fsub                             0x00000389   Thumb Code     8  fadd.o(.text)
    __aeabi_frsub                            0x00000391   Thumb Code     8  fadd.o(.text)
    __aeabi_fmul                             0x00000399   Thumb Code   122  fmul.o(.text)
    __aeabi_i2f                              0x00000413   Thumb Code    22  fflti.o(.text)
    __aeabi_ui2f                             0x00000429   Thumb Code    14  ffltui.o(.text)
    __aeabi_f2iz                             0x00000437   Thumb Code    50  ffixi.o(.text)
    __aeabi_uldivmod                         0x00000469   Thumb Code    96  uldiv.o(.text)
    __aeabi_llsr                             0x000004c9   Thumb Code    34  llushr.o(.text)
    _ll_ushift_r                             0x000004c9   Thumb Code     0  llushr.o(.text)
    __vfscanf_char                           0x000004f9   Thumb Code    24  scanf_char.o(.text)
    _sgetc                                   0x00000519   Thumb Code    32  _sgetc.o(.text)
    _sbackspace                              0x00000539   Thumb Code    36  _sgetc.o(.text)
    strtol                                   0x0000055d   Thumb Code   108  strtol.o(.text)
    __I$use$fp                               0x000005cd   Thumb Code     0  iusefp.o(.text)
    _float_round                             0x000005cd   Thumb Code    16  fepilogue.o(.text)
    _float_epilogue                          0x000005dd   Thumb Code   114  fepilogue.o(.text)
    __aeabi_dadd                             0x00000651   Thumb Code   328  dadd.o(.text)
    __aeabi_dsub                             0x00000799   Thumb Code    12  dadd.o(.text)
    __aeabi_drsub                            0x000007a5   Thumb Code    12  dadd.o(.text)
    __aeabi_dmul                             0x000007b5   Thumb Code   202  dmul.o(.text)
    __aeabi_ddiv                             0x00000885   Thumb Code   234  ddiv.o(.text)
    __aeabi_d2ulz                            0x00000975   Thumb Code    54  dfixul.o(.text)
    __aeabi_cdrcmple                         0x000009b5   Thumb Code    38  cdrcmple.o(.text)
    __scatterload                            0x000009dd   Thumb Code    28  init.o(.text)
    __scatterload_rt2                        0x000009dd   Thumb Code     0  init.o(.text)
    __aeabi_llsl                             0x00000a01   Thumb Code    32  llshl.o(.text)
    _ll_shift_l                              0x00000a01   Thumb Code     0  llshl.o(.text)
    __aeabi_lasr                             0x00000a21   Thumb Code    38  llsshr.o(.text)
    _ll_sshift_r                             0x00000a21   Thumb Code     0  llsshr.o(.text)
    __rt_ctype_table                         0x00000a49   Thumb Code     4  ctype_o.o(.text)
    isspace                                  0x00000a51   Thumb Code    18  isspace_o.o(.text)
    __vfscanf                                0x00000a65   Thumb Code   812  _scanf.o(.text)
    _strtoul                                 0x00000d9d   Thumb Code   166  _strtoul.o(.text)
    _double_round                            0x00000e43   Thumb Code    26  depilogue.o(.text)
    _double_epilogue                         0x00000e5d   Thumb Code   164  depilogue.o(.text)
    _chval                                   0x00000f01   Thumb Code    30  _chval.o(.text)
    AFIO_GPxConfig                           0x00000f21   Thumb Code    80  ht32f5xxxx_gpio.o(i.AFIO_GPxConfig)
    BFTM0_IRQHandler                         0x00000f75   Thumb Code    70  bsp_bftm.o(i.BFTM0_IRQHandler)
    BFTM_ClearFlag                           0x00000fc9   Thumb Code    14  ht32f5xxxx_bftm.o(i.BFTM_ClearFlag)
    BFTM_EnaCmd                              0x00000fd7   Thumb Code    18  ht32f5xxxx_bftm.o(i.BFTM_EnaCmd)
    BFTM_GetFlagStatus                       0x00000fe9   Thumb Code    10  ht32f5xxxx_bftm.o(i.BFTM_GetFlagStatus)
    BFTM_IntConfig                           0x00000ff3   Thumb Code    20  ht32f5xxxx_bftm.o(i.BFTM_IntConfig)
    BFTM_SetCompare                          0x00001007   Thumb Code     4  ht32f5xxxx_bftm.o(i.BFTM_SetCompare)
    BFTM_SetCounter                          0x0000100b   Thumb Code     4  ht32f5xxxx_bftm.o(i.BFTM_SetCounter)
    BF_TIM_2s_int                            0x00001011   Thumb Code    72  bsp_bftm.o(i.BF_TIM_2s_int)
    CKCU_GetClocksFrequency                  0x00001065   Thumb Code    98  ht32f5xxxx_ckcu.o(i.CKCU_GetClocksFrequency)
    CKCU_GetPLLFrequency                     0x000010d1   Thumb Code    50  ht32f5xxxx_ckcu.o(i.CKCU_GetPLLFrequency)
    CKCU_GetPeripFrequency                   0x0000110d   Thumb Code    48  ht32f5xxxx_ckcu.o(i.CKCU_GetPeripFrequency)
    CKCU_PeripClockConfig                    0x00001141   Thumb Code    34  ht32f5xxxx_ckcu.o(i.CKCU_PeripClockConfig)
    CKCU_SetPeripPrescaler                   0x00001169   Thumb Code    36  ht32f5xxxx_ckcu.o(i.CKCU_SetPeripPrescaler)
    CaptureProcess                           0x00001191   Thumb Code    66  bsp_gptm.o(i.CaptureProcess)
    GPIO_ClearOutBits                        0x000011d3   Thumb Code     4  ht32f5xxxx_gpio.o(i.GPIO_ClearOutBits)
    GPIO_DirectionConfig                     0x000011d7   Thumb Code    16  ht32f5xxxx_gpio.o(i.GPIO_DirectionConfig)
    GPIO_DriveConfig                         0x000011e7   Thumb Code    52  ht32f5xxxx_gpio.o(i.GPIO_DriveConfig)
    GPIO_InputConfig                         0x0000121b   Thumb Code    16  ht32f5xxxx_gpio.o(i.GPIO_InputConfig)
    GPIO_OpenDrainConfig                     0x0000122b   Thumb Code    16  ht32f5xxxx_gpio.o(i.GPIO_OpenDrainConfig)
    GPIO_PullResistorConfig                  0x0000123b   Thumb Code    42  ht32f5xxxx_gpio.o(i.GPIO_PullResistorConfig)
    GPIO_ReadInBit                           0x00001265   Thumb Code    10  ht32f5xxxx_gpio.o(i.GPIO_ReadInBit)
    GPIO_SetOutBits                          0x0000126f   Thumb Code     4  ht32f5xxxx_gpio.o(i.GPIO_SetOutBits)
    GPIO_WriteOutBits                        0x00001273   Thumb Code    12  ht32f5xxxx_gpio.o(i.GPIO_WriteOutBits)
    GPTM0_IRQHandler                         0x00001281   Thumb Code   104  bsp_gptm.o(i.GPTM0_IRQHandler)
    HardFault_Handler                        0x000012f5   Thumb Code     2  ht32f5xxxx_01_it.o(i.HardFault_Handler)
    I2C_Initia                               0x00001369   Thumb Code    24  iic.o(i.I2C_Initia)
    I2C_ReadByte                             0x00001381   Thumb Code   108  iic.o(i.I2C_ReadByte)
    I2C_SendByte                             0x000013f1   Thumb Code   100  iic.o(i.I2C_SendByte)
    I2C_Start                                0x00001459   Thumb Code    66  iic.o(i.I2C_Start)
    I2C_Stop                                 0x000014a1   Thumb Code    46  iic.o(i.I2C_Stop)
    I2C_WaitAck                              0x000014d5   Thumb Code    88  iic.o(i.I2C_WaitAck)
    INA226_I2C_Ack                           0x00001531   Thumb Code    68  ina226_iic.o(i.INA226_I2C_Ack)
    INA226_I2C_Initia                        0x000015e9   Thumb Code    24  ina226_iic.o(i.INA226_I2C_Initia)
    INA226_I2C_ReadByte                      0x00001601   Thumb Code   112  ina226_iic.o(i.INA226_I2C_ReadByte)
    INA226_I2C_SendByte                      0x00001675   Thumb Code    98  ina226_iic.o(i.INA226_I2C_SendByte)
    INA226_I2C_Start                         0x000016dd   Thumb Code    68  ina226_iic.o(i.INA226_I2C_Start)
    INA226_I2C_Stop                          0x00001725   Thumb Code    48  ina226_iic.o(i.INA226_I2C_Stop)
    INA226_I2C_WaitAck                       0x00001759   Thumb Code    90  ina226_iic.o(i.INA226_I2C_WaitAck)
    INA226_Init                              0x000017b9   Thumb Code    38  ina226.o(i.INA226_Init)
    INA226_ReadData                          0x000017e5   Thumb Code    74  ina226_iic.o(i.INA226_ReadData)
    INA226_SendData                          0x0000182f   Thumb Code    56  ina226.o(i.INA226_SendData)
    INA226_task_timer_callback               0x00001869   Thumb Code   112  task.o(i.INA226_task_timer_callback)
    MQTT_PingREQ                             0x00001931   Thumb Code    20  mqtt.o(i.MQTT_PingREQ)
    MySPI_W_SCK                              0x00001949   Thumb Code    14  myspi.o(i.MySPI_W_SCK)
    MySPI_W_SS                               0x0000195d   Thumb Code    14  myspi.o(i.MySPI_W_SS)
    MySPI_init                               0x00001971   Thumb Code   126  myspi.o(i.MySPI_init)
    NMI_Handler                              0x000019fd   Thumb Code     2  ht32f5xxxx_01_it.o(i.NMI_Handler)
    PDMA_CH0_1_IRQHandler                    0x00001a01   Thumb Code    40  bsp_usart0.o(i.PDMA_CH0_1_IRQHandler)
    PDMA_ClearFlag                           0x00001a2d   Thumb Code    18  ht32f5xxxx_pdma.o(i.PDMA_ClearFlag)
    PDMA_GetFlagStatus                       0x00001a45   Thumb Code    22  ht32f5xxxx_pdma.o(i.PDMA_GetFlagStatus)
    PendSV_Handler                           0x00001a61   Thumb Code     2  ht32f5xxxx_01_it.o(i.PendSV_Handler)
    SVC_Handler                              0x00001a63   Thumb Code     2  ht32f5xxxx_01_it.o(i.SVC_Handler)
    SYSTICK_ClockSourceConfig                0x00001a65   Thumb Code    20  ht32_cm0plus_misc.o(i.SYSTICK_ClockSourceConfig)
    SYSTICK_CounterCmd                       0x00001a7d   Thumb Code    32  ht32_cm0plus_misc.o(i.SYSTICK_CounterCmd)
    SYSTICK_IntConfig                        0x00001aa1   Thumb Code    20  ht32_cm0plus_misc.o(i.SYSTICK_IntConfig)
    SYSTICK_SetReloadValue                   0x00001ab9   Thumb Code     6  ht32_cm0plus_misc.o(i.SYSTICK_SetReloadValue)
    SourceReadByte                           0x00001ac5   Thumb Code    46  source.o(i.SourceReadByte)
    SourceWriteByte                          0x00001af3   Thumb Code    56  source.o(i.SourceWriteByte)
    SysInit                                  0x00001b2d   Thumb Code    52  system.o(i.SysInit)
    SysTickDelayUs                           0x00001b69   Thumb Code    46  bsp_systick.o(i.SysTickDelayUs)
    SysTickInit                              0x00001b9d   Thumb Code    64  bsp_systick.o(i.SysTickInit)
    SysTick_Handler                          0x00001be5   Thumb Code    40  bsp_systick.o(i.SysTick_Handler)
    SystemInit                               0x00001c15   Thumb Code   210  system_ht32f5xxxx_01.o(i.SystemInit)
    TM_ChPolarityConfig                      0x00001cfd   Thumb Code    20  ht32f5xxxx_tm.o(i.TM_ChPolarityConfig)
    TM_GetCaptureCompare1                    0x00001d11   Thumb Code     6  ht32f5xxxx_tm.o(i.TM_GetCaptureCompare1)
    TxDataBuf_Deal                           0x00001d19   Thumb Code    52  mqtt.o(i.TxDataBuf_Deal)
    UART0_IRQHandler                         0x00001d55   Thumb Code    58  uart0.o(i.UART0_IRQHandler)
    UART0_printf                             0x00001da1   Thumb Code    28  uart0.o(i.UART0_printf)
    UART1_IRQHandler                         0x00001dc1   Thumb Code    58  bsp_uart1.o(i.UART1_IRQHandler)
    USART0_IRQHandler                        0x00001e0d   Thumb Code    50  bsp_usart0.o(i.USART0_IRQHandler)
    USART1_IRQHandler                        0x00001e4d   Thumb Code    58  usart1.o(i.USART1_IRQHandler)
    USART_ClearFlag                          0x00001e99   Thumb Code     8  ht32f5xxxx_usart.o(i.USART_ClearFlag)
    USART_GetFlagStatus                      0x00001ea1   Thumb Code    10  ht32f5xxxx_usart.o(i.USART_GetFlagStatus)
    USART_Init                               0x00001ead   Thumb Code    96  ht32f5xxxx_usart.o(i.USART_Init)
    USART_IntConfig                          0x00001f1d   Thumb Code    16  ht32f5xxxx_usart.o(i.USART_IntConfig)
    USART_PDMACmd                            0x00001f2d   Thumb Code    16  ht32f5xxxx_usart.o(i.USART_PDMACmd)
    USART_ReceiveData                        0x00001f3d   Thumb Code     6  ht32f5xxxx_usart.o(i.USART_ReceiveData)
    USART_SendData                           0x00001f43   Thumb Code     4  ht32f5xxxx_usart.o(i.USART_SendData)
    USART_TxRxCmd                            0x00001f47   Thumb Code    20  ht32f5xxxx_usart.o(i.USART_TxRxCmd)
    Uart0_Init                               0x00001f5d   Thumb Code   116  uart0.o(i.Uart0_Init)
    Uart0_RecProcess                         0x00001fdd   Thumb Code    48  uart0.o(i.Uart0_RecProcess)
    Uart0_SendSring                          0x00002019   Thumb Code    38  uart0.o(i.Uart0_SendSring)
    Uart1_Init                               0x00002045   Thumb Code   116  bsp_uart1.o(i.Uart1_Init)
    Uart1_RecProcess                         0x000020c5   Thumb Code    48  bsp_uart1.o(i.Uart1_RecProcess)
    W25Q64_Init                              0x00002101   Thumb Code     8  w25q64.o(i.W25Q64_Init)
    __0printf                                0x00002109   Thumb Code    24  printfa.o(i.__0printf)
    __1printf                                0x00002109   Thumb Code     0  printfa.o(i.__0printf)
    __2printf                                0x00002109   Thumb Code     0  printfa.o(i.__0printf)
    __c89printf                              0x00002109   Thumb Code     0  printfa.o(i.__0printf)
    printf                                   0x00002109   Thumb Code     0  printfa.o(i.__0printf)
    __0vsprintf                              0x00002129   Thumb Code    30  printfa.o(i.__0vsprintf)
    __1vsprintf                              0x00002129   Thumb Code     0  printfa.o(i.__0vsprintf)
    __2vsprintf                              0x00002129   Thumb Code     0  printfa.o(i.__0vsprintf)
    __c89vsprintf                            0x00002129   Thumb Code     0  printfa.o(i.__0vsprintf)
    vsprintf                                 0x00002129   Thumb Code     0  printfa.o(i.__0vsprintf)
    __ARM_clz                                0x0000214d   Thumb Code    46  depilogue.o(i.__ARM_clz)
    __ARM_common_switch8                     0x0000217b   Thumb Code    26  ht32f5xxxx_ckcu.o(i.__ARM_common_switch8)
    __aeabi_errno_addr                       0x00002195   Thumb Code     4  errno.o(i.__aeabi_errno_addr)
    __rt_errno_addr                          0x00002195   Thumb Code     0  errno.o(i.__aeabi_errno_addr)
    __scatterload_copy                       0x0000219d   Thumb Code    14  handlers.o(i.__scatterload_copy)
    __scatterload_null                       0x000021ab   Thumb Code     2  handlers.o(i.__scatterload_null)
    __scatterload_zeroinit                   0x000021ad   Thumb Code    14  handlers.o(i.__scatterload_zeroinit)
    fputc                                    0x00002a75   Thumb Code    32  bsp_uart1.o(i.fputc)
    main                                     0x00002a99   Thumb Code    10  main.o(i.main)
    msg_process                              0x00002aa5   Thumb Code   292  task.o(i.msg_process)
    rt_ringbuffer_data_len                   0x00002c6d   Thumb Code    40  ringbuffer.o(i.rt_ringbuffer_data_len)
    rt_ringbuffer_get                        0x00002c95   Thumb Code   130  ringbuffer.o(i.rt_ringbuffer_get)
    rt_ringbuffer_init                       0x00002d61   Thumb Code    54  ringbuffer.o(i.rt_ringbuffer_init)
    rt_ringbuffer_put                        0x00002ded   Thumb Code   134  ringbuffer.o(i.rt_ringbuffer_put)
    source_task_timer_callback               0x00002ee1   Thumb Code   102  task.o(i.source_task_timer_callback)
    task_init                                0x00003015   Thumb Code    48  task.o(i.task_init)
    task_run                                 0x0000304d   Thumb Code    14  task.o(i.task_run)
    timer_init                               0x0000305d   Thumb Code    12  multi_timer.o(i.timer_init)
    timer_loop                               0x0000306d   Thumb Code    48  multi_timer.o(i.timer_loop)
    timer_start                              0x000030a1   Thumb Code    32  multi_timer.o(i.timer_start)
    timer_stop                               0x000030c5   Thumb Code    26  multi_timer.o(i.timer_stop)
    timer_ticks                              0x000030e5   Thumb Code    10  multi_timer.o(i.timer_ticks)
    uart0_task_timer_callback                0x000030f5   Thumb Code     8  task.o(i.uart0_task_timer_callback)
    uart1_task_timer_callback                0x000030fd   Thumb Code     8  task.o(i.uart1_task_timer_callback)
    __ctype_table                            0x000031af   Data         129  ctype_o.o(.constdata)
    Region$$Table$$Base                      0x00003234   Number         0  anon$$obj.o(Region$$Table)
    Region$$Table$$Limit                     0x00003254   Number         0  anon$$obj.o(Region$$Table)
    SystemCoreClock                          0x20000000   Data           4  system_ht32f5xxxx_01.o(.data)
    __stdout                                 0x20000004   Data           4  ht32_retarget.o(.data)
    s_UART1_RecFrameLen                      0x2000000c   Data           1  bsp_uart1.o(.data)
    DMA_flag                                 0x20000010   Data           1  bsp_usart0.o(.data)
    Usart0_RxCounter                         0x20000012   Data           2  bsp_usart0.o(.data)
    Connect_flag                             0x20000014   Data           1  mqtt.o(.data)
    Ping_flag                                0x20000018   Data           1  mqtt.o(.data)
    ConnectPack_flag                         0x20000019   Data           1  mqtt.o(.data)
    SubcribePack_flag                        0x2000001a   Data           1  mqtt.o(.data)
    MQTT_RxDataInPtr                         0x2000001c   Data           4  mqtt.o(.data)
    MQTT_RxDataOutPtr                        0x20000020   Data           4  mqtt.o(.data)
    MQTT_RxDataEndPtr                        0x20000024   Data           4  mqtt.o(.data)
    MQTT_TxDataInPtr                         0x20000028   Data           4  mqtt.o(.data)
    MQTT_TxDataOutPtr                        0x2000002c   Data           4  mqtt.o(.data)
    MQTT_TxDataEndPtr                        0x20000030   Data           4  mqtt.o(.data)
    MQTT_CMDInPtr                            0x20000034   Data           4  mqtt.o(.data)
    MQTT_CMDOutPtr                           0x20000038   Data           4  mqtt.o(.data)
    MQTT_CMDEndPtr                           0x2000003c   Data           4  mqtt.o(.data)
    ClientID_len                             0x20000040   Data           4  mqtt.o(.data)
    Username_len                             0x20000044   Data           4  mqtt.o(.data)
    Passward_len                             0x20000048   Data           4  mqtt.o(.data)
    ServerPort                               0x2000004c   Data           4  mqtt.o(.data)
    Fixed_len                                0x20000050   Data           4  mqtt.o(.data)
    Variable_len                             0x20000054   Data           4  mqtt.o(.data)
    Payload_len                              0x20000058   Data           4  mqtt.o(.data)
    Res_Value                                0x20000064   Data           1  task.o(.data)
    Serial_BTL                               0x20000068   Data           4  task.o(.data)
    Res_ValueBuf                             0x2000006c   Data           8  task.o(.data)
    task_timer_para                          0x20000074   Data          48  task.o(.data)
    s_UART0_RecFrameLen                      0x200000a4   Data           1  uart0.o(.data)
    s_USART1_RecFrameLen                     0x200000a7   Data           1  usart1.o(.data)
    msg_ring_buf                             0x200000b0   Data          12  main.o(.bss)
    sysTimer                                 0x200004bc   Data          20  bsp_systick.o(.bss)
    uart1_recv_ring_buf                      0x200004d0   Data          12  bsp_uart1.o(.bss)
    s_UART1_RxBuf                            0x200004dc   Data         256  bsp_uart1.o(.bss)
    Usart0_RxBuff                            0x200005e0   Data        1024  bsp_usart0.o(.bss)
    PDMACH_TxStructure                       0x200009e0   Data          28  bsp_usart0.o(.bss)
    USART0_TxBuff                            0x20000a00   Data        1024  bsp_usart0.o(.bss)
    CaptureCHx                               0x20000e00   Data          16  bsp_gptm.o(.bss)
    MQTT_RxDataBuf                           0x20000e10   Data        2400  mqtt.o(.bss)
    MQTT_TxDataBuf                           0x20001770   Data        2400  mqtt.o(.bss)
    MQTT_CMDBuf                              0x200020d0   Data        2400  mqtt.o(.bss)
    ClientID                                 0x20002a30   Data         128  mqtt.o(.bss)
    Username                                 0x20002ab0   Data         128  mqtt.o(.bss)
    Passward                                 0x20002b30   Data         128  mqtt.o(.bss)
    ServerIP                                 0x20002bb0   Data         128  mqtt.o(.bss)
    temp_buff                                0x20002c30   Data         300  mqtt.o(.bss)
    task_timer                               0x20002d5c   Data          64  task.o(.bss)
    Serial_Buf                               0x20002e9c   Data         512  task.o(.bss)
    uart0_recv_ring_buf                      0x200030a0   Data          12  uart0.o(.bss)
    s_UART0_RxBuf                            0x200030ac   Data         256  uart0.o(.bss)
    UART0_TxBuff                             0x200031b0   Data        1024  uart0.o(.bss)
    usart1_recv_ring_buf                     0x200035b0   Data          12  usart1.o(.bss)
    s_USART1_RxBuf                           0x200035bc   Data         256  usart1.o(.bss)
    USART1_TxBuff                            0x200036c0   Data        1024  usart1.o(.bss)
    __initial_sp                             0x20003ec0   Data           0  startup_ht32f5xxxx_01.o(STACK)



==============================================================================

Memory Map of the image

  Image Entry point : 0x000000c1

  Load Region LR_IROM1 (Base: 0x00000000, Size: 0x00003304, Max: 0x0001fe00, ABSOLUTE)

    Execution Region ER_IROM1 (Exec base: 0x00000000, Load base: 0x00000000, Size: 0x00003254, Max: 0x0001fe00, ABSOLUTE)

    Exec Addr    Load Addr    Size         Type   Attr      Idx    E Section Name        Object

    0x00000000   0x00000000   0x0000011c   Code   RO          323  * RESET               startup_ht32f5xxxx_01.o
    0x0000011c   0x0000011c   0x00000000   Code   RO         4764  * .ARM.Collect$$$$00000000  mc_p.l(entry.o)
    0x0000011c   0x0000011c   0x00000004   Code   RO         5062    .ARM.Collect$$$$00000001  mc_p.l(entry2.o)
    0x00000120   0x00000120   0x00000004   Code   RO         5065    .ARM.Collect$$$$00000004  mc_p.l(entry5.o)
    0x00000124   0x00000124   0x00000000   Code   RO         5067    .ARM.Collect$$$$00000008  mc_p.l(entry7b.o)
    0x00000124   0x00000124   0x00000000   Code   RO         5069    .ARM.Collect$$$$0000000A  mc_p.l(entry8b.o)
    0x00000124   0x00000124   0x00000008   Code   RO         5070    .ARM.Collect$$$$0000000B  mc_p.l(entry9a.o)
    0x0000012c   0x0000012c   0x00000000   Code   RO         5072    .ARM.Collect$$$$0000000D  mc_p.l(entry10a.o)
    0x0000012c   0x0000012c   0x00000000   Code   RO         5074    .ARM.Collect$$$$0000000F  mc_p.l(entry11a.o)
    0x0000012c   0x0000012c   0x00000004   Code   RO         5063    .ARM.Collect$$$$00002712  mc_p.l(entry2.o)
    0x00000130   0x00000130   0x0000002c   Code   RO         4767    .text               mc_p.l(uidiv.o)
    0x0000015c   0x0000015c   0x00000024   Code   RO         4769    .text               mc_p.l(memcpya.o)
    0x00000180   0x00000180   0x00000028   Code   RO         4773    .text               mc_p.l(strstr.o)
    0x000001a8   0x000001a8   0x0000003c   Code   RO         5042    .text               mc_p.l(__0sscanf.o)
    0x000001e4   0x000001e4   0x000000e8   Code   RO         5044    .text               mc_p.l(_scanf_str.o)
    0x000002cc   0x000002cc   0x0000001a   Code   RO         5046    .text               mc_p.l(atoi.o)
    0x000002e6   0x000002e6   0x000000b2   Code   RO         5048    .text               mf_p.l(fadd.o)
    0x00000398   0x00000398   0x0000007a   Code   RO         5050    .text               mf_p.l(fmul.o)
    0x00000412   0x00000412   0x00000016   Code   RO         5052    .text               mf_p.l(fflti.o)
    0x00000428   0x00000428   0x0000000e   Code   RO         5054    .text               mf_p.l(ffltui.o)
    0x00000436   0x00000436   0x00000032   Code   RO         5056    .text               mf_p.l(ffixi.o)
    0x00000468   0x00000468   0x00000060   Code   RO         5076    .text               mc_p.l(uldiv.o)
    0x000004c8   0x000004c8   0x00000022   Code   RO         5078    .text               mc_p.l(llushr.o)
    0x000004ea   0x000004ea   0x00000002   PAD
    0x000004ec   0x000004ec   0x0000002c   Code   RO         5087    .text               mc_p.l(scanf_char.o)
    0x00000518   0x00000518   0x00000044   Code   RO         5089    .text               mc_p.l(_sgetc.o)
    0x0000055c   0x0000055c   0x00000070   Code   RO         5091    .text               mc_p.l(strtol.o)
    0x000005cc   0x000005cc   0x00000000   Code   RO         5093    .text               mc_p.l(iusefp.o)
    0x000005cc   0x000005cc   0x00000082   Code   RO         5094    .text               mf_p.l(fepilogue.o)
    0x0000064e   0x0000064e   0x00000002   PAD
    0x00000650   0x00000650   0x00000164   Code   RO         5096    .text               mf_p.l(dadd.o)
    0x000007b4   0x000007b4   0x000000d0   Code   RO         5098    .text               mf_p.l(dmul.o)
    0x00000884   0x00000884   0x000000f0   Code   RO         5100    .text               mf_p.l(ddiv.o)
    0x00000974   0x00000974   0x00000040   Code   RO         5102    .text               mf_p.l(dfixul.o)
    0x000009b4   0x000009b4   0x00000028   Code   RO         5104    .text               mf_p.l(cdrcmple.o)
    0x000009dc   0x000009dc   0x00000024   Code   RO         5106    .text               mc_p.l(init.o)
    0x00000a00   0x00000a00   0x00000020   Code   RO         5108    .text               mc_p.l(llshl.o)
    0x00000a20   0x00000a20   0x00000026   Code   RO         5110    .text               mc_p.l(llsshr.o)
    0x00000a46   0x00000a46   0x00000002   PAD
    0x00000a48   0x00000a48   0x00000008   Code   RO         5114    .text               mc_p.l(ctype_o.o)
    0x00000a50   0x00000a50   0x00000012   Code   RO         5136    .text               mc_p.l(isspace_o.o)
    0x00000a62   0x00000a62   0x00000002   PAD
    0x00000a64   0x00000a64   0x00000338   Code   RO         5142    .text               mc_p.l(_scanf.o)
    0x00000d9c   0x00000d9c   0x000000a6   Code   RO         5144    .text               mc_p.l(_strtoul.o)
    0x00000e42   0x00000e42   0x000000be   Code   RO         5146    .text               mf_p.l(depilogue.o)
    0x00000f00   0x00000f00   0x0000001e   Code   RO         5153    .text               mc_p.l(_chval.o)
    0x00000f1e   0x00000f1e   0x00000002   PAD
    0x00000f20   0x00000f20   0x00000054   Code   RO         1203    i.AFIO_GPxConfig    ht32f5xxxx_gpio.o
    0x00000f74   0x00000f74   0x00000054   Code   RO         3338    i.BFTM0_IRQHandler  bsp_bftm.o
    0x00000fc8   0x00000fc8   0x0000000e   Code   RO          571    i.BFTM_ClearFlag    ht32f5xxxx_bftm.o
    0x00000fd6   0x00000fd6   0x00000012   Code   RO          573    i.BFTM_EnaCmd       ht32f5xxxx_bftm.o
    0x00000fe8   0x00000fe8   0x0000000a   Code   RO          576    i.BFTM_GetFlagStatus  ht32f5xxxx_bftm.o
    0x00000ff2   0x00000ff2   0x00000014   Code   RO          577    i.BFTM_IntConfig    ht32f5xxxx_bftm.o
    0x00001006   0x00001006   0x00000004   Code   RO          579    i.BFTM_SetCompare   ht32f5xxxx_bftm.o
    0x0000100a   0x0000100a   0x00000004   Code   RO          580    i.BFTM_SetCounter   ht32f5xxxx_bftm.o
    0x0000100e   0x0000100e   0x00000002   PAD
    0x00001010   0x00001010   0x00000054   Code   RO         3339    i.BF_TIM_2s_int     bsp_bftm.o
    0x00001064   0x00001064   0x0000006c   Code   RO          651    i.CKCU_GetClocksFrequency  ht32f5xxxx_ckcu.o
    0x000010d0   0x000010d0   0x0000003c   Code   RO          653    i.CKCU_GetPLLFrequency  ht32f5xxxx_ckcu.o
    0x0000110c   0x0000110c   0x00000034   Code   RO          654    i.CKCU_GetPeripFrequency  ht32f5xxxx_ckcu.o
    0x00001140   0x00001140   0x00000028   Code   RO          669    i.CKCU_PeripClockConfig  ht32f5xxxx_ckcu.o
    0x00001168   0x00001168   0x00000028   Code   RO          673    i.CKCU_SetPeripPrescaler  ht32f5xxxx_ckcu.o
    0x00001190   0x00001190   0x00000042   Code   RO         3706    i.CaptureProcess    bsp_gptm.o
    0x000011d2   0x000011d2   0x00000004   Code   RO         1204    i.GPIO_ClearOutBits  ht32f5xxxx_gpio.o
    0x000011d6   0x000011d6   0x00000010   Code   RO         1206    i.GPIO_DirectionConfig  ht32f5xxxx_gpio.o
    0x000011e6   0x000011e6   0x00000034   Code   RO         1208    i.GPIO_DriveConfig  ht32f5xxxx_gpio.o
    0x0000121a   0x0000121a   0x00000010   Code   RO         1209    i.GPIO_InputConfig  ht32f5xxxx_gpio.o
    0x0000122a   0x0000122a   0x00000010   Code   RO         1212    i.GPIO_OpenDrainConfig  ht32f5xxxx_gpio.o
    0x0000123a   0x0000123a   0x0000002a   Code   RO         1214    i.GPIO_PullResistorConfig  ht32f5xxxx_gpio.o
    0x00001264   0x00001264   0x0000000a   Code   RO         1215    i.GPIO_ReadInBit    ht32f5xxxx_gpio.o
    0x0000126e   0x0000126e   0x00000004   Code   RO         1219    i.GPIO_SetOutBits   ht32f5xxxx_gpio.o
    0x00001272   0x00001272   0x0000000c   Code   RO         1220    i.GPIO_WriteOutBits  ht32f5xxxx_gpio.o
    0x0000127e   0x0000127e   0x00000002   PAD
    0x00001280   0x00001280   0x00000074   Code   RO         3707    i.GPTM0_IRQHandler  bsp_gptm.o
    0x000012f4   0x000012f4   0x00000002   Code   RO          281    i.HardFault_Handler  ht32f5xxxx_01_it.o
    0x000012f6   0x000012f6   0x00000002   PAD
    0x000012f8   0x000012f8   0x00000070   Code   RO         4481    i.I2C_GPIO_Config   iic.o
    0x00001368   0x00001368   0x00000018   Code   RO         4482    i.I2C_Initia        iic.o
    0x00001380   0x00001380   0x00000070   Code   RO         4484    i.I2C_ReadByte      iic.o
    0x000013f0   0x000013f0   0x00000068   Code   RO         4485    i.I2C_SendByte      iic.o
    0x00001458   0x00001458   0x00000048   Code   RO         4486    i.I2C_Start         iic.o
    0x000014a0   0x000014a0   0x00000034   Code   RO         4487    i.I2C_Stop          iic.o
    0x000014d4   0x000014d4   0x0000005c   Code   RO         4488    i.I2C_WaitAck       iic.o
    0x00001530   0x00001530   0x00000048   Code   RO         4547    i.INA226_I2C_Ack    ina226_iic.o
    0x00001578   0x00001578   0x00000070   Code   RO         4548    i.INA226_I2C_GPIO_Config  ina226_iic.o
    0x000015e8   0x000015e8   0x00000018   Code   RO         4549    i.INA226_I2C_Initia  ina226_iic.o
    0x00001600   0x00001600   0x00000074   Code   RO         4551    i.INA226_I2C_ReadByte  ina226_iic.o
    0x00001674   0x00001674   0x00000068   Code   RO         4552    i.INA226_I2C_SendByte  ina226_iic.o
    0x000016dc   0x000016dc   0x00000048   Code   RO         4553    i.INA226_I2C_Start  ina226_iic.o
    0x00001724   0x00001724   0x00000034   Code   RO         4554    i.INA226_I2C_Stop   ina226_iic.o
    0x00001758   0x00001758   0x00000060   Code   RO         4555    i.INA226_I2C_WaitAck  ina226_iic.o
    0x000017b8   0x000017b8   0x0000002c   Code   RO         4621    i.INA226_Init       ina226.o
    0x000017e4   0x000017e4   0x0000004a   Code   RO         4556    i.INA226_ReadData   ina226_iic.o
    0x0000182e   0x0000182e   0x00000038   Code   RO         4622    i.INA226_SendData   ina226.o
    0x00001866   0x00001866   0x00000002   PAD
    0x00001868   0x00001868   0x000000c8   Code   RO         4024    i.INA226_task_timer_callback  task.o
    0x00001930   0x00001930   0x00000018   Code   RO         3831    i.MQTT_PingREQ      mqtt.o
    0x00001948   0x00001948   0x00000014   Code   RO         4657    i.MySPI_W_SCK       myspi.o
    0x0000195c   0x0000195c   0x00000014   Code   RO         4658    i.MySPI_W_SS        myspi.o
    0x00001970   0x00001970   0x0000008c   Code   RO         4659    i.MySPI_init        myspi.o
    0x000019fc   0x000019fc   0x00000002   Code   RO          282    i.NMI_Handler       ht32f5xxxx_01_it.o
    0x000019fe   0x000019fe   0x00000002   PAD
    0x00001a00   0x00001a00   0x0000002c   Code   RO         3584    i.PDMA_CH0_1_IRQHandler  bsp_usart0.o
    0x00001a2c   0x00001a2c   0x00000018   Code   RO         1665    i.PDMA_ClearFlag    ht32f5xxxx_pdma.o
    0x00001a44   0x00001a44   0x0000001c   Code   RO         1668    i.PDMA_GetFlagStatus  ht32f5xxxx_pdma.o
    0x00001a60   0x00001a60   0x00000002   Code   RO          283    i.PendSV_Handler    ht32f5xxxx_01_it.o
    0x00001a62   0x00001a62   0x00000002   Code   RO          284    i.SVC_Handler       ht32f5xxxx_01_it.o
    0x00001a64   0x00001a64   0x00000018   Code   RO          371    i.SYSTICK_ClockSourceConfig  ht32_cm0plus_misc.o
    0x00001a7c   0x00001a7c   0x00000024   Code   RO          372    i.SYSTICK_CounterCmd  ht32_cm0plus_misc.o
    0x00001aa0   0x00001aa0   0x00000018   Code   RO          373    i.SYSTICK_IntConfig  ht32_cm0plus_misc.o
    0x00001ab8   0x00001ab8   0x0000000c   Code   RO          374    i.SYSTICK_SetReloadValue  ht32_cm0plus_misc.o
    0x00001ac4   0x00001ac4   0x0000002e   Code   RO         4454    i.SourceReadByte    source.o
    0x00001af2   0x00001af2   0x00000038   Code   RO         4455    i.SourceWriteByte   source.o
    0x00001b2a   0x00001b2a   0x00000002   PAD
    0x00001b2c   0x00001b2c   0x0000003c   Code   RO         3316    i.SysInit           system.o
    0x00001b68   0x00001b68   0x00000034   Code   RO         3484    i.SysTickDelayUs    bsp_systick.o
    0x00001b9c   0x00001b9c   0x00000048   Code   RO         3485    i.SysTickInit       bsp_systick.o
    0x00001be4   0x00001be4   0x00000030   Code   RO         3486    i.SysTick_Handler   bsp_systick.o
    0x00001c14   0x00001c14   0x000000e8   Code   RO          330    i.SystemInit        system_ht32f5xxxx_01.o
    0x00001cfc   0x00001cfc   0x00000014   Code   RO         2310    i.TM_ChPolarityConfig  ht32f5xxxx_tm.o
    0x00001d10   0x00001d10   0x00000006   Code   RO         2327    i.TM_GetCaptureCompare1  ht32f5xxxx_tm.o
    0x00001d16   0x00001d16   0x00000002   PAD
    0x00001d18   0x00001d18   0x0000003c   Code   RO         3834    i.TxDataBuf_Deal    mqtt.o
    0x00001d54   0x00001d54   0x0000004c   Code   RO         4352    i.UART0_IRQHandler  uart0.o
    0x00001da0   0x00001da0   0x00000020   Code   RO         4353    i.UART0_printf      uart0.o
    0x00001dc0   0x00001dc0   0x0000004c   Code   RO         3533    i.UART1_IRQHandler  bsp_uart1.o
    0x00001e0c   0x00001e0c   0x00000040   Code   RO         3585    i.USART0_IRQHandler  bsp_usart0.o
    0x00001e4c   0x00001e4c   0x0000004c   Code   RO         4403    i.USART1_IRQHandler  usart1.o
    0x00001e98   0x00001e98   0x00000008   Code   RO         2691    i.USART_ClearFlag   ht32f5xxxx_usart.o
    0x00001ea0   0x00001ea0   0x0000000a   Code   RO         2696    i.USART_GetFlagStatus  ht32f5xxxx_usart.o
    0x00001eaa   0x00001eaa   0x00000002   PAD
    0x00001eac   0x00001eac   0x00000070   Code   RO         2698    i.USART_Init        ht32f5xxxx_usart.o
    0x00001f1c   0x00001f1c   0x00000010   Code   RO         2699    i.USART_IntConfig   ht32f5xxxx_usart.o
    0x00001f2c   0x00001f2c   0x00000010   Code   RO         2704    i.USART_PDMACmd     ht32f5xxxx_usart.o
    0x00001f3c   0x00001f3c   0x00000006   Code   RO         2708    i.USART_ReceiveData  ht32f5xxxx_usart.o
    0x00001f42   0x00001f42   0x00000004   Code   RO         2709    i.USART_SendData    ht32f5xxxx_usart.o
    0x00001f46   0x00001f46   0x00000014   Code   RO         2720    i.USART_TxRxCmd     ht32f5xxxx_usart.o
    0x00001f5a   0x00001f5a   0x00000002   PAD
    0x00001f5c   0x00001f5c   0x00000080   Code   RO         4354    i.Uart0_Init        uart0.o
    0x00001fdc   0x00001fdc   0x0000003c   Code   RO         4355    i.Uart0_RecProcess  uart0.o
    0x00002018   0x00002018   0x0000002c   Code   RO         4356    i.Uart0_SendSring   uart0.o
    0x00002044   0x00002044   0x00000080   Code   RO         3534    i.Uart1_Init        bsp_uart1.o
    0x000020c4   0x000020c4   0x0000003c   Code   RO         3535    i.Uart1_RecProcess  bsp_uart1.o
    0x00002100   0x00002100   0x00000008   Code   RO         4711    i.W25Q64_Init       w25q64.o
    0x00002108   0x00002108   0x00000020   Code   RO         5012    i.__0printf         mc_p.l(printfa.o)
    0x00002128   0x00002128   0x00000024   Code   RO         5018    i.__0vsprintf       mc_p.l(printfa.o)
    0x0000214c   0x0000214c   0x0000002e   Code   RO         5148    i.__ARM_clz         mf_p.l(depilogue.o)
    0x0000217a   0x0000217a   0x0000001a   Code   RO          842    i.__ARM_common_switch8  ht32f5xxxx_ckcu.o
    0x00002194   0x00002194   0x00000008   Code   RO         5080    i.__aeabi_errno_addr  mc_p.l(errno.o)
    0x0000219c   0x0000219c   0x0000000e   Code   RO         5157    i.__scatterload_copy  mc_p.l(handlers.o)
    0x000021aa   0x000021aa   0x00000002   Code   RO         5158    i.__scatterload_null  mc_p.l(handlers.o)
    0x000021ac   0x000021ac   0x0000000e   Code   RO         5159    i.__scatterload_zeroinit  mc_p.l(handlers.o)
    0x000021ba   0x000021ba   0x00000002   PAD
    0x000021bc   0x000021bc   0x00000174   Code   RO         5019    i._fp_digits        mc_p.l(printfa.o)
    0x00002330   0x00002330   0x000006ec   Code   RO         5020    i._printf_core      mc_p.l(printfa.o)
    0x00002a1c   0x00002a1c   0x00000020   Code   RO         5021    i._printf_post_padding  mc_p.l(printfa.o)
    0x00002a3c   0x00002a3c   0x0000002c   Code   RO         5022    i._printf_pre_padding  mc_p.l(printfa.o)
    0x00002a68   0x00002a68   0x0000000a   Code   RO         5024    i._sputc            mc_p.l(printfa.o)
    0x00002a72   0x00002a72   0x00000002   PAD
    0x00002a74   0x00002a74   0x00000024   Code   RO         3537    i.fputc             bsp_uart1.o
    0x00002a98   0x00002a98   0x0000000a   Code   RO            3    i.main              main.o
    0x00002aa2   0x00002aa2   0x00000002   PAD
    0x00002aa4   0x00002aa4   0x000001c8   Code   RO         4027    i.msg_process       task.o
    0x00002c6c   0x00002c6c   0x00000028   Code   RO         3949    i.rt_ringbuffer_data_len  ringbuffer.o
    0x00002c94   0x00002c94   0x000000cc   Code   RO         3950    i.rt_ringbuffer_get  ringbuffer.o
    0x00002d60   0x00002d60   0x0000008c   Code   RO         3952    i.rt_ringbuffer_init  ringbuffer.o
    0x00002dec   0x00002dec   0x000000d0   Code   RO         3953    i.rt_ringbuffer_put  ringbuffer.o
    0x00002ebc   0x00002ebc   0x00000024   Code   RO         3958    i.rt_ringbuffer_status  ringbuffer.o
    0x00002ee0   0x00002ee0   0x00000134   Code   RO         4028    i.source_task_timer_callback  task.o
    0x00003014   0x00003014   0x00000038   Code   RO         4029    i.task_init         task.o
    0x0000304c   0x0000304c   0x0000000e   Code   RO         4030    i.task_run          task.o
    0x0000305a   0x0000305a   0x00000002   PAD
    0x0000305c   0x0000305c   0x00000010   Code   RO         3903    i.timer_init        multi_timer.o
    0x0000306c   0x0000306c   0x00000034   Code   RO         3904    i.timer_loop        multi_timer.o
    0x000030a0   0x000030a0   0x00000024   Code   RO         3905    i.timer_start       multi_timer.o
    0x000030c4   0x000030c4   0x00000020   Code   RO         3906    i.timer_stop        multi_timer.o
    0x000030e4   0x000030e4   0x00000010   Code   RO         3907    i.timer_ticks       multi_timer.o
    0x000030f4   0x000030f4   0x00000008   Code   RO         4031    i.uart0_task_timer_callback  task.o
    0x000030fc   0x000030fc   0x00000008   Code   RO         4032    i.uart1_task_timer_callback  task.o
    0x00003104   0x00003104   0x000000ab   Data   RO         3959    .constdata          ringbuffer.o
    0x000031af   0x000031af   0x00000081   Data   RO         5115    .constdata          mc_p.l(ctype_o.o)
    0x00003230   0x00003230   0x00000004   Data   RO         5116    .constdata          mc_p.l(ctype_o.o)
    0x00003234   0x00003234   0x00000020   Data   RO         5155    Region$$Table       anon$$obj.o


    Execution Region RW_IRAM1 (Exec base: 0x20000000, Load base: 0x00003254, Size: 0x00003ec0, Max: 0x00004000, ABSOLUTE)

    Exec Addr    Load Addr    Size         Type   Attr      Idx    E Section Name        Object

    0x20000000   0x00003254   0x00000004   Data   RW          331    .data               system_ht32f5xxxx_01.o
    0x20000004   0x00003258   0x00000004   Data   RW         3263    .data               ht32_retarget.o
    0x20000008   0x0000325c   0x00000004   Data   RW         3488    .data               bsp_systick.o
    0x2000000c   0x00003260   0x00000003   Data   RW         3539    .data               bsp_uart1.o
    0x2000000f   0x00003263   0x00000001   PAD
    0x20000010   0x00003264   0x00000004   Data   RW         3595    .data               bsp_usart0.o
    0x20000014   0x00003268   0x00000001   Data   RW         3836    .data               mqtt.o
    0x20000015   0x00003269   0x00000003   PAD
    0x20000018   0x0000326c   0x00000044   Data   RW         3837    .data               mqtt.o
    0x2000005c   0x000032b0   0x00000008   Data   RW         3908    .data               multi_timer.o
    0x20000064   0x000032b8   0x00000040   Data   RW         4040    .data               task.o
    0x200000a4   0x000032f8   0x00000003   Data   RW         4358    .data               uart0.o
    0x200000a7   0x000032fb   0x00000003   Data   RW         4409    .data               usart1.o
    0x200000aa   0x000032fe   0x00000002   PAD
    0x200000ac   0x00003300   0x00000004   Data   RW         5083    .data               mc_p.l(errno.o)
    0x200000b0        -       0x0000000c   Zero   RW            4    .bss                main.o
    0x200000bc        -       0x00000400   Zero   RW         3317    .bss                system.o
    0x200004bc        -       0x00000014   Zero   RW         3487    .bss                bsp_systick.o
    0x200004d0        -       0x0000010c   Zero   RW         3538    .bss                bsp_uart1.o
    0x200005dc   0x00003304   0x00000004   PAD
    0x200005e0        -       0x00000820   Zero   RW         3592    .bss                bsp_usart0.o
    0x20000e00        -       0x00000010   Zero   RW         3709    .bss                bsp_gptm.o
    0x20000e10        -       0x00001f4c   Zero   RW         3835    .bss                mqtt.o
    0x20002d5c        -       0x00000340   Zero   RW         4036    .bss                task.o
    0x2000309c   0x00003304   0x00000004   PAD
    0x200030a0        -       0x00000510   Zero   RW         4357    .bss                uart0.o
    0x200035b0        -       0x00000510   Zero   RW         4408    .bss                usart1.o
    0x20003ac0        -       0x00000400   Zero   RW          321    STACK               startup_ht32f5xxxx_01.o


==============================================================================

Image component sizes


      Code (inc. data)   RO Data    RW Data    ZI Data      Debug   Object Name

       168         34          0          0          0       7043   bsp_bftm.o
       182         12          0          0         16       3049   bsp_gptm.o
       172         22          0          4         20       2500   bsp_systick.o
       300         46          0          3        268       3311   bsp_uart1.o
       108         18          0          4       2080       2835   bsp_usart0.o
        96         18          0          0          0       2470   ht32_cm0plus_misc.o
         0          0          0          4          0       2054   ht32_retarget.o
         8          0          0          0          0       3368   ht32f5xxxx_01_it.o
        70          0          0          0          0       4057   ht32f5xxxx_bftm.o
       326         44          0          0          0       6245   ht32f5xxxx_ckcu.o
       256          4          0          0          0       7806   ht32f5xxxx_gpio.o
        52         12          0          0          0       1322   ht32f5xxxx_pdma.o
        26          0          0          0          0       2821   ht32f5xxxx_tm.o
       192         16          0          0          0       6392   ht32f5xxxx_usart.o
       568         30          0          0          0       4232   iic.o
       100          6          0          0          0       1164   ina226.o
       722         32          0          0          0       5637   ina226_iic.o
        10          0          0          0         12      52934   main.o
        84         12          0         69       8012       3055   mqtt.o
       152         24          0          8          0       3967   multi_timer.o
       180         26          0          0          0       2076   myspi.o
       628        234        171          0          0       7780   ringbuffer.o
       102          0          0          0          0       1339   source.o
       284        216          0          0       1024        732   startup_ht32f5xxxx_01.o
        60          8          0          0       1024       1134   system.o
       232         22          0          4          0       2015   system_ht32f5xxxx_01.o
      1050        466          0         64        832       6493   task.o
       340         52          0          3       1296       3981   uart0.o
        76         18          0          3       1296       1504   usart1.o
         8          0          0          0          0        482   w25q64.o

    ----------------------------------------------------------------------
      6574       1372        203        172      15888     153798   Object Totals
         0          0         32          0          0          0   (incl. Generated)
        22          0          0          6          8          0   (incl. Padding)

    ----------------------------------------------------------------------

      Code (inc. data)   RO Data    RW Data    ZI Data      Debug   Library Member Name

        60         10          0          0          0         84   __0sscanf.o
        30          0          0          0          0         60   _chval.o
       824         12          0          0          0         84   _scanf.o
       232          0          0          0          0         84   _scanf_str.o
        68          0          0          0          0         76   _sgetc.o
       166          0          0          0          0         84   _strtoul.o
        26          0          0          0          0         72   atoi.o
         8          4        133          0          0         60   ctype_o.o
         0          0          0          0          0          0   entry.o
         0          0          0          0          0          0   entry10a.o
         0          0          0          0          0          0   entry11a.o
         8          4          0          0          0          0   entry2.o
         4          0          0          0          0          0   entry5.o
         0          0          0          0          0          0   entry7b.o
         0          0          0          0          0          0   entry8b.o
         8          4          0          0          0          0   entry9a.o
         8          4          0          4          0         60   errno.o
        30          0          0          0          0          0   handlers.o
        36          8          0          0          0         68   init.o
        18          0          0          0          0         68   isspace_o.o
         0          0          0          0          0          0   iusefp.o
        32          0          0          0          0         68   llshl.o
        38          0          0          0          0         68   llsshr.o
        34          0          0          0          0         68   llushr.o
        36          0          0          0          0         60   memcpya.o
      2298        104          0          0          0        544   printfa.o
        44          8          0          0          0         84   scanf_char.o
        40          0          0          0          0         72   strstr.o
       112          4          0          0          0         76   strtol.o
        44          0          0          0          0         72   uidiv.o
        96          0          0          0          0         84   uldiv.o
        40          2          0          0          0         68   cdrcmple.o
       356          4          0          0          0        140   dadd.o
       240          6          0          0          0         84   ddiv.o
       236          0          0          0          0        216   depilogue.o
        64         10          0          0          0         68   dfixul.o
       208          6          0          0          0         88   dmul.o
       178          0          0          0          0        108   fadd.o
       130          0          0          0          0        144   fepilogue.o
        50          0          0          0          0         60   ffixi.o
        22          0          0          0          0         68   fflti.o
        14          0          0          0          0         68   ffltui.o
       122          0          0          0          0         72   fmul.o

    ----------------------------------------------------------------------
      5974        190        133          4          0       3180   Library Totals
        14          0          0          0          0          0   (incl. Padding)

    ----------------------------------------------------------------------

      Code (inc. data)   RO Data    RW Data    ZI Data      Debug   Library Name

      4300        162        133          4          0       1996   mc_p.l
      1660         28          0          0          0       1184   mf_p.l

    ----------------------------------------------------------------------
      5974        190        133          4          0       3180   Library Totals

    ----------------------------------------------------------------------

==============================================================================


      Code (inc. data)   RO Data    RW Data    ZI Data      Debug   

     12548       1562        336        176      15888     150874   Grand Totals
     12548       1562        336        176      15888     150874   ELF Image Totals
     12548       1562        336        176          0          0   ROM Totals

==============================================================================

    Total RO  Size (Code + RO Data)                12884 (  12.58kB)
    Total RW  Size (RW Data + ZI Data)             16064 (  15.69kB)
    Total ROM Size (Code + RO Data + RW Data)      13060 (  12.75kB)

==============================================================================

