Component: ARM Compiler 5.06 update 6 (build 750) Tool: armlink [4d35ed]

==============================================================================

Section Cross References

    startup_stm32f10x_md.o(RESET) refers to startup_stm32f10x_md.o(STACK) for __initial_sp
    startup_stm32f10x_md.o(RESET) refers to startup_stm32f10x_md.o(.text) for Reset_Handler
    startup_stm32f10x_md.o(RESET) refers to stm32f10x_it.o(i.NMI_Handler) for NMI_Handler
    startup_stm32f10x_md.o(RESET) refers to stm32f10x_it.o(i.HardFault_Handler) for HardFault_Handler
    startup_stm32f10x_md.o(RESET) refers to stm32f10x_it.o(i.MemManage_Handler) for MemManage_Handler
    startup_stm32f10x_md.o(RESET) refers to stm32f10x_it.o(i.BusFault_Handler) for BusFault_Handler
    startup_stm32f10x_md.o(RESET) refers to stm32f10x_it.o(i.UsageFault_Handler) for UsageFault_Handler
    startup_stm32f10x_md.o(RESET) refers to stm32f10x_it.o(i.SVC_Handler) for SVC_Handler
    startup_stm32f10x_md.o(RESET) refers to stm32f10x_it.o(i.DebugMon_Handler) for DebugMon_Handler
    startup_stm32f10x_md.o(RESET) refers to stm32f10x_it.o(i.PendSV_Handler) for PendSV_Handler
    startup_stm32f10x_md.o(RESET) refers to stm32f10x_it.o(i.SysTick_Handler) for SysTick_Handler
    startup_stm32f10x_md.o(RESET) refers to serial.o(i.USART1_IRQHandler) for USART1_IRQHandler
    startup_stm32f10x_md.o(.text) refers to system_stm32f10x.o(i.SystemInit) for SystemInit
    startup_stm32f10x_md.o(.text) refers to entry.o(.ARM.Collect$$$$00000000) for __main
    system_stm32f10x.o(i.SetSysClock) refers to system_stm32f10x.o(i.SetSysClockTo72) for SetSysClockTo72
    system_stm32f10x.o(i.SystemCoreClockUpdate) refers to system_stm32f10x.o(.data) for SystemCoreClock
    system_stm32f10x.o(i.SystemInit) refers to system_stm32f10x.o(i.SetSysClock) for SetSysClock
    stm32f10x_adc.o(i.ADC_DeInit) refers to stm32f10x_rcc.o(i.RCC_APB2PeriphResetCmd) for RCC_APB2PeriphResetCmd
    stm32f10x_bkp.o(i.BKP_DeInit) refers to stm32f10x_rcc.o(i.RCC_BackupResetCmd) for RCC_BackupResetCmd
    stm32f10x_can.o(i.CAN_DeInit) refers to stm32f10x_rcc.o(i.RCC_APB1PeriphResetCmd) for RCC_APB1PeriphResetCmd
    stm32f10x_can.o(i.CAN_GetITStatus) refers to stm32f10x_can.o(i.CheckITStatus) for CheckITStatus
    stm32f10x_cec.o(i.CEC_DeInit) refers to stm32f10x_rcc.o(i.RCC_APB1PeriphResetCmd) for RCC_APB1PeriphResetCmd
    stm32f10x_dac.o(i.DAC_DeInit) refers to stm32f10x_rcc.o(i.RCC_APB1PeriphResetCmd) for RCC_APB1PeriphResetCmd
    stm32f10x_flash.o(i.FLASH_EnableWriteProtection) refers to stm32f10x_flash.o(i.FLASH_WaitForLastOperation) for FLASH_WaitForLastOperation
    stm32f10x_flash.o(i.FLASH_EraseAllBank1Pages) refers to stm32f10x_flash.o(i.FLASH_WaitForLastBank1Operation) for FLASH_WaitForLastBank1Operation
    stm32f10x_flash.o(i.FLASH_EraseAllPages) refers to stm32f10x_flash.o(i.FLASH_WaitForLastOperation) for FLASH_WaitForLastOperation
    stm32f10x_flash.o(i.FLASH_EraseOptionBytes) refers to stm32f10x_flash.o(i.FLASH_GetReadOutProtectionStatus) for FLASH_GetReadOutProtectionStatus
    stm32f10x_flash.o(i.FLASH_EraseOptionBytes) refers to stm32f10x_flash.o(i.FLASH_WaitForLastOperation) for FLASH_WaitForLastOperation
    stm32f10x_flash.o(i.FLASH_ErasePage) refers to stm32f10x_flash.o(i.FLASH_WaitForLastOperation) for FLASH_WaitForLastOperation
    stm32f10x_flash.o(i.FLASH_ProgramHalfWord) refers to stm32f10x_flash.o(i.FLASH_WaitForLastOperation) for FLASH_WaitForLastOperation
    stm32f10x_flash.o(i.FLASH_ProgramOptionByteData) refers to stm32f10x_flash.o(i.FLASH_WaitForLastOperation) for FLASH_WaitForLastOperation
    stm32f10x_flash.o(i.FLASH_ProgramWord) refers to stm32f10x_flash.o(i.FLASH_WaitForLastOperation) for FLASH_WaitForLastOperation
    stm32f10x_flash.o(i.FLASH_ReadOutProtection) refers to stm32f10x_flash.o(i.FLASH_WaitForLastOperation) for FLASH_WaitForLastOperation
    stm32f10x_flash.o(i.FLASH_UserOptionByteConfig) refers to stm32f10x_flash.o(i.FLASH_WaitForLastOperation) for FLASH_WaitForLastOperation
    stm32f10x_flash.o(i.FLASH_WaitForLastBank1Operation) refers to stm32f10x_flash.o(i.FLASH_GetBank1Status) for FLASH_GetBank1Status
    stm32f10x_flash.o(i.FLASH_WaitForLastOperation) refers to stm32f10x_flash.o(i.FLASH_GetBank1Status) for FLASH_GetBank1Status
    stm32f10x_gpio.o(i.GPIO_AFIODeInit) refers to stm32f10x_rcc.o(i.RCC_APB2PeriphResetCmd) for RCC_APB2PeriphResetCmd
    stm32f10x_gpio.o(i.GPIO_DeInit) refers to stm32f10x_rcc.o(i.RCC_APB2PeriphResetCmd) for RCC_APB2PeriphResetCmd
    stm32f10x_i2c.o(i.I2C_DeInit) refers to stm32f10x_rcc.o(i.RCC_APB1PeriphResetCmd) for RCC_APB1PeriphResetCmd
    stm32f10x_i2c.o(i.I2C_Init) refers to stm32f10x_rcc.o(i.RCC_GetClocksFreq) for RCC_GetClocksFreq
    stm32f10x_pwr.o(i.PWR_DeInit) refers to stm32f10x_rcc.o(i.RCC_APB1PeriphResetCmd) for RCC_APB1PeriphResetCmd
    stm32f10x_rcc.o(i.RCC_GetClocksFreq) refers to stm32f10x_rcc.o(.data) for APBAHBPrescTable
[...]
    Removing stm32f10x_usart.o(i.USART_ClockInit), (34 bytes).
    Removing stm32f10x_usart.o(i.USART_ClockStructInit), (12 bytes).
    Removing stm32f10x_usart.o(i.USART_DMACmd), (18 bytes).
    Removing stm32f10x_usart.o(i.USART_DeInit), (156 bytes).
    Removing stm32f10x_usart.o(i.USART_HalfDuplexCmd), (24 bytes).
    Removing stm32f10x_usart.o(i.USART_IrDACmd), (24 bytes).
    Removing stm32f10x_usart.o(i.USART_IrDAConfig), (18 bytes).
    Removing stm32f10x_usart.o(i.USART_LINBreakDetectLengthConfig), (18 bytes).
    Removing stm32f10x_usart.o(i.USART_LINCmd), (24 bytes).
    Removing stm32f10x_usart.o(i.USART_OneBitMethodCmd), (24 bytes).
    Removing stm32f10x_usart.o(i.USART_OverSampling8Cmd), (22 bytes).
    Removing stm32f10x_usart.o(i.USART_ReceiverWakeUpCmd), (24 bytes).
    Removing stm32f10x_usart.o(i.USART_SendBreak), (10 bytes).
    Removing stm32f10x_usart.o(i.USART_SetAddress), (18 bytes).
    Removing stm32f10x_usart.o(i.USART_SetGuardTime), (16 bytes).
    Removing stm32f10x_usart.o(i.USART_SetPrescaler), (16 bytes).
    Removing stm32f10x_usart.o(i.USART_SmartCardCmd), (24 bytes).
    Removing stm32f10x_usart.o(i.USART_SmartCardNACKCmd), (24 bytes).
    Removing stm32f10x_usart.o(i.USART_StructInit), (24 bytes).
    Removing stm32f10x_usart.o(i.USART_WakeUpConfig), (18 bytes).
    Removing stm32f10x_wwdg.o(i.WWDG_ClearFlag), (12 bytes).
    Removing stm32f10x_wwdg.o(i.WWDG_DeInit), (22 bytes).
    Removing stm32f10x_wwdg.o(i.WWDG_Enable), (16 bytes).
    Removing stm32f10x_wwdg.o(i.WWDG_EnableIT), (12 bytes).
    Removing stm32f10x_wwdg.o(i.WWDG_GetFlagStatus), (12 bytes).
    Removing stm32f10x_wwdg.o(i.WWDG_SetCounter), (16 bytes).
    Removing stm32f10x_wwdg.o(i.WWDG_SetPrescaler), (24 bytes).
    Removing stm32f10x_wwdg.o(i.WWDG_SetWindowValue), (40 bytes).
    Removing oled.o(i.OLED_DrawArc), (618 bytes).
    Removing oled.o(i.OLED_DrawCircle), (352 bytes).
    Removing oled.o(i.OLED_DrawEllipse), (812 bytes).
    Removing oled.o(i.OLED_DrawLine), (374 bytes).
    Removing oled.o(i.OLED_DrawPoint), (80 bytes).
    Removing oled.o(i.OLED_DrawRectangle), (142 bytes).
    Removing oled.o(i.OLED_DrawTriangle), (232 bytes).
    Removing oled.o(i.OLED_GetPoint), (68 bytes).
    Removing oled.o(i.OLED_IsInAngle), (124 bytes).
    Removing oled.o(i.OLED_Pow), (20 bytes).
    Removing oled.o(i.OLED_Printf), (50 bytes).
    Removing oled.o(i.OLED_Reverse), (52 bytes).
    Removing oled.o(i.OLED_ReverseArea), (168 bytes).
    Removing oled.o(i.OLED_ShowBinNum), (70 bytes).
    Removing oled.o(i.OLED_ShowChinese), (152 bytes).
    Removing oled.o(i.OLED_ShowFloatNum), (210 bytes).
    Removing oled.o(i.OLED_ShowHexNum), (96 bytes).
    Removing oled.o(i.OLED_ShowNum), (76 bytes).
    Removing oled.o(i.OLED_ShowSignedNum), (112 bytes).
    Removing oled.o(i.OLED_UpdateArea), (124 bytes).
    Removing oled.o(i.OLED_pnpoly), (140 bytes).
    Removing serial.o(i.Serial_Pow), (20 bytes).
    Removing serial.o(i.Serial_SendArray), (26 bytes).
    Removing serial.o(i.Serial_SendByte), (32 bytes).
    Removing serial.o(i.Serial_SendNumber), (58 bytes).
    Removing serial.o(i.Serial_SendString), (26 bytes).
    Removing spi_flash.o(i.W25QXX_Erase_Chip), (48 bytes).
    Removing spi_flash.o(i.W25QXX_PowerDown), (40 bytes).
    Removing spi_flash.o(i.W25QXX_WAKEUP), (40 bytes).
    Removing spi_flash.o(i.W25QXX_Write_Disable), (36 bytes).
    Removing spi_flash.o(i.W25QXX_Write_NoCheck), (70 bytes).
    Removing spi_flash.o(i.W25QXX_Write_SR), (44 bytes).
    Removing ff.o(i.f_getfree), (260 bytes).
    Removing ff.o(i.f_lseek), (416 bytes).
    Removing ff.o(i.f_rename), (296 bytes).
    Removing ff.o(i.f_stat), (72 bytes).
    Removing ff.o(i.f_truncate), (178 bytes).
    Removing fadd.o(.text), (176 bytes).
    Removing fflti.o(.text), (18 bytes).
    Removing dflti.o(.text), (34 bytes).
    Removing dfltui.o(.text), (26 bytes).
    Removing dfixi.o(.text), (62 bytes).
    Removing dfixui.o(.text), (50 bytes).
    Removing cdcmple.o(.text), (48 bytes).
    Removing d2f.o(.text), (56 bytes).
    Removing cfcmple.o(.text), (20 bytes).
    Removing fepilogue.o(.text), (110 bytes).
    Removing drnd.o(.text), (136 bytes).
    Removing dscalb.o(.text), (46 bytes).

508 unused section(s) (total 25258 bytes) removed from the image.

==============================================================================

Image Symbol Table

    Local Symbols

    Symbol Name                              Value     Ov Type        Size  Object(Section)

    ../clib/microlib/ctype/ctype.c           0x00000000   Number         0  isspace_c.o ABSOLUTE
    ../clib/microlib/ctype/ctype.c           0x00000000   Number         0  ctype_c.o ABSOLUTE
    ../clib/microlib/division.c              0x00000000   Number         0  uidiv.o ABSOLUTE
    ../clib/microlib/division.c              0x00000000   Number         0  uldiv.o ABSOLUTE
    ../clib/microlib/errno.c                 0x00000000   Number         0  errno.o ABSOLUTE
    ../clib/microlib/init/entry.s            0x00000000   Number         0  entry9a.o ABSOLUTE
    ../clib/microlib/init/entry.s            0x00000000   Number         0  entry.o ABSOLUTE
    ../clib/microlib/init/entry.s            0x00000000   Number         0  entry10b.o ABSOLUTE
    ../clib/microlib/init/entry.s            0x00000000   Number         0  entry11a.o ABSOLUTE
    ../clib/microlib/init/entry.s            0x00000000   Number         0  entry9b.o ABSOLUTE
    ../clib/microlib/init/entry.s            0x00000000   Number         0  entry11b.o ABSOLUTE
    ../clib/microlib/init/entry.s            0x00000000   Number         0  entry10a.o ABSOLUTE
    ../clib/microlib/init/entry.s            0x00000000   Number         0  entry7b.o ABSOLUTE
    ../clib/microlib/init/entry.s            0x00000000   Number         0  entry2.o ABSOLUTE
    ../clib/microlib/init/entry.s            0x00000000   Number         0  entry5.o ABSOLUTE
    ../clib/microlib/init/entry.s            0x00000000   Number         0  entry7a.o ABSOLUTE
    ../clib/microlib/init/entry.s            0x00000000   Number         0  entry8b.o ABSOLUTE
    ../clib/microlib/init/entry.s            0x00000000   Number         0  entry8a.o ABSOLUTE
    ../clib/microlib/longlong.c              0x00000000   Number         0  llsshr.o ABSOLUTE
    ../clib/microlib/longlong.c              0x00000000   Number         0  llshl.o ABSOLUTE
    ../clib/microlib/longlong.c              0x00000000   Number         0  llushr.o ABSOLUTE
    ../clib/microlib/printf/printf.c         0x00000000   Number         0  printf5.o ABSOLUTE
    ../clib/microlib/printf/printf.c         0x00000000   Number         0  printf6.o ABSOLUTE
    ../clib/microlib/printf/printf.c         0x00000000   Number         0  printf7.o ABSOLUTE
    ../clib/microlib/printf/printf.c         0x00000000   Number         0  printfa.o ABSOLUTE
    ../clib/microlib/printf/printf.c         0x00000000   Number         0  printf8.o ABSOLUTE
    ../clib/microlib/printf/printf.c         0x00000000   Number         0  printfb.o ABSOLUTE
    ../clib/microlib/printf/printf.c         0x00000000   Number         0  printf2.o ABSOLUTE
    ../clib/microlib/printf/printf.c         0x00000000   Number         0  printf0.o ABSOLUTE
    ../clib/microlib/printf/printf.c         0x00000000   Number         0  printf1.o ABSOLUTE
    ../clib/microlib/printf/printf.c         0x00000000   Number         0  printf3.o ABSOLUTE
    ../clib/microlib/printf/printf.c         0x00000000   Number         0  printf4.o ABSOLUTE
    ../clib/microlib/printf/stubs.s          0x00000000   Number         0  stubs.o ABSOLUTE
    ../clib/microlib/stdio/streams.c         0x00000000   Number         0  stdout.o ABSOLUTE
    ../clib/microlib/string/memcmp.c         0x00000000   Number         0  memcmp.o ABSOLUTE
    ../clib/microlib/string/memcpy.c         0x00000000   Number         0  memcpyb.o ABSOLUTE
    ../clib/microlib/string/memcpy.c         0x00000000   Number         0  memcpya.o ABSOLUTE
    ../clib/microlib/string/memset.c         0x00000000   Number         0  memseta.o ABSOLUTE
    ../clib/microlib/string/strcat.c         0x00000000   Number         0  strcat.o ABSOLUTE
    ../clib/microlib/string/strchr.c         0x00000000   Number         0  strchr.o ABSOLUTE
    ../clib/microlib/string/strcmp.c         0x00000000   Number         0  strcmp.o ABSOLUTE
    ../clib/microlib/string/strcpy.c         0x00000000   Number         0  strcpy.o ABSOLUTE
    ../clib/microlib/string/strlen.c         0x00000000   Number         0  strlen.o ABSOLUTE
    ../clib/microlib/stubs.s                 0x00000000   Number         0  iusefp.o ABSOLUTE
    ../clib/scanf.c                          0x00000000   Number         0  _scanf.o ABSOLUTE
    ../clib/scanf.c                          0x00000000   Number         0  scanf_char.o ABSOLUTE
    ../clib/scanf.c                          0x00000000   Number         0  _scanf_str.o ABSOLUTE
    ../clib/scanf.c                          0x00000000   Number         0  __0sscanf.o ABSOLUTE
    ../clib/scanf.c                          0x00000000   Number         0  _sgetc.o ABSOLUTE
    ../fplib/microlib/d2f.c                  0x00000000   Number         0  d2f.o ABSOLUTE
    ../fplib/microlib/fpadd.c                0x00000000   Number         0  fadd.o ABSOLUTE
    ../fplib/microlib/fpadd.c                0x00000000   Number         0  dadd.o ABSOLUTE
    ../fplib/microlib/fpdiv.c                0x00000000   Number         0  ddiv.o ABSOLUTE
    ../fplib/microlib/fpepilogue.c           0x00000000   Number         0  fepilogue.o ABSOLUTE
    ../fplib/microlib/fpepilogue.c           0x00000000   Number         0  depilogue.o ABSOLUTE
    ../fplib/microlib/fpfix.c                0x00000000   Number         0  dfixul.o ABSOLUTE
    ../fplib/microlib/fpfix.c                0x00000000   Number         0  dfixui.o ABSOLUTE
    ../fplib/microlib/fpfix.c                0x00000000   Number         0  dfixi.o ABSOLUTE
    ../fplib/microlib/fpflt.c                0x00000000   Number         0  dfltui.o ABSOLUTE
    ../fplib/microlib/fpflt.c                0x00000000   Number         0  dflti.o ABSOLUTE
    ../fplib/microlib/fpflt.c                0x00000000   Number         0  fflti.o ABSOLUTE
    ../fplib/microlib/fpmul.c                0x00000000   Number         0  dmul.o ABSOLUTE
    ../fplib/microlib/fprnd.c                0x00000000   Number         0  drnd.o ABSOLUTE
    ../fplib/microlib/fpscalb.c              0x00000000   Number         0  dscalb.o ABSOLUTE
    ../mathlib/atan.c                        0x00000000   Number         0  atan_x.o ABSOLUTE
    ../mathlib/atan.c                        0x00000000   Number         0  atan.o ABSOLUTE
    ../mathlib/atan2.c                       0x00000000   Number         0  atan2_x.o ABSOLUTE
    ../mathlib/atan2.c                       0x00000000   Number         0  atan2.o ABSOLUTE
    ../mathlib/dunder.c                      0x00000000   Number         0  dunder.o ABSOLUTE
    ../mathlib/fpclassify.c                  0x00000000   Number         0  fpclassify.o ABSOLUTE
    ../mathlib/poly.c                        0x00000000   Number         0  poly.o ABSOLUTE
    ../mathlib/qnan.c                        0x00000000   Number         0  qnan.o ABSOLUTE
    ../mathlib/round.c                       0x00000000   Number         0  round.o ABSOLUTE
    APP\fatfs_system.c                       0x00000000   Number         0  fatfs_system.o ABSOLUTE
    FatFs\diskio.c                           0x00000000   Number         0  diskio.o ABSOLUTE
    FatFs\ff.c                               0x00000000   Number         0  ff.o ABSOLUTE
    FatFs\ffsystem.c                         0x00000000   Number         0  ffsystem.o ABSOLUTE
    FatFs\ffunicode.c                        0x00000000   Number         0  ffunicode.o ABSOLUTE
    Hardware\OLED.c                          0x00000000   Number         0  oled.o ABSOLUTE
    Hardware\OLED_Data.c                     0x00000000   Number         0  oled_data.o ABSOLUTE
    Hardware\Serial.c                        0x00000000   Number         0  serial.o ABSOLUTE
    Hardware\spi_flash.c                     0x00000000   Number         0  spi_flash.o ABSOLUTE
    Library\misc.c                           0x00000000   Number         0  misc.o ABSOLUTE
    Library\stm32f10x_adc.c                  0x00000000   Number         0  stm32f10x_adc.o ABSOLUTE
    Library\stm32f10x_bkp.c                  0x00000000   Number         0  stm32f10x_bkp.o ABSOLUTE
    Library\stm32f10x_can.c                  0x00000000   Number         0  stm32f10x_can.o ABSOLUTE
    Library\stm32f10x_cec.c                  0x00000000   Number         0  stm32f10x_cec.o ABSOLUTE
    Library\stm32f10x_crc.c                  0x00000000   Number         0  stm32f10x_crc.o ABSOLUTE
    Library\stm32f10x_dac.c                  0x00000000   Number         0  stm32f10x_dac.o ABSOLUTE
    Library\stm32f10x_dbgmcu.c               0x00000000   Number         0  stm32f10x_dbgmcu.o ABSOLUTE
    Library\stm32f10x_dma.c                  0x00000000   Number         0  stm32f10x_dma.o ABSOLUTE
    Library\stm32f10x_exti.c                 0x00000000   Number         0  stm32f10x_exti.o ABSOLUTE
    Library\stm32f10x_flash.c                0x00000000   Number         0  stm32f10x_flash.o ABSOLUTE
    Library\stm32f10x_fsmc.c                 0x00000000   Number         0  stm32f10x_fsmc.o ABSOLUTE
    Library\stm32f10x_gpio.c                 0x00000000   Number         0  stm32f10x_gpio.o ABSOLUTE
    Library\stm32f10x_i2c.c                  0x00000000   Number         0  stm32f10x_i2c.o ABSOLUTE
    Library\stm32f10x_iwdg.c                 0x00000000   Number         0  stm32f10x_iwdg.o ABSOLUTE
    Library\stm32f10x_pwr.c                  0x00000000   Number         0  stm32f10x_pwr.o ABSOLUTE
    Library\stm32f10x_rcc.c                  0x00000000   Number         0  stm32f10x_rcc.o ABSOLUTE
    Library\stm32f10x_rtc.c                  0x00000000   Number         0  stm32f10x_rtc.o ABSOLUTE
    Library\stm32f10x_sdio.c                 0x00000000   Number         0  stm32f10x_sdio.o ABSOLUTE
    Library\stm32f10x_spi.c                  0x00000000   Number         0  stm32f10x_spi.o ABSOLUTE
    Library\stm32f10x_tim.c                  0x00000000   Number         0  stm32f10x_tim.o ABSOLUTE
    Library\stm32f10x_usart.c                0x00000000   Number         0  stm32f10x_usart.o ABSOLUTE
    Library\stm32f10x_wwdg.c                 0x00000000   Number         0  stm32f10x_wwdg.o ABSOLUTE
    Start\\core_cm3.c                        0x00000000   Number         0  core_cm3.o ABSOLUTE
    Start\core_cm3.c                         0x00000000   Number         0  core_cm3.o ABSOLUTE
    Start\startup_stm32f10x_md.s             0x00000000   Number         0  startup_stm32f10x_md.o ABSOLUTE
    Start\system_stm32f10x.c                 0x00000000   Number         0  system_stm32f10x.o ABSOLUTE
    User\main.c                              0x00000000   Number         0  main.o ABSOLUTE
    User\stm32f10x_it.c                      0x00000000   Number         0  stm32f10x_it.o ABSOLUTE
    cdcmple.s                                0x00000000   Number         0  cdcmple.o ABSOLUTE
    cdrcmple.s                               0x00000000   Number         0  cdrcmple.o ABSOLUTE
    cfcmple.s                                0x00000000   Number         0  cfcmple.o ABSOLUTE
    dc.s                                     0x00000000   Number         0  dc.o ABSOLUTE
    handlers.s                               0x00000000   Number         0  handlers.o ABSOLUTE
    init.s                                   0x00000000   Number         0  init.o ABSOLUTE
    RESET                                    0x08000000   Section      236  startup_stm32f10x_md.o(RESET)
    .ARM.Collect$$$$00000000                 0x080000ec   Section        0  entry.o(.ARM.Collect$$$$00000000)
    .ARM.Collect$$$$00000001                 0x080000ec   Section        4  entry2.o(.ARM.Collect$$$$00000001)
    .ARM.Collect$$$$00000004                 0x080000f0   Section        4  entry5.o(.ARM.Collect$$$$00000004)
    .ARM.Collect$$$$00000008                 0x080000f4   Section        0  entry7b.o(.ARM.Collect$$$$00000008)
    .ARM.Collect$$$$0000000A                 0x080000f4   Section        0  entry8b.o(.ARM.Collect$$$$0000000A)
    .ARM.Collect$$$$0000000B                 0x080000f4   Section        8  entry9a.o(.ARM.Collect$$$$0000000B)
    .ARM.Collect$$$$0000000D                 0x080000fc   Section        0  entry10a.o(.ARM.Collect$$$$0000000D)
    .ARM.Collect$$$$0000000F                 0x080000fc   Section        0  entry11a.o(.ARM.Collect$$$$0000000F)
    .ARM.Collect$$$$00002712                 0x080000fc   Section        4  entry2.o(.ARM.Collect$$$$00002712)
    __lit__00000000                          0x080000fc   Data           4  entry2.o(.ARM.Collect$$$$00002712)
    .text                                    0x08000100   Section       36  startup_stm32f10x_md.o(.text)
    .text                                    0x08000124   Section        0  memcpya.o(.text)
    .text                                    0x08000148   Section        0  memseta.o(.text)
    .text                                    0x0800016c   Section        0  strcat.o(.text)
    .text                                    0x08000184   Section        0  strchr.o(.text)
    .text                                    0x08000198   Section        0  strlen.o(.text)
    .text                                    0x080001a6   Section        0  strcmp.o(.text)
    .text                                    0x080001c2   Section        0  memcmp.o(.text)
    .text                                    0x080001dc   Section        0  strcpy.o(.text)
    .text                                    0x080001f0   Section        0  __0sscanf.o(.text)
    .text                                    0x08000228   Section        0  _scanf_str.o(.text)
    .text                                    0x08000308   Section        0  dadd.o(.text)
    .text                                    0x08000456   Section        0  dmul.o(.text)
    .text                                    0x0800053a   Section        0  ddiv.o(.text)
    .text                                    0x08000618   Section       48  cdrcmple.o(.text)
    .text                                    0x08000648   Section        0  uidiv.o(.text)
    .text                                    0x08000674   Section        0  uldiv.o(.text)
    .text                                    0x080006d6   Section        0  llshl.o(.text)
    .text                                    0x080006f4   Section        0  llushr.o(.text)
    .text                                    0x08000714   Section        0  llsshr.o(.text)
    .text                                    0x08000738   Section        0  scanf_char.o(.text)
    _scanf_char_input                        0x08000739   Thumb Code    12  scanf_char.o(.text)
    .text                                    0x08000760   Section        0  _sgetc.o(.text)
    .text                                    0x080007a0   Section        0  depilogue.o(.text)
    .text                                    0x080007a0   Section        0  iusefp.o(.text)
    .text                                    0x0800085a   Section        0  dfixul.o(.text)
    .text                                    0x0800088c   Section       36  init.o(.text)
    .text                                    0x080008b0   Section        0  isspace_c.o(.text)
    .text                                    0x080008bc   Section        0  _scanf.o(.text)
    .text                                    0x08000be8   Section        0  ctype_c.o(.text)
    i.BusFault_Handler                       0x08000c10   Section        0  stm32f10x_it.o(i.BusFault_Handler)
    i.DebugMon_Handler                       0x08000c14   Section        0  stm32f10x_it.o(i.DebugMon_Handler)
    i.FatFs_Check                            0x08000c18   Section        0  fatfs_system.o(i.FatFs_Check)
    i.GPIO_Init                              0x08000cec   Section        0  stm32f10x_gpio.o(i.GPIO_Init)
    i.GPIO_ReadInputDataBit                  0x08000e02   Section        0  stm32f10x_gpio.o(i.GPIO_ReadInputDataBit)
    i.GPIO_ResetBits                         0x08000e14   Section        0  stm32f10x_gpio.o(i.GPIO_ResetBits)
    i.GPIO_SetBits                           0x08000e18   Section        0  stm32f10x_gpio.o(i.GPIO_SetBits)
    i.GPIO_WriteBit                          0x08000e1c   Section        0  stm32f10x_gpio.o(i.GPIO_WriteBit)
    i.HardFault_Handler                      0x08000e26   Section        0  stm32f10x_it.o(i.HardFault_Handler)
    i.MemManage_Handler                      0x08000e2a   Section        0  stm32f10x_it.o(i.MemManage_Handler)
    i.NMI_Handler                            0x08000e2e   Section        0  stm32f10x_it.o(i.NMI_Handler)
    i.NVIC_Init                              0x08000e30   Section        0  misc.o(i.NVIC_Init)
    i.NVIC_PriorityGroupConfig               0x08000ea0   Section        0  misc.o(i.NVIC_PriorityGroupConfig)
    i.OLED_Clear                             0x08000eb4   Section        0  oled.o(i.OLED_Clear)
    i.OLED_ClearArea                         0x08000edc   Section        0  oled.o(i.OLED_ClearArea)
    i.OLED_GPIO_Init                         0x08000f84   Section        0  oled.o(i.OLED_GPIO_Init)
    i.OLED_I2C_SendByte                      0x08000fe4   Section        0  oled.o(i.OLED_I2C_SendByte)
    i.OLED_I2C_Start                         0x08001022   Section        0  oled.o(i.OLED_I2C_Start)
    i.OLED_I2C_Stop                          0x0800103e   Section        0  oled.o(i.OLED_I2C_Stop)
    i.OLED_Init                              0x08001054   Section        0  oled.o(i.OLED_Init)
    i.OLED_SetCursor                         0x080010ee   Section        0  oled.o(i.OLED_SetCursor)
    i.OLED_ShowChar                          0x08001110   Section        0  oled.o(i.OLED_ShowChar)
    i.OLED_ShowImage                         0x08001164   Section        0  oled.o(i.OLED_ShowImage)
    i.OLED_ShowString                        0x08001290   Section        0  oled.o(i.OLED_ShowString)
    i.OLED_Update                            0x080012c0   Section        0  oled.o(i.OLED_Update)
    i.OLED_W_SCL                             0x080012e8   Section        0  oled.o(i.OLED_W_SCL)
    i.OLED_W_SDA                             0x08001300   Section        0  oled.o(i.OLED_W_SDA)
    i.OLED_WriteCommand                      0x08001318   Section        0  oled.o(i.OLED_WriteCommand)
    i.OLED_WriteData                         0x08001338   Section        0  oled.o(i.OLED_WriteData)
    i.PendSV_Handler                         0x08001366   Section        0  stm32f10x_it.o(i.PendSV_Handler)
    i.RCC_APB2PeriphClockCmd                 0x08001368   Section        0  stm32f10x_rcc.o(i.RCC_APB2PeriphClockCmd)
    i.RCC_GetClocksFreq                      0x08001388   Section        0  stm32f10x_rcc.o(i.RCC_GetClocksFreq)
    i.SPI1_ReadWriteByte                     0x0800145c   Section        0  spi_flash.o(i.SPI1_ReadWriteByte)
    i.SVC_Handler                            0x080014dc   Section        0  stm32f10x_it.o(i.SVC_Handler)
    i.Serial_Init                            0x080014e0   Section        0  serial.o(i.Serial_Init)
    i.SetSysClock                            0x08001598   Section        0  system_stm32f10x.o(i.SetSysClock)
    SetSysClock                              0x08001599   Thumb Code     8  system_stm32f10x.o(i.SetSysClock)
    i.SetSysClockTo72                        0x080015a0   Section        0  system_stm32f10x.o(i.SetSysClockTo72)
    SetSysClockTo72                          0x080015a1   Thumb Code   214  system_stm32f10x.o(i.SetSysClockTo72)
    i.SysTick_Handler                        0x08001680   Section        0  stm32f10x_it.o(i.SysTick_Handler)
    i.SystemInit                             0x08001684   Section        0  system_stm32f10x.o(i.SystemInit)
    i.USART1_IRQHandler                      0x080016e4   Section        0  serial.o(i.USART1_IRQHandler)
    i.USART_ClearITPendingBit                0x08001784   Section        0  stm32f10x_usart.o(i.USART_ClearITPendingBit)
    i.USART_Cmd                              0x080017a2   Section        0  stm32f10x_usart.o(i.USART_Cmd)
    i.USART_GetFlagStatus                    0x080017ba   Section        0  stm32f10x_usart.o(i.USART_GetFlagStatus)
    i.USART_GetITStatus                      0x080017d4   Section        0  stm32f10x_usart.o(i.USART_GetITStatus)
    i.USART_ITConfig                         0x08001828   Section        0  stm32f10x_usart.o(i.USART_ITConfig)
    i.USART_Init                             0x08001874   Section        0  stm32f10x_usart.o(i.USART_Init)
    i.USART_ReceiveData                      0x0800194c   Section        0  stm32f10x_usart.o(i.USART_ReceiveData)
    i.USART_SendData                         0x08001956   Section        0  stm32f10x_usart.o(i.USART_SendData)
    i.UsageFault_Handler                     0x0800195e   Section        0  stm32f10x_it.o(i.UsageFault_Handler)
    i.W25QXX_Erase_Sector                    0x08001964   Section        0  spi_flash.o(i.W25QXX_Erase_Sector)
    i.W25QXX_Init                            0x080019ac   Section        0  spi_flash.o(i.W25QXX_Init)
    i.W25QXX_Read                            0x08001a28   Section        0  spi_flash.o(i.W25QXX_Read)
    i.W25QXX_ReadID                          0x08001a80   Section        0  spi_flash.o(i.W25QXX_ReadID)
    i.W25QXX_ReadSR                          0x08001ac8   Section        0  spi_flash.o(i.W25QXX_ReadSR)
    i.W25QXX_Wait_Busy                       0x08001af8   Section        0  spi_flash.o(i.W25QXX_Wait_Busy)
    i.W25QXX_Write                           0x08001b0a   Section        0  spi_flash.o(i.W25QXX_Write)
    i.W25QXX_Write_Enable                    0x08001c2c   Section        0  spi_flash.o(i.W25QXX_Write_Enable)
    i.W25QXX_Write_Page                      0x08001c50   Section        0  spi_flash.o(i.W25QXX_Write_Page)
    i.__0printf                              0x08001cb8   Section        0  printfa.o(i.__0printf)
    i.__0snprintf                            0x08001cd8   Section        0  printfa.o(i.__0snprintf)
    i.__scatterload_copy                     0x08001d08   Section       14  handlers.o(i.__scatterload_copy)
    i.__scatterload_null                     0x08001d16   Section        2  handlers.o(i.__scatterload_null)
    i.__scatterload_zeroinit                 0x08001d18   Section       14  handlers.o(i.__scatterload_zeroinit)
    i._fp_digits                             0x08001d28   Section        0  printfa.o(i._fp_digits)
    _fp_digits                               0x08001d29   Thumb Code   366  printfa.o(i._fp_digits)
    i._printf_core                           0x08001eac   Section        0  printfa.o(i._printf_core)
    _printf_core                             0x08001ead   Thumb Code  1744  printfa.o(i._printf_core)
    i._printf_post_padding                   0x08002588   Section        0  printfa.o(i._printf_post_padding)
    _printf_post_padding                     0x08002589   Thumb Code    36  printfa.o(i._printf_post_padding)
    i._printf_pre_padding                    0x080025ac   Section        0  printfa.o(i._printf_pre_padding)
    _printf_pre_padding                      0x080025ad   Thumb Code    46  printfa.o(i._printf_pre_padding)
    i._snputc                                0x080025da   Section        0  printfa.o(i._snputc)
    _snputc                                  0x080025db   Thumb Code    22  printfa.o(i._snputc)
    i.check_fs                               0x080025f0   Section        0  ff.o(i.check_fs)
    check_fs                                 0x080025f1   Thumb Code   210  ff.o(i.check_fs)
    i.clst2sect                              0x080026d0   Section        0  ff.o(i.clst2sect)
    clst2sect                                0x080026d1   Thumb Code    26  ff.o(i.clst2sect)
    i.cmp_lfn                                0x080026ec   Section        0  ff.o(i.cmp_lfn)
    cmp_lfn                                  0x080026ed   Thumb Code   148  ff.o(i.cmp_lfn)
    i.create_chain                           0x08002784   Section        0  ff.o(i.create_chain)
    create_chain                             0x08002785   Thumb Code   288  ff.o(i.create_chain)
    i.create_name                            0x080028a4   Section        0  ff.o(i.create_name)
    create_name                              0x080028a5   Thumb Code   592  ff.o(i.create_name)
    i.create_partition                       0x08002b0c   Section        0  ff.o(i.create_partition)
    create_partition                         0x08002b0d   Thumb Code   346  ff.o(i.create_partition)
    i.dbc_1st                                0x08002c66   Section        0  ff.o(i.dbc_1st)
    dbc_1st                                  0x08002c67   Thumb Code    12  ff.o(i.dbc_1st)
    i.dbc_2nd                                0x08002c72   Section        0  ff.o(i.dbc_2nd)
    dbc_2nd                                  0x08002c73   Thumb Code    12  ff.o(i.dbc_2nd)
    i.delay_us                               0x08002c7e   Section        0  spi_flash.o(i.delay_us)
    i.dir_alloc                              0x08002c8c   Section        0  ff.o(i.dir_alloc)
    dir_alloc                                0x08002c8d   Thumb Code    96  ff.o(i.dir_alloc)
    i.dir_clear                              0x08002cec   Section        0  ff.o(i.dir_clear)
    dir_clear                                0x08002ced   Thumb Code    94  ff.o(i.dir_clear)
    i.dir_find                               0x08002d4a   Section        0  ff.o(i.dir_find)
    dir_find                                 0x08002d4b   Thumb Code   252  ff.o(i.dir_find)
    i.dir_next                               0x08002e46   Section        0  ff.o(i.dir_next)
    dir_next                                 0x08002e47   Thumb Code   218  ff.o(i.dir_next)
    i.dir_read                               0x08002f20   Section        0  ff.o(i.dir_read)
    dir_read                                 0x08002f21   Thumb Code   210  ff.o(i.dir_read)
    i.dir_register                           0x08002ff2   Section        0  ff.o(i.dir_register)
    dir_register                             0x08002ff3   Thumb Code   326  ff.o(i.dir_register)
    i.dir_remove                             0x08003138   Section        0  ff.o(i.dir_remove)
    dir_remove                               0x08003139   Thumb Code    96  ff.o(i.dir_remove)
    i.dir_sdi                                0x08003198   Section        0  ff.o(i.dir_sdi)
    dir_sdi                                  0x08003199   Thumb Code   166  ff.o(i.dir_sdi)
    i.disk_initialize                        0x0800323e   Section        0  diskio.o(i.disk_initialize)
    i.disk_ioctl                             0x0800326a   Section        0  diskio.o(i.disk_ioctl)
    i.disk_read                              0x080032a4   Section        0  diskio.o(i.disk_read)
    i.disk_status                            0x080032da   Section        0  diskio.o(i.disk_status)
    i.disk_write                             0x08003302   Section        0  diskio.o(i.disk_write)
    i.f_close                                0x08003348   Section        0  ff.o(i.f_close)
    i.f_closedir                             0x0800336a   Section        0  ff.o(i.f_closedir)
    i.f_mkdir                                0x08003384   Section        0  ff.o(i.f_mkdir)
    i.f_mkdir_wrapper                        0x08003494   Section        0  fatfs_system.o(i.f_mkdir_wrapper)
    i.f_mkfs                                 0x080034f0   Section        0  ff.o(i.f_mkfs)
    i.f_mount                                0x08003be4   Section        0  ff.o(i.f_mount)
    i.f_open                                 0x08003c38   Section        0  ff.o(i.f_open)
    i.f_opendir                              0x08003e44   Section        0  ff.o(i.f_opendir)
    i.f_read                                 0x08003ebc   Section        0  ff.o(i.f_read)
    i.f_readdir                              0x0800408a   Section        0  ff.o(i.f_readdir)
    i.f_sync                                 0x080040e8   Section        0  ff.o(i.f_sync)
    i.f_unlink                               0x08004188   Section        0  ff.o(i.f_unlink)
    i.f_unlink_wrapper                       0x0800423c   Section        0  fatfs_system.o(i.f_unlink_wrapper)
    i.f_write                                0x08004290   Section        0  ff.o(i.f_write)
    i.ff_oem2uni                             0x080044a4   Section        0  ffunicode.o(i.ff_oem2uni)
    i.ff_uni2oem                             0x080044d0   Section        0  ffunicode.o(i.ff_uni2oem)
    i.ff_wtoupper                            0x08004510   Section        0  ffunicode.o(i.ff_wtoupper)
    i.find_volume                            0x080045c0   Section        0  ff.o(i.find_volume)
    find_volume                              0x080045c1   Thumb Code   120  ff.o(i.find_volume)
    i.follow_path                            0x08004638   Section        0  ff.o(i.follow_path)
    follow_path                              0x08004639   Thumb Code   168  ff.o(i.follow_path)
    i.fputc                                  0x080046e0   Section        0  serial.o(i.fputc)
    i.gen_numname                            0x08004704   Section        0  ff.o(i.gen_numname)
    gen_numname                              0x08004705   Thumb Code   206  ff.o(i.gen_numname)
    i.get_fat                                0x080047d8   Section        0  ff.o(i.get_fat)
    get_fat                                  0x080047d9   Thumb Code   306  ff.o(i.get_fat)
    i.get_fileinfo                           0x0800490a   Section        0  ff.o(i.get_fileinfo)
    get_fileinfo                             0x0800490b   Thumb Code   386  ff.o(i.get_fileinfo)
    i.get_ldnumber                           0x08004a8c   Section        0  ff.o(i.get_ldnumber)
    get_ldnumber                             0x08004a8d   Thumb Code    78  ff.o(i.get_ldnumber)
    i.ld_clust                               0x08004ada   Section        0  ff.o(i.ld_clust)
    ld_clust                                 0x08004adb   Thumb Code    38  ff.o(i.ld_clust)
    i.ld_dword                               0x08004b00   Section        0  ff.o(i.ld_dword)
    ld_dword                                 0x08004b01   Thumb Code    24  ff.o(i.ld_dword)
    i.ld_word                                0x08004b18   Section        0  ff.o(i.ld_word)
    ld_word                                  0x08004b19   Thumb Code    12  ff.o(i.ld_word)
    i.list_dir                               0x08004b24   Section        0  fatfs_system.o(i.list_dir)
    i.main                                   0x08004bb0   Section        0  main.o(i.main)
    i.mount_volume                           0x08004bfc   Section        0  ff.o(i.mount_volume)
    mount_volume                             0x08004bfd   Thumb Code   736  ff.o(i.mount_volume)
    i.move_window                            0x08004ef0   Section        0  ff.o(i.move_window)
    move_window                              0x08004ef1   Thumb Code    52  ff.o(i.move_window)
    i.pick_lfn                               0x08004f24   Section        0  ff.o(i.pick_lfn)
    pick_lfn                                 0x08004f25   Thumb Code   136  ff.o(i.pick_lfn)
    i.process_command                        0x08004fb0   Section        0  fatfs_system.o(i.process_command)
    i.put_fat                                0x080050e8   Section        0  ff.o(i.put_fat)
    put_fat                                  0x080050e9   Thumb Code   400  ff.o(i.put_fat)
    i.put_lfn                                0x08005278   Section        0  ff.o(i.put_lfn)
    put_lfn                                  0x08005279   Thumb Code   124  ff.o(i.put_lfn)
    i.put_utf                                0x080052f8   Section        0  ff.o(i.put_utf)
    put_utf                                  0x080052f9   Thumb Code    66  ff.o(i.put_utf)
    i.read_file                              0x0800533c   Section        0  fatfs_system.o(i.read_file)
    i.remove_chain                           0x080053ac   Section        0  ff.o(i.remove_chain)
    remove_chain                             0x080053ad   Thumb Code   154  ff.o(i.remove_chain)
    i.st_clust                               0x08005446   Section        0  ff.o(i.st_clust)
    st_clust                                 0x08005447   Thumb Code    36  ff.o(i.st_clust)
    i.st_dword                               0x0800546a   Section        0  ff.o(i.st_dword)
    st_dword                                 0x0800546b   Thumb Code    24  ff.o(i.st_dword)
    i.st_word                                0x08005482   Section        0  ff.o(i.st_word)
    st_word                                  0x08005483   Thumb Code    12  ff.o(i.st_word)
    i.sum_sfn                                0x0800548e   Section        0  ff.o(i.sum_sfn)
    sum_sfn                                  0x0800548f   Thumb Code    32  ff.o(i.sum_sfn)
    i.sync_fs                                0x080054b0   Section        0  ff.o(i.sync_fs)
    sync_fs                                  0x080054b1   Thumb Code   132  ff.o(i.sync_fs)
    i.sync_window                            0x0800553c   Section        0  ff.o(i.sync_window)
    sync_window                              0x0800553d   Thumb Code    74  ff.o(i.sync_window)
    i.tchar2uni                              0x08005586   Section        0  ff.o(i.tchar2uni)
    tchar2uni                                0x08005587   Thumb Code    76  ff.o(i.tchar2uni)
    i.validate                               0x080055d2   Section        0  ff.o(i.validate)
    validate                                 0x080055d3   Thumb Code    60  ff.o(i.validate)
    i.write_file                             0x08005610   Section        0  fatfs_system.o(i.write_file)
    .constdata                               0x080056c4   Section     2590  oled_data.o(.constdata)
    .constdata                               0x080060e4   Section      188  ff.o(.constdata)
    LfnOfs                                   0x080060e4   Data          13  ff.o(.constdata)
    ExCvt                                    0x080060f1   Data         128  ff.o(.constdata)
    cst                                      0x08006172   Data          14  ff.o(.constdata)
    cst32                                    0x08006180   Data          14  ff.o(.constdata)
    defopt                                   0x08006190   Data          16  ff.o(.constdata)
    .constdata                               0x080061a0   Section      942  ffunicode.o(.constdata)
    uc437                                    0x080061a0   Data         256  ffunicode.o(.constdata)
    cvt1                                     0x080062a0   Data         498  ffunicode.o(.constdata)
    cvt2                                     0x08006492   Data         188  ffunicode.o(.constdata)
    .constdata                               0x0800654e   Section       64  ctype_c.o(.constdata)
    .data                                    0x20000000   Section       20  stm32f10x_rcc.o(.data)
    APBAHBPrescTable                         0x20000000   Data          16  stm32f10x_rcc.o(.data)
    ADCPrescTable                            0x20000010   Data           4  stm32f10x_rcc.o(.data)
    .data                                    0x20000014   Section        3  serial.o(.data)
    RxState                                  0x20000015   Data           1  serial.o(.data)
    pRxPacket                                0x20000016   Data           1  serial.o(.data)
    .data                                    0x20000018   Section        2  spi_flash.o(.data)
    .data                                    0x2000001c   Section        6  ff.o(.data)
    FatFs                                    0x2000001c   Data           4  ff.o(.data)
    Fsid                                     0x20000020   Data           2  ff.o(.data)
    .data                                    0x20000024   Section        4  stdout.o(.data)
    .bss                                     0x20000028   Section     1024  oled.o(.bss)
    .bss                                     0x20000428   Section      100  serial.o(.bss)
    .bss                                     0x2000048c   Section    12384  fatfs_system.o(.bss)
    STACK                                    0x200034f0   Section     1024  startup_stm32f10x_md.o(STACK)

    Global Symbols

    Symbol Name                              Value     Ov Type        Size  Object(Section)

    BuildAttributes$$THM_ISAv4$P$D$K$B$S$PE$A:L22UL41UL21$X:L11$S22US41US21$IEEE1$IW$USESV6$~STKCKD$USESV7$~SHL$OTIME$ROPI$IEEEX$EBA8$MICROLIB$REQ8$PRES8$EABIv2 0x00000000   Number         0  anon$$obj.o ABSOLUTE
    __ARM_use_no_argv                        0x00000000   Number         0  main.o ABSOLUTE
    _printf_a                                0x00000000   Number         0  stubs.o ABSOLUTE
    _printf_c                                0x00000000   Number         0  stubs.o ABSOLUTE
    _printf_charcount                        0x00000000   Number         0  stubs.o ABSOLUTE
    _printf_d                                0x00000000   Number         0  stubs.o ABSOLUTE
    _printf_e                                0x00000000   Number         0  stubs.o ABSOLUTE
    _printf_f                                0x00000000   Number         0  stubs.o ABSOLUTE
    _printf_flags                            0x00000000   Number         0  stubs.o ABSOLUTE
    _printf_fp_dec                           0x00000000   Number         0  stubs.o ABSOLUTE
    _printf_fp_hex                           0x00000000   Number         0  stubs.o ABSOLUTE
    _printf_g                                0x00000000   Number         0  stubs.o ABSOLUTE
    _printf_i                                0x00000000   Number         0  stubs.o ABSOLUTE
    _printf_int_dec                          0x00000000   Number         0  stubs.o ABSOLUTE
    _printf_l                                0x00000000   Number         0  stubs.o ABSOLUTE
    _printf_lc                               0x00000000   Number         0  stubs.o ABSOLUTE
    _printf_ll                               0x00000000   Number         0  stubs.o ABSOLUTE
    _printf_lld                              0x00000000   Number         0  stubs.o ABSOLUTE
    _printf_lli                              0x00000000   Number         0  stubs.o ABSOLUTE
    _printf_llo                              0x00000000   Number         0  stubs.o ABSOLUTE
    _printf_llu                              0x00000000   Number         0  stubs.o ABSOLUTE
    _printf_llx                              0x00000000   Number         0  stubs.o ABSOLUTE
    _printf_longlong_dec                     0x00000000   Number         0  stubs.o ABSOLUTE
    _printf_longlong_hex                     0x00000000   Number         0  stubs.o ABSOLUTE
    _printf_longlong_oct                     0x00000000   Number         0  stubs.o ABSOLUTE
    _printf_ls                               0x00000000   Number         0  stubs.o ABSOLUTE
    _printf_mbtowc                           0x00000000   Number         0  stubs.o ABSOLUTE
    _printf_n                                0x00000000   Number         0  stubs.o ABSOLUTE
    _printf_o                                0x00000000   Number         0  stubs.o ABSOLUTE
    _printf_p                                0x00000000   Number         0  stubs.o ABSOLUTE
    _printf_percent                          0x00000000   Number         0  stubs.o ABSOLUTE
    _printf_pre_padding                      0x00000000   Number         0  stubs.o ABSOLUTE
    _printf_return_value                     0x00000000   Number         0  stubs.o ABSOLUTE
    _printf_s                                0x00000000   Number         0  stubs.o ABSOLUTE
    _printf_sizespec                         0x00000000   Number         0  stubs.o ABSOLUTE
    _printf_str                              0x00000000   Number         0  stubs.o ABSOLUTE
    _printf_truncate_signed                  0x00000000   Number         0  stubs.o ABSOLUTE
    _printf_truncate_unsigned                0x00000000   Number         0  stubs.o ABSOLUTE
    _printf_u                                0x00000000   Number         0  stubs.o ABSOLUTE
    _printf_wc                               0x00000000   Number         0  stubs.o ABSOLUTE
    _printf_wctomb                           0x00000000   Number         0  stubs.o ABSOLUTE
    _printf_widthprec                        0x00000000   Number         0  stubs.o ABSOLUTE
    _printf_x                                0x00000000   Number         0  stubs.o ABSOLUTE
    __cpp_initialize__aeabi_                  - Undefined Weak Reference
    __cxa_finalize                            - Undefined Weak Reference
    __decompress                              - Undefined Weak Reference
    _clock_init                               - Undefined Weak Reference
    _microlib_exit                            - Undefined Weak Reference
    _scanf_int                                - Undefined Weak Reference
    _scanf_longlong                           - Undefined Weak Reference
    _scanf_real                               - Undefined Weak Reference
    __Vectors_Size                           0x000000ec   Number         0  startup_stm32f10x_md.o ABSOLUTE
    __Vectors                                0x08000000   Data           4  startup_stm32f10x_md.o(RESET)
    __Vectors_End                            0x080000ec   Data           0  startup_stm32f10x_md.o(RESET)
    __main                                   0x080000ed   Thumb Code     0  entry.o(.ARM.Collect$$$$00000000)
    _main_stk                                0x080000ed   Thumb Code     0  entry2.o(.ARM.Collect$$$$00000001)
    _main_scatterload                        0x080000f1   Thumb Code     0  entry5.o(.ARM.Collect$$$$00000004)
    __main_after_scatterload                 0x080000f5   Thumb Code     0  entry5.o(.ARM.Collect$$$$00000004)
    _main_clock                              0x080000f5   Thumb Code     0  entry7b.o(.ARM.Collect$$$$00000008)
    _main_cpp_init                           0x080000f5   Thumb Code     0  entry8b.o(.ARM.Collect$$$$0000000A)
    _main_init                               0x080000f5   Thumb Code     0  entry9a.o(.ARM.Collect$$$$0000000B)
    __rt_final_cpp                           0x080000fd   Thumb Code     0  entry10a.o(.ARM.Collect$$$$0000000D)
    __rt_final_exit                          0x080000fd   Thumb Code     0  entry11a.o(.ARM.Collect$$$$0000000F)
    Reset_Handler                            0x08000101   Thumb Code     8  startup_stm32f10x_md.o(.text)
    ADC1_2_IRQHandler                        0x0800011b   Thumb Code     0  startup_stm32f10x_md.o(.text)
    CAN1_RX1_IRQHandler                      0x0800011b   Thumb Code     0  startup_stm32f10x_md.o(.text)
    CAN1_SCE_IRQHandler                      0x0800011b   Thumb Code     0  startup_stm32f10x_md.o(.text)
    DMA1_Channel1_IRQHandler                 0x0800011b   Thumb Code     0  startup_stm32f10x_md.o(.text)
    DMA1_Channel2_IRQHandler                 0x0800011b   Thumb Code     0  startup_stm32f10x_md.o(.text)
    DMA1_Channel3_IRQHandler                 0x0800011b   Thumb Code     0  startup_stm32f10x_md.o(.text)
    DMA1_Channel4_IRQHandler                 0x0800011b   Thumb Code     0  startup_stm32f10x_md.o(.text)
    DMA1_Channel5_IRQHandler                 0x0800011b   Thumb Code     0  startup_stm32f10x_md.o(.text)
    DMA1_Channel6_IRQHandler                 0x0800011b   Thumb Code     0  startup_stm32f10x_md.o(.text)
    DMA1_Channel7_IRQHandler                 0x0800011b   Thumb Code     0  startup_stm32f10x_md.o(.text)
    EXTI0_IRQHandler                         0x0800011b   Thumb Code     0  startup_stm32f10x_md.o(.text)
    EXTI15_10_IRQHandler                     0x0800011b   Thumb Code     0  startup_stm32f10x_md.o(.text)
    EXTI1_IRQHandler                         0x0800011b   Thumb Code     0  startup_stm32f10x_md.o(.text)
    EXTI2_IRQHandler                         0x0800011b   Thumb Code     0  startup_stm32f10x_md.o(.text)
    EXTI3_IRQHandler                         0x0800011b   Thumb Code     0  startup_stm32f10x_md.o(.text)
    EXTI4_IRQHandler                         0x0800011b   Thumb Code     0  startup_stm32f10x_md.o(.text)
    EXTI9_5_IRQHandler                       0x0800011b   Thumb Code     0  startup_stm32f10x_md.o(.text)
    FLASH_IRQHandler                         0x0800011b   Thumb Code     0  startup_stm32f10x_md.o(.text)
    I2C1_ER_IRQHandler                       0x0800011b   Thumb Code     0  startup_stm32f10x_md.o(.text)
    I2C1_EV_IRQHandler                       0x0800011b   Thumb Code     0  startup_stm32f10x_md.o(.text)
    I2C2_ER_IRQHandler                       0x0800011b   Thumb Code     0  startup_stm32f10x_md.o(.text)
    I2C2_EV_IRQHandler                       0x0800011b   Thumb Code     0  startup_stm32f10x_md.o(.text)
    PVD_IRQHandler                           0x0800011b   Thumb Code     0  startup_stm32f10x_md.o(.text)
    RCC_IRQHandler                           0x0800011b   Thumb Code     0  startup_stm32f10x_md.o(.text)
    RTCAlarm_IRQHandler                      0x0800011b   Thumb Code     0  startup_stm32f10x_md.o(.text)
    RTC_IRQHandler                           0x0800011b   Thumb Code     0  startup_stm32f10x_md.o(.text)
    SPI1_IRQHandler                          0x0800011b   Thumb Code     0  startup_stm32f10x_md.o(.text)
    SPI2_IRQHandler                          0x0800011b   Thumb Code     0  startup_stm32f10x_md.o(.text)
    TAMPER_IRQHandler                        0x0800011b   Thumb Code     0  startup_stm32f10x_md.o(.text)
    TIM1_BRK_IRQHandler                      0x0800011b   Thumb Code     0  startup_stm32f10x_md.o(.text)
    TIM1_CC_IRQHandler                       0x0800011b   Thumb Code     0  startup_stm32f10x_md.o(.text)
    TIM1_TRG_COM_IRQHandler                  0x0800011b   Thumb Code     0  startup_stm32f10x_md.o(.text)
    TIM1_UP_IRQHandler                       0x0800011b   Thumb Code     0  startup_stm32f10x_md.o(.text)
    TIM2_IRQHandler                          0x0800011b   Thumb Code     0  startup_stm32f10x_md.o(.text)
    TIM3_IRQHandler                          0x0800011b   Thumb Code     0  startup_stm32f10x_md.o(.text)
    TIM4_IRQHandler                          0x0800011b   Thumb Code     0  startup_stm32f10x_md.o(.text)
    USART2_IRQHandler                        0x0800011b   Thumb Code     0  startup_stm32f10x_md.o(.text)
    USART3_IRQHandler                        0x0800011b   Thumb Code     0  startup_stm32f10x_md.o(.text)
    USBWakeUp_IRQHandler                     0x0800011b   Thumb Code     0  startup_stm32f10x_md.o(.text)
    USB_HP_CAN1_TX_IRQHandler                0x0800011b   Thumb Code     0  startup_stm32f10x_md.o(.text)
    USB_LP_CAN1_RX0_IRQHandler               0x0800011b   Thumb Code     0  startup_stm32f10x_md.o(.text)
    WWDG_IRQHandler                          0x0800011b   Thumb Code     0  startup_stm32f10x_md.o(.text)
    __aeabi_memcpy                           0x08000125   Thumb Code    36  memcpya.o(.text)
    __aeabi_memcpy4                          0x08000125   Thumb Code     0  memcpya.o(.text)
    __aeabi_memcpy8                          0x08000125   Thumb Code     0  memcpya.o(.text)
    __aeabi_memset                           0x08000149   Thumb Code    14  memseta.o(.text)
    __aeabi_memset4                          0x08000149   Thumb Code     0  memseta.o(.text)
    __aeabi_memset8                          0x08000149   Thumb Code     0  memseta.o(.text)
    __aeabi_memclr                           0x08000157   Thumb Code     4  memseta.o(.text)
    __aeabi_memclr4                          0x08000157   Thumb Code     0  memseta.o(.text)
    __aeabi_memclr8                          0x08000157   Thumb Code     0  memseta.o(.text)
    _memset$wrapper                          0x0800015b   Thumb Code    18  memseta.o(.text)
    strcat                                   0x0800016d   Thumb Code    24  strcat.o(.text)
    strchr                                   0x08000185   Thumb Code    20  strchr.o(.text)
    strlen                                   0x08000199   Thumb Code    14  strlen.o(.text)
    strcmp                                   0x080001a7   Thumb Code    28  strcmp.o(.text)
    memcmp                                   0x080001c3   Thumb Code    26  memcmp.o(.text)
    strcpy                                   0x080001dd   Thumb Code    18  strcpy.o(.text)
    __0sscanf                                0x080001f1   Thumb Code    48  __0sscanf.o(.text)
    _scanf_string                            0x08000229   Thumb Code   224  _scanf_str.o(.text)
    __aeabi_dadd                             0x08000309   Thumb Code   322  dadd.o(.text)
    __aeabi_dsub                             0x0800044b   Thumb Code     6  dadd.o(.text)
    __aeabi_drsub                            0x08000451   Thumb Code     6  dadd.o(.text)
    __aeabi_dmul                             0x08000457   Thumb Code   228  dmul.o(.text)
    __aeabi_ddiv                             0x0800053b   Thumb Code   222  ddiv.o(.text)
    __aeabi_cdrcmple                         0x08000619   Thumb Code    48  cdrcmple.o(.text)
    __aeabi_uidiv                            0x08000649   Thumb Code     0  uidiv.o(.text)
    __aeabi_uidivmod                         0x08000649   Thumb Code    44  uidiv.o(.text)
    __aeabi_uldivmod                         0x08000675   Thumb Code    98  uldiv.o(.text)
    __aeabi_llsl                             0x080006d7   Thumb Code    30  llshl.o(.text)
    _ll_shift_l                              0x080006d7   Thumb Code     0  llshl.o(.text)
    __aeabi_llsr                             0x080006f5   Thumb Code    32  llushr.o(.text)
    _ll_ushift_r                             0x080006f5   Thumb Code     0  llushr.o(.text)
    __aeabi_lasr                             0x08000715   Thumb Code    36  llsshr.o(.text)
    _ll_sshift_r                             0x08000715   Thumb Code     0  llsshr.o(.text)
    __vfscanf_char                           0x08000745   Thumb Code    20  scanf_char.o(.text)
    _sgetc                                   0x08000761   Thumb Code    30  _sgetc.o(.text)
    _sbackspace                              0x0800077f   Thumb Code    34  _sgetc.o(.text)
    __I$use$fp                               0x080007a1   Thumb Code     0  iusefp.o(.text)
    _double_round                            0x080007a1   Thumb Code    30  depilogue.o(.text)
    _double_epilogue                         0x080007bf   Thumb Code   156  depilogue.o(.text)
    __aeabi_d2ulz                            0x0800085b   Thumb Code    48  dfixul.o(.text)
    __scatterload                            0x0800088d   Thumb Code    28  init.o(.text)
    __scatterload_rt2                        0x0800088d   Thumb Code     0  init.o(.text)
    isspace                                  0x080008b1   Thumb Code    10  isspace_c.o(.text)
    __vfscanf                                0x080008bd   Thumb Code   808  _scanf.o(.text)
    __ctype_lookup                           0x08000be9   Thumb Code    34  ctype_c.o(.text)
    BusFault_Handler                         0x08000c11   Thumb Code     4  stm32f10x_it.o(i.BusFault_Handler)
    DebugMon_Handler                         0x08000c15   Thumb Code     2  stm32f10x_it.o(i.DebugMon_Handler)
    FatFs_Check                              0x08000c19   Thumb Code    64  fatfs_system.o(i.FatFs_Check)
    GPIO_Init                                0x08000ced   Thumb Code   278  stm32f10x_gpio.o(i.GPIO_Init)
    GPIO_ReadInputDataBit                    0x08000e03   Thumb Code    18  stm32f10x_gpio.o(i.GPIO_ReadInputDataBit)
    GPIO_ResetBits                           0x08000e15   Thumb Code     4  stm32f10x_gpio.o(i.GPIO_ResetBits)
    GPIO_SetBits                             0x08000e19   Thumb Code     4  stm32f10x_gpio.o(i.GPIO_SetBits)
    GPIO_WriteBit                            0x08000e1d   Thumb Code    10  stm32f10x_gpio.o(i.GPIO_WriteBit)
    HardFault_Handler                        0x08000e27   Thumb Code     4  stm32f10x_it.o(i.HardFault_Handler)
    MemManage_Handler                        0x08000e2b   Thumb Code     4  stm32f10x_it.o(i.MemManage_Handler)
    NMI_Handler                              0x08000e2f   Thumb Code     2  stm32f10x_it.o(i.NMI_Handler)
    NVIC_Init                                0x08000e31   Thumb Code   100  misc.o(i.NVIC_Init)
    NVIC_PriorityGroupConfig                 0x08000ea1   Thumb Code    10  misc.o(i.NVIC_PriorityGroupConfig)
    OLED_Clear                               0x08000eb5   Thumb Code    36  oled.o(i.OLED_Clear)
    OLED_ClearArea                           0x08000edd   Thumb Code   162  oled.o(i.OLED_ClearArea)
    OLED_GPIO_Init                           0x08000f85   Thumb Code    92  oled.o(i.OLED_GPIO_Init)
    OLED_I2C_SendByte                        0x08000fe5   Thumb Code    62  oled.o(i.OLED_I2C_SendByte)
    OLED_I2C_Start                           0x08001023   Thumb Code    28  oled.o(i.OLED_I2C_Start)
    OLED_I2C_Stop                            0x0800103f   Thumb Code    22  oled.o(i.OLED_I2C_Stop)
    OLED_Init                                0x08001055   Thumb Code   154  oled.o(i.OLED_Init)
    OLED_SetCursor                           0x080010ef   Thumb Code    34  oled.o(i.OLED_SetCursor)
    OLED_ShowChar                            0x08001111   Thumb Code    74  oled.o(i.OLED_ShowChar)
    OLED_ShowImage                           0x08001165   Thumb Code   296  oled.o(i.OLED_ShowImage)
    OLED_ShowString                          0x08001291   Thumb Code    46  oled.o(i.OLED_ShowString)
    OLED_Update                              0x080012c1   Thumb Code    36  oled.o(i.OLED_Update)
    OLED_W_SCL                               0x080012e9   Thumb Code    18  oled.o(i.OLED_W_SCL)
    OLED_W_SDA                               0x08001301   Thumb Code    18  oled.o(i.OLED_W_SDA)
    OLED_WriteCommand                        0x08001319   Thumb Code    32  oled.o(i.OLED_WriteCommand)
    OLED_WriteData                           0x08001339   Thumb Code    46  oled.o(i.OLED_WriteData)
    PendSV_Handler                           0x08001367   Thumb Code     2  stm32f10x_it.o(i.PendSV_Handler)
    RCC_APB2PeriphClockCmd                   0x08001369   Thumb Code    26  stm32f10x_rcc.o(i.RCC_APB2PeriphClockCmd)
    RCC_GetClocksFreq                        0x08001389   Thumb Code   192  stm32f10x_rcc.o(i.RCC_GetClocksFreq)
    SPI1_ReadWriteByte                       0x0800145d   Thumb Code   124  spi_flash.o(i.SPI1_ReadWriteByte)
    SVC_Handler                              0x080014dd   Thumb Code     2  stm32f10x_it.o(i.SVC_Handler)
    Serial_Init                              0x080014e1   Thumb Code   174  serial.o(i.Serial_Init)
    SysTick_Handler                          0x08001681   Thumb Code     2  stm32f10x_it.o(i.SysTick_Handler)
    SystemInit                               0x08001685   Thumb Code    78  system_stm32f10x.o(i.SystemInit)
    USART1_IRQHandler                        0x080016e5   Thumb Code   140  serial.o(i.USART1_IRQHandler)
    USART_ClearITPendingBit                  0x08001785   Thumb Code    30  stm32f10x_usart.o(i.USART_ClearITPendingBit)
    USART_Cmd                                0x080017a3   Thumb Code    24  stm32f10x_usart.o(i.USART_Cmd)
    USART_GetFlagStatus                      0x080017bb   Thumb Code    26  stm32f10x_usart.o(i.USART_GetFlagStatus)
    USART_GetITStatus                        0x080017d5   Thumb Code    84  stm32f10x_usart.o(i.USART_GetITStatus)
    USART_ITConfig                           0x08001829   Thumb Code    74  stm32f10x_usart.o(i.USART_ITConfig)
    USART_Init                               0x08001875   Thumb Code   210  stm32f10x_usart.o(i.USART_Init)
    USART_ReceiveData                        0x0800194d   Thumb Code    10  stm32f10x_usart.o(i.USART_ReceiveData)
    USART_SendData                           0x08001957   Thumb Code     8  stm32f10x_usart.o(i.USART_SendData)
    UsageFault_Handler                       0x0800195f   Thumb Code     4  stm32f10x_it.o(i.UsageFault_Handler)
    W25QXX_Erase_Sector                      0x08001965   Thumb Code    66  spi_flash.o(i.W25QXX_Erase_Sector)
    W25QXX_Init                              0x080019ad   Thumb Code   114  spi_flash.o(i.W25QXX_Init)
    W25QXX_Read                              0x08001a29   Thumb Code    82  spi_flash.o(i.W25QXX_Read)
    W25QXX_ReadID                            0x08001a81   Thumb Code    68  spi_flash.o(i.W25QXX_ReadID)
    W25QXX_ReadSR                            0x08001ac9   Thumb Code    42  spi_flash.o(i.W25QXX_ReadSR)
    W25QXX_Wait_Busy                         0x08001af9   Thumb Code    18  spi_flash.o(i.W25QXX_Wait_Busy)
    W25QXX_Write                             0x08001b0b   Thumb Code   290  spi_flash.o(i.W25QXX_Write)
    W25QXX_Write_Enable                      0x08001c2d   Thumb Code    30  spi_flash.o(i.W25QXX_Write_Enable)
    W25QXX_Write_Page                        0x08001c51   Thumb Code    98  spi_flash.o(i.W25QXX_Write_Page)
    __0printf                                0x08001cb9   Thumb Code    22  printfa.o(i.__0printf)
    __1printf                                0x08001cb9   Thumb Code     0  printfa.o(i.__0printf)
    __2printf                                0x08001cb9   Thumb Code     0  printfa.o(i.__0printf)
    __c89printf                              0x08001cb9   Thumb Code     0  printfa.o(i.__0printf)
    printf                                   0x08001cb9   Thumb Code     0  printfa.o(i.__0printf)
    __0snprintf                              0x08001cd9   Thumb Code    44  printfa.o(i.__0snprintf)
    __1snprintf                              0x08001cd9   Thumb Code     0  printfa.o(i.__0snprintf)
    __2snprintf                              0x08001cd9   Thumb Code     0  printfa.o(i.__0snprintf)
    __c89snprintf                            0x08001cd9   Thumb Code     0  printfa.o(i.__0snprintf)
    snprintf                                 0x08001cd9   Thumb Code     0  printfa.o(i.__0snprintf)
    __scatterload_copy                       0x08001d09   Thumb Code    14  handlers.o(i.__scatterload_copy)
    __scatterload_null                       0x08001d17   Thumb Code     2  handlers.o(i.__scatterload_null)
    __scatterload_zeroinit                   0x08001d19   Thumb Code    14  handlers.o(i.__scatterload_zeroinit)
    delay_us                                 0x08002c7f   Thumb Code    14  spi_flash.o(i.delay_us)
    disk_initialize                          0x0800323f   Thumb Code    44  diskio.o(i.disk_initialize)
    disk_ioctl                               0x0800326b   Thumb Code    58  diskio.o(i.disk_ioctl)
    disk_read                                0x080032a5   Thumb Code    54  diskio.o(i.disk_read)
    disk_status                              0x080032db   Thumb Code    40  diskio.o(i.disk_status)
    disk_write                               0x08003303   Thumb Code    70  diskio.o(i.disk_write)
    f_close                                  0x08003349   Thumb Code    34  ff.o(i.f_close)
    f_closedir                               0x0800336b   Thumb Code    24  ff.o(i.f_closedir)
    f_mkdir                                  0x08003385   Thumb Code   266  ff.o(i.f_mkdir)
    f_mkdir_wrapper                          0x08003495   Thumb Code    32  fatfs_system.o(i.f_mkdir_wrapper)
    f_mkfs                                   0x080034f1   Thumb Code  1726  ff.o(i.f_mkfs)
    f_mount                                  0x08003be5   Thumb Code    80  ff.o(i.f_mount)
    f_open                                   0x08003c39   Thumb Code   520  ff.o(i.f_open)
    f_opendir                                0x08003e45   Thumb Code   120  ff.o(i.f_opendir)
    f_read                                   0x08003ebd   Thumb Code   462  ff.o(i.f_read)
    f_readdir                                0x0800408b   Thumb Code    92  ff.o(i.f_readdir)
    f_sync                                   0x080040e9   Thumb Code   156  ff.o(i.f_sync)
    f_unlink                                 0x08004189   Thumb Code   180  ff.o(i.f_unlink)
    f_unlink_wrapper                         0x0800423d   Thumb Code    32  fatfs_system.o(i.f_unlink_wrapper)
    f_write                                  0x08004291   Thumb Code   532  ff.o(i.f_write)
    ff_oem2uni                               0x080044a5   Thumb Code    38  ffunicode.o(i.ff_oem2uni)
    ff_uni2oem                               0x080044d1   Thumb Code    58  ffunicode.o(i.ff_uni2oem)
    ff_wtoupper                              0x08004511   Thumb Code   166  ffunicode.o(i.ff_wtoupper)
    fputc                                    0x080046e1   Thumb Code    32  serial.o(i.fputc)
    list_dir                                 0x08004b25   Thumb Code    96  fatfs_system.o(i.list_dir)
    main                                     0x08004bb1   Thumb Code    56  main.o(i.main)
    process_command                          0x08004fb1   Thumb Code   212  fatfs_system.o(i.process_command)
    read_file                                0x0800533d   Thumb Code    64  fatfs_system.o(i.read_file)
    write_file                               0x08005611   Thumb Code    82  fatfs_system.o(i.write_file)
    OLED_F8x16                               0x080056c4   Data        1520  oled_data.o(.constdata)
    OLED_F6x8                                0x08005cb4   Data         570  oled_data.o(.constdata)
    OLED_CF16x16                             0x08005eee   Data         468  oled_data.o(.constdata)
    Diode                                    0x080060c2   Data          32  oled_data.o(.constdata)
    __ctype_categories                       0x0800654e   Data          64  ctype_c.o(.constdata)
    Region$$Table$$Base                      0x08006590   Number         0  anon$$obj.o(Region$$Table)
    Region$$Table$$Limit                     0x080065b0   Number         0  anon$$obj.o(Region$$Table)
    Serial_RxFlag                            0x20000014   Data           1  serial.o(.data)
    W25QXX_TYPE                              0x20000018   Data           2  spi_flash.o(.data)
    __stdout                                 0x20000024   Data           4  stdout.o(.data)
    OLED_DisplayBuf                          0x20000028   Data        1024  oled.o(.bss)
    Serial_RxPacket                          0x20000428   Data         100  serial.o(.bss)
    sFLASH_FatFs                             0x2000048c   Data        4152  fatfs_system.o(.bss)
    file                                     0x200014c4   Data        4136  fatfs_system.o(.bss)
    work                                     0x200024ec   Data        4096  fatfs_system.o(.bss)
    __initial_sp                             0x200038f0   Data           0  startup_stm32f10x_md.o(STACK)



==============================================================================

Memory Map of the image

  Image Entry point : 0x080000ed

  Load Region LR_IROM1 (Base: 0x08000000, Size: 0x000065d8, Max: 0x00010000, ABSOLUTE)

    Execution Region ER_IROM1 (Exec base: 0x08000000, Load base: 0x08000000, Size: 0x000065b0, Max: 0x00010000, ABSOLUTE)

    Exec Addr    Load Addr    Size         Type   Attr      Idx    E Section Name        Object

    0x08000000   0x08000000   0x000000ec   Data   RO            3    RESET               startup_stm32f10x_md.o
    0x080000ec   0x080000ec   0x00000000   Code   RO         4189  * .ARM.Collect$$$$00000000  mc_w.l(entry.o)
    0x080000ec   0x080000ec   0x00000004   Code   RO         4526    .ARM.Collect$$$$00000001  mc_w.l(entry2.o)
    0x080000f0   0x080000f0   0x00000004   Code   RO         4529    .ARM.Collect$$$$00000004  mc_w.l(entry5.o)
    0x080000f4   0x080000f4   0x00000000   Code   RO         4531    .ARM.Collect$$$$00000008  mc_w.l(entry7b.o)
    0x080000f4   0x080000f4   0x00000000   Code   RO         4533    .ARM.Collect$$$$0000000A  mc_w.l(entry8b.o)
    0x080000f4   0x080000f4   0x00000008   Code   RO         4534    .ARM.Collect$$$$0000000B  mc_w.l(entry9a.o)
    0x080000fc   0x080000fc   0x00000000   Code   RO         4536    .ARM.Collect$$$$0000000D  mc_w.l(entry10a.o)
    0x080000fc   0x080000fc   0x00000000   Code   RO         4538    .ARM.Collect$$$$0000000F  mc_w.l(entry11a.o)
    0x080000fc   0x080000fc   0x00000004   Code   RO         4527    .ARM.Collect$$$$00002712  mc_w.l(entry2.o)
    0x08000100   0x08000100   0x00000024   Code   RO            4    .text               startup_stm32f10x_md.o
    0x08000124   0x08000124   0x00000024   Code   RO         4192    .text               mc_w.l(memcpya.o)
    0x08000148   0x08000148   0x00000024   Code   RO         4194    .text               mc_w.l(memseta.o)
    0x0800016c   0x0800016c   0x00000018   Code   RO         4196    .text               mc_w.l(strcat.o)
    0x08000184   0x08000184   0x00000014   Code   RO         4198    .text               mc_w.l(strchr.o)
    0x08000198   0x08000198   0x0000000e   Code   RO         4200    .text               mc_w.l(strlen.o)
    0x080001a6   0x080001a6   0x0000001c   Code   RO         4202    .text               mc_w.l(strcmp.o)
    0x080001c2   0x080001c2   0x0000001a   Code   RO         4204    .text               mc_w.l(memcmp.o)
    0x080001dc   0x080001dc   0x00000012   Code   RO         4206    .text               mc_w.l(strcpy.o)
    0x080001ee   0x080001ee   0x00000002   PAD
    0x080001f0   0x080001f0   0x00000038   Code   RO         4471    .text               mc_w.l(__0sscanf.o)
    0x08000228   0x08000228   0x000000e0   Code   RO         4473    .text               mc_w.l(_scanf_str.o)
    0x08000308   0x08000308   0x0000014e   Code   RO         4477    .text               mf_w.l(dadd.o)
    0x08000456   0x08000456   0x000000e4   Code   RO         4479    .text               mf_w.l(dmul.o)
    0x0800053a   0x0800053a   0x000000de   Code   RO         4481    .text               mf_w.l(ddiv.o)
    0x08000618   0x08000618   0x00000030   Code   RO         4495    .text               mf_w.l(cdrcmple.o)
    0x08000648   0x08000648   0x0000002c   Code   RO         4541    .text               mc_w.l(uidiv.o)
    0x08000674   0x08000674   0x00000062   Code   RO         4543    .text               mc_w.l(uldiv.o)
    0x080006d6   0x080006d6   0x0000001e   Code   RO         4545    .text               mc_w.l(llshl.o)
    0x080006f4   0x080006f4   0x00000020   Code   RO         4547    .text               mc_w.l(llushr.o)
    0x08000714   0x08000714   0x00000024   Code   RO         4549    .text               mc_w.l(llsshr.o)
    0x08000738   0x08000738   0x00000028   Code   RO         4558    .text               mc_w.l(scanf_char.o)
    0x08000760   0x08000760   0x00000040   Code   RO         4560    .text               mc_w.l(_sgetc.o)
    0x080007a0   0x080007a0   0x00000000   Code   RO         4562    .text               mc_w.l(iusefp.o)
    0x080007a0   0x080007a0   0x000000ba   Code   RO         4565    .text               mf_w.l(depilogue.o)
    0x0800085a   0x0800085a   0x00000030   Code   RO         4569    .text               mf_w.l(dfixul.o)
    0x0800088a   0x0800088a   0x00000002   PAD
    0x0800088c   0x0800088c   0x00000024   Code   RO         4575    .text               mc_w.l(init.o)
    0x080008b0   0x080008b0   0x0000000a   Code   RO         4577    .text               mc_w.l(isspace_c.o)
    0x080008ba   0x080008ba   0x00000002   PAD
    0x080008bc   0x080008bc   0x0000032c   Code   RO         4579    .text               mc_w.l(_scanf.o)
    0x08000be8   0x08000be8   0x00000028   Code   RO         4583    .text               mc_w.l(ctype_c.o)
    0x08000c10   0x08000c10   0x00000004   Code   RO         3235    i.BusFault_Handler  stm32f10x_it.o
    0x08000c14   0x08000c14   0x00000002   Code   RO         3236    i.DebugMon_Handler  stm32f10x_it.o
    0x08000c16   0x08000c16   0x00000002   PAD
    0x08000c18   0x08000c18   0x000000d4   Code   RO         3737    i.FatFs_Check       fatfs_system.o
    0x08000cec   0x08000cec   0x00000116   Code   RO         1347    i.GPIO_Init         stm32f10x_gpio.o
    0x08000e02   0x08000e02   0x00000012   Code   RO         1351    i.GPIO_ReadInputDataBit  stm32f10x_gpio.o
    0x08000e14   0x08000e14   0x00000004   Code   RO         1354    i.GPIO_ResetBits    stm32f10x_gpio.o
    0x08000e18   0x08000e18   0x00000004   Code   RO         1355    i.GPIO_SetBits      stm32f10x_gpio.o
    0x08000e1c   0x08000e1c   0x0000000a   Code   RO         1358    i.GPIO_WriteBit     stm32f10x_gpio.o
    0x08000e26   0x08000e26   0x00000004   Code   RO         3237    i.HardFault_Handler  stm32f10x_it.o
    0x08000e2a   0x08000e2a   0x00000004   Code   RO         3238    i.MemManage_Handler  stm32f10x_it.o
    0x08000e2e   0x08000e2e   0x00000002   Code   RO         3239    i.NMI_Handler       stm32f10x_it.o
    0x08000e30   0x08000e30   0x00000070   Code   RO          137    i.NVIC_Init         misc.o
    0x08000ea0   0x08000ea0   0x00000014   Code   RO          138    i.NVIC_PriorityGroupConfig  misc.o
    0x08000eb4   0x08000eb4   0x00000028   Code   RO         3298    i.OLED_Clear        oled.o
    0x08000edc   0x08000edc   0x000000a8   Code   RO         3299    i.OLED_ClearArea    oled.o
    0x08000f84   0x08000f84   0x00000060   Code   RO         3307    i.OLED_GPIO_Init    oled.o
    0x08000fe4   0x08000fe4   0x0000003e   Code   RO         3309    i.OLED_I2C_SendByte  oled.o
    0x08001022   0x08001022   0x0000001c   Code   RO         3310    i.OLED_I2C_Start    oled.o
    0x0800103e   0x0800103e   0x00000016   Code   RO         3311    i.OLED_I2C_Stop     oled.o
    0x08001054   0x08001054   0x0000009a   Code   RO         3312    i.OLED_Init         oled.o
    0x080010ee   0x080010ee   0x00000022   Code   RO         3318    i.OLED_SetCursor    oled.o
    0x08001110   0x08001110   0x00000054   Code   RO         3320    i.OLED_ShowChar     oled.o
    0x08001164   0x08001164   0x0000012c   Code   RO         3324    i.OLED_ShowImage    oled.o
    0x08001290   0x08001290   0x0000002e   Code   RO         3327    i.OLED_ShowString   oled.o
    0x080012be   0x080012be   0x00000002   PAD
    0x080012c0   0x080012c0   0x00000028   Code   RO         3328    i.OLED_Update       oled.o
    0x080012e8   0x080012e8   0x00000018   Code   RO         3330    i.OLED_W_SCL        oled.o
    0x08001300   0x08001300   0x00000018   Code   RO         3331    i.OLED_W_SDA        oled.o
    0x08001318   0x08001318   0x00000020   Code   RO         3332    i.OLED_WriteCommand  oled.o
    0x08001338   0x08001338   0x0000002e   Code   RO         3333    i.OLED_WriteData    oled.o
    0x08001366   0x08001366   0x00000002   Code   RO         3240    i.PendSV_Handler    stm32f10x_it.o
    0x08001368   0x08001368   0x00000020   Code   RO         1777    i.RCC_APB2PeriphClockCmd  stm32f10x_rcc.o
    0x08001388   0x08001388   0x000000d4   Code   RO         1785    i.RCC_GetClocksFreq  stm32f10x_rcc.o
    0x0800145c   0x0800145c   0x00000080   Code   RO         3623    i.SPI1_ReadWriteByte  spi_flash.o
    0x080014dc   0x080014dc   0x00000002   Code   RO         3241    i.SVC_Handler       stm32f10x_it.o
    0x080014de   0x080014de   0x00000002   PAD
    0x080014e0   0x080014e0   0x000000b8   Code   RO         3562    i.Serial_Init       serial.o
    0x08001598   0x08001598   0x00000008   Code   RO           24    i.SetSysClock       system_stm32f10x.o
    0x080015a0   0x080015a0   0x000000e0   Code   RO           25    i.SetSysClockTo72   system_stm32f10x.o
    0x08001680   0x08001680   0x00000002   Code   RO         3242    i.SysTick_Handler   stm32f10x_it.o
    0x08001682   0x08001682   0x00000002   PAD
    0x08001684   0x08001684   0x00000060   Code   RO           27    i.SystemInit        system_stm32f10x.o
    0x080016e4   0x080016e4   0x000000a0   Code   RO         3568    i.USART1_IRQHandler  serial.o
    0x08001784   0x08001784   0x0000001e   Code   RO         2957    i.USART_ClearITPendingBit  stm32f10x_usart.o
    0x080017a2   0x080017a2   0x00000018   Code   RO         2960    i.USART_Cmd         stm32f10x_usart.o
    0x080017ba   0x080017ba   0x0000001a   Code   RO         2963    i.USART_GetFlagStatus  stm32f10x_usart.o
    0x080017d4   0x080017d4   0x00000054   Code   RO         2964    i.USART_GetITStatus  stm32f10x_usart.o
    0x08001828   0x08001828   0x0000004a   Code   RO         2966    i.USART_ITConfig    stm32f10x_usart.o
    0x08001872   0x08001872   0x00000002   PAD
    0x08001874   0x08001874   0x000000d8   Code   RO         2967    i.USART_Init        stm32f10x_usart.o
    0x0800194c   0x0800194c   0x0000000a   Code   RO         2974    i.USART_ReceiveData  stm32f10x_usart.o
    0x08001956   0x08001956   0x00000008   Code   RO         2977    i.USART_SendData    stm32f10x_usart.o
    0x0800195e   0x0800195e   0x00000004   Code   RO         3243    i.UsageFault_Handler  stm32f10x_it.o
    0x08001962   0x08001962   0x00000002   PAD
    0x08001964   0x08001964   0x00000048   Code   RO         3625    i.W25QXX_Erase_Sector  spi_flash.o
    0x080019ac   0x080019ac   0x0000007c   Code   RO         3626    i.W25QXX_Init       spi_flash.o
    0x08001a28   0x08001a28   0x00000058   Code   RO         3628    i.W25QXX_Read       spi_flash.o
    0x08001a80   0x08001a80   0x00000048   Code   RO         3629    i.W25QXX_ReadID     spi_flash.o
    0x08001ac8   0x08001ac8   0x00000030   Code   RO         3630    i.W25QXX_ReadSR     spi_flash.o
    0x08001af8   0x08001af8   0x00000012   Code   RO         3632    i.W25QXX_Wait_Busy  spi_flash.o
    0x08001b0a   0x08001b0a   0x00000122   Code   RO         3633    i.W25QXX_Write      spi_flash.o
    0x08001c2c   0x08001c2c   0x00000024   Code   RO         3635    i.W25QXX_Write_Enable  spi_flash.o
    0x08001c50   0x08001c50   0x00000068   Code   RO         3637    i.W25QXX_Write_Page  spi_flash.o
    0x08001cb8   0x08001cb8   0x00000020   Code   RO         4443    i.__0printf         mc_w.l(printfa.o)
    0x08001cd8   0x08001cd8   0x00000030   Code   RO         4444    i.__0snprintf       mc_w.l(printfa.o)
    0x08001d08   0x08001d08   0x0000000e   Code   RO         4588    i.__scatterload_copy  mc_w.l(handlers.o)
    0x08001d16   0x08001d16   0x00000002   Code   RO         4589    i.__scatterload_null  mc_w.l(handlers.o)
    0x08001d18   0x08001d18   0x0000000e   Code   RO         4590    i.__scatterload_zeroinit  mc_w.l(handlers.o)
    0x08001d26   0x08001d26   0x00000002   PAD
    0x08001d28   0x08001d28   0x00000184   Code   RO         4450    i._fp_digits        mc_w.l(printfa.o)
    0x08001eac   0x08001eac   0x000006dc   Code   RO         4451    i._printf_core      mc_w.l(printfa.o)
    0x08002588   0x08002588   0x00000024   Code   RO         4452    i._printf_post_padding  mc_w.l(printfa.o)
    0x080025ac   0x080025ac   0x0000002e   Code   RO         4453    i._printf_pre_padding  mc_w.l(printfa.o)
    0x080025da   0x080025da   0x00000016   Code   RO         4454    i._snputc           mc_w.l(printfa.o)
    0x080025f0   0x080025f0   0x000000e0   Code   RO         3836    i.check_fs          ff.o
    0x080026d0   0x080026d0   0x0000001a   Code   RO         3837    i.clst2sect         ff.o
    0x080026ea   0x080026ea   0x00000002   PAD
    0x080026ec   0x080026ec   0x00000098   Code   RO         3838    i.cmp_lfn           ff.o
    0x08002784   0x08002784   0x00000120   Code   RO         3839    i.create_chain      ff.o
    0x080028a4   0x080028a4   0x00000268   Code   RO         3840    i.create_name       ff.o
    0x08002b0c   0x08002b0c   0x0000015a   Code   RO         3841    i.create_partition  ff.o
    0x08002c66   0x08002c66   0x0000000c   Code   RO         3842    i.dbc_1st           ff.o
    0x08002c72   0x08002c72   0x0000000c   Code   RO         3843    i.dbc_2nd           ff.o
    0x08002c7e   0x08002c7e   0x0000000e   Code   RO         3639    i.delay_us          spi_flash.o
    0x08002c8c   0x08002c8c   0x00000060   Code   RO         3844    i.dir_alloc         ff.o
    0x08002cec   0x08002cec   0x0000005e   Code   RO         3845    i.dir_clear         ff.o
    0x08002d4a   0x08002d4a   0x000000fc   Code   RO         3846    i.dir_find          ff.o
    0x08002e46   0x08002e46   0x000000da   Code   RO         3847    i.dir_next          ff.o
    0x08002f20   0x08002f20   0x000000d2   Code   RO         3848    i.dir_read          ff.o
    0x08002ff2   0x08002ff2   0x00000146   Code   RO         3849    i.dir_register      ff.o
    0x08003138   0x08003138   0x00000060   Code   RO         3850    i.dir_remove        ff.o
    0x08003198   0x08003198   0x000000a6   Code   RO         3851    i.dir_sdi           ff.o
    0x0800323e   0x0800323e   0x0000002c   Code   RO         3791    i.disk_initialize   diskio.o
    0x0800326a   0x0800326a   0x0000003a   Code   RO         3792    i.disk_ioctl        diskio.o
    0x080032a4   0x080032a4   0x00000036   Code   RO         3793    i.disk_read         diskio.o
    0x080032da   0x080032da   0x00000028   Code   RO         3794    i.disk_status       diskio.o
    0x08003302   0x08003302   0x00000046   Code   RO         3795    i.disk_write        diskio.o
    0x08003348   0x08003348   0x00000022   Code   RO         3852    i.f_close           ff.o
    0x0800336a   0x0800336a   0x00000018   Code   RO         3853    i.f_closedir        ff.o
    0x08003382   0x08003382   0x00000002   PAD
    0x08003384   0x08003384   0x00000110   Code   RO         3856    i.f_mkdir           ff.o
    0x08003494   0x08003494   0x0000005c   Code   RO         3738    i.f_mkdir_wrapper   fatfs_system.o
    0x080034f0   0x080034f0   0x000006f4   Code   RO         3857    i.f_mkfs            ff.o
    0x08003be4   0x08003be4   0x00000054   Code   RO         3858    i.f_mount           ff.o
    0x08003c38   0x08003c38   0x0000020c   Code   RO         3859    i.f_open            ff.o
    0x08003e44   0x08003e44   0x00000078   Code   RO         3860    i.f_opendir         ff.o
    0x08003ebc   0x08003ebc   0x000001ce   Code   RO         3861    i.f_read            ff.o
    0x0800408a   0x0800408a   0x0000005c   Code   RO         3862    i.f_readdir         ff.o
    0x080040e6   0x080040e6   0x00000002   PAD
    0x080040e8   0x080040e8   0x000000a0   Code   RO         3865    i.f_sync            ff.o
    0x08004188   0x08004188   0x000000b4   Code   RO         3867    i.f_unlink          ff.o
    0x0800423c   0x0800423c   0x00000054   Code   RO         3739    i.f_unlink_wrapper  fatfs_system.o
    0x08004290   0x08004290   0x00000214   Code   RO         3868    i.f_write           ff.o
    0x080044a4   0x080044a4   0x0000002c   Code   RO         4153    i.ff_oem2uni        ffunicode.o
    0x080044d0   0x080044d0   0x00000040   Code   RO         4154    i.ff_uni2oem        ffunicode.o
    0x08004510   0x08004510   0x000000b0   Code   RO         4155    i.ff_wtoupper       ffunicode.o
    0x080045c0   0x080045c0   0x00000078   Code   RO         3869    i.find_volume       ff.o
    0x08004638   0x08004638   0x000000a8   Code   RO         3870    i.follow_path       ff.o
    0x080046e0   0x080046e0   0x00000024   Code   RO         3569    i.fputc             serial.o
    0x08004704   0x08004704   0x000000d4   Code   RO         3871    i.gen_numname       ff.o
    0x080047d8   0x080047d8   0x00000132   Code   RO         3872    i.get_fat           ff.o
    0x0800490a   0x0800490a   0x00000182   Code   RO         3873    i.get_fileinfo      ff.o
    0x08004a8c   0x08004a8c   0x0000004e   Code   RO         3874    i.get_ldnumber      ff.o
    0x08004ada   0x08004ada   0x00000026   Code   RO         3875    i.ld_clust          ff.o
    0x08004b00   0x08004b00   0x00000018   Code   RO         3876    i.ld_dword          ff.o
    0x08004b18   0x08004b18   0x0000000c   Code   RO         3877    i.ld_word           ff.o
    0x08004b24   0x08004b24   0x0000008c   Code   RO         3740    i.list_dir          fatfs_system.o
    0x08004bb0   0x08004bb0   0x0000004c   Code   RO         3196    i.main              main.o
    0x08004bfc   0x08004bfc   0x000002f4   Code   RO         3878    i.mount_volume      ff.o
    0x08004ef0   0x08004ef0   0x00000034   Code   RO         3879    i.move_window       ff.o
    0x08004f24   0x08004f24   0x0000008c   Code   RO         3880    i.pick_lfn          ff.o
    0x08004fb0   0x08004fb0   0x00000138   Code   RO         3741    i.process_command   fatfs_system.o
    0x080050e8   0x080050e8   0x00000190   Code   RO         3881    i.put_fat           ff.o
    0x08005278   0x08005278   0x00000080   Code   RO         3882    i.put_lfn           ff.o
    0x080052f8   0x080052f8   0x00000042   Code   RO         3883    i.put_utf           ff.o
    0x0800533a   0x0800533a   0x00000002   PAD
    0x0800533c   0x0800533c   0x00000070   Code   RO         3742    i.read_file         fatfs_system.o
    0x080053ac   0x080053ac   0x0000009a   Code   RO         3884    i.remove_chain      ff.o
    0x08005446   0x08005446   0x00000024   Code   RO         3885    i.st_clust          ff.o
    0x0800546a   0x0800546a   0x00000018   Code   RO         3886    i.st_dword          ff.o
    0x08005482   0x08005482   0x0000000c   Code   RO         3887    i.st_word           ff.o
    0x0800548e   0x0800548e   0x00000020   Code   RO         3888    i.sum_sfn           ff.o
    0x080054ae   0x080054ae   0x00000002   PAD
    0x080054b0   0x080054b0   0x0000008c   Code   RO         3889    i.sync_fs           ff.o
    0x0800553c   0x0800553c   0x0000004a   Code   RO         3890    i.sync_window       ff.o
    0x08005586   0x08005586   0x0000004c   Code   RO         3891    i.tchar2uni         ff.o
    0x080055d2   0x080055d2   0x0000003c   Code   RO         3892    i.validate          ff.o
    0x0800560e   0x0800560e   0x00000002   PAD
    0x08005610   0x08005610   0x000000b4   Code   RO         3743    i.write_file        fatfs_system.o
    0x080056c4   0x080056c4   0x00000a1e   Data   RO         3550    .constdata          oled_data.o
    0x080060e2   0x080060e2   0x00000002   PAD
    0x080060e4   0x080060e4   0x000000bc   Data   RO         3893    .constdata          ff.o
    0x080061a0   0x080061a0   0x000003ae   Data   RO         4156    .constdata          ffunicode.o
    0x0800654e   0x0800654e   0x00000040   Data   RO         4584    .constdata          mc_w.l(ctype_c.o)
    0x0800658e   0x0800658e   0x00000002   PAD
    0x08006590   0x08006590   0x00000020   Data   RO         4586    Region$$Table       anon$$obj.o


    Execution Region RW_IRAM1 (Exec base: 0x20000000, Load base: 0x080065b0, Size: 0x000038f0, Max: 0x00005000, ABSOLUTE)

    Exec Addr    Load Addr    Size         Type   Attr      Idx    E Section Name        Object

    0x20000000   0x080065b0   0x00000014   Data   RW         1805    .data               stm32f10x_rcc.o
    0x20000014   0x080065c4   0x00000003   Data   RW         3571    .data               serial.o
    0x20000017   0x080065c7   0x00000001   PAD
    0x20000018   0x080065c8   0x00000002   Data   RW         3640    .data               spi_flash.o
    0x2000001a   0x080065ca   0x00000002   PAD
    0x2000001c   0x080065cc   0x00000006   Data   RW         3894    .data               ff.o
    0x20000022   0x080065d2   0x00000002   PAD
    0x20000024   0x080065d4   0x00000004   Data   RW         4540    .data               mc_w.l(stdout.o)
    0x20000028        -       0x00000400   Zero   RW         3335    .bss                oled.o
    0x20000428        -       0x00000064   Zero   RW         3570    .bss                serial.o
    0x2000048c        -       0x00003060   Zero   RW         3744    .bss                fatfs_system.o
    0x200034ec   0x080065d8   0x00000004   PAD
    0x200034f0        -       0x00000400   Zero   RW            1    STACK               startup_stm32f10x_md.o


==============================================================================

Image component sizes


      Code (inc. data)   RO Data    RW Data    ZI Data      Debug   Object Name

         0          0          0          0          0       4508   core_cm3.o
       266          0          0          0          0       6490   diskio.o
      1132        550          0          0      12384       4790   fatfs_system.o
     10892        194        188          6          0      55832   ff.o
       284         32        942          0          0       2372   ffunicode.o
        76         20          0          0          0       4067   main.o
       132         22          0          0          0     204587   misc.o
      1200         44          0          0       1024       9071   oled.o
         0          0       2590          0          0        990   oled_data.o
       380         34          0          3        100       2282   serial.o
       994         48          0          2          0       6492   spi_flash.o
        36          8        236          0       1024        780   startup_stm32f10x_md.o
         0          0          0          0          0       1624   stm32f10x_adc.o
       314          0          0          0          0      12104   stm32f10x_gpio.o
        26          0          0          0          0       3442   stm32f10x_it.o
       244         26          0         20          0      12273   stm32f10x_rcc.o
       472          6          0          0          0      12147   stm32f10x_usart.o
       328         28          0          0          0      24661   system_stm32f10x.o

    ----------------------------------------------------------------------
     16800       1012       3990         36      14536     368512   Object Totals
         0          0         32          0          0          0   (incl. Generated)
        24          0          2          5          4          0   (incl. Padding)

    ----------------------------------------------------------------------

      Code (inc. data)   RO Data    RW Data    ZI Data      Debug   Library Member Name

        56          8          0          0          0         84   __0sscanf.o
       812          4          0          0          0        112   _scanf.o
       224          0          0          0          0         96   _scanf_str.o
        64          0          0          0          0         84   _sgetc.o
        40          6         64          0          0         68   ctype_c.o
         0          0          0          0          0          0   entry.o
         0          0          0          0          0          0   entry10a.o
         0          0          0          0          0          0   entry11a.o
         8          4          0          0          0          0   entry2.o
         4          0          0          0          0          0   entry5.o
         0          0          0          0          0          0   entry7b.o
         0          0          0          0          0          0   entry8b.o
         8          4          0          0          0          0   entry9a.o
        30          0          0          0          0          0   handlers.o
        36          8          0          0          0         68   init.o
        10          0          0          0          0         68   isspace_c.o
         0          0          0          0          0          0   iusefp.o
        30          0          0          0          0         68   llshl.o
        36          0          0          0          0         68   llsshr.o
        32          0          0          0          0         68   llushr.o
        26          0          0          0          0         80   memcmp.o
        36          0          0          0          0         68   memcpya.o
        36          0          0          0          0        108   memseta.o
      2328         94          0          0          0        604   printfa.o
        40          8          0          0          0         84   scanf_char.o
         0          0          0          4          0          0   stdout.o
        24          0          0          0          0         68   strcat.o
        20          0          0          0          0         68   strchr.o
        28          0          0          0          0         76   strcmp.o
        18          0          0          0          0         68   strcpy.o
        14          0          0          0          0         68   strlen.o
        44          0          0          0          0         80   uidiv.o
        98          0          0          0          0         92   uldiv.o
        48          0          0          0          0         68   cdrcmple.o
       334          0          0          0          0        148   dadd.o
       222          0          0          0          0        100   ddiv.o
       186          0          0          0          0        176   depilogue.o
        48          0          0          0          0         68   dfixul.o
       228          0          0          0          0         96   dmul.o

    ----------------------------------------------------------------------
      5176        136         66          4          0       2904   Library Totals
         8          0          2          0          0          0   (incl. Padding)

    ----------------------------------------------------------------------

      Code (inc. data)   RO Data    RW Data    ZI Data      Debug   Library Name

      4102        136         64          4          0       2248   mc_w.l
      1066          0          0          0          0        656   mf_w.l

    ----------------------------------------------------------------------
      5176        136         66          4          0       2904   Library Totals

    ----------------------------------------------------------------------

==============================================================================


      Code (inc. data)   RO Data    RW Data    ZI Data      Debug   

     21976       1148       4056         40      14536     363508   Grand Totals
     21976       1148       4056         40      14536     363508   ELF Image Totals
     21976       1148       4056         40          0          0   ROM Totals

==============================================================================

    Total RO  Size (Code + RO Data)                26032 (  25.42kB)
    Total RW  Size (RW Data + ZI Data)             14576 (  14.23kB)
    Total ROM Size (Code + RO Data + RW Data)      26072 (  25.46kB)

==============================================================================

